<?xml version="1.0"?>
<link_info>
   <banner>MSP430 Linker Unix v15.12.1.LTS</banner>
   <copyright>Copyright (c) 2003-2015 Texas Instruments Incorporated</copyright>
   <link_time>0x589469ba</link_time>
   <link_errors>0x0</link_errors>
   <output_file>APasdatahub.out</output_file>
   <entry_point>
      <name>_c_int00_noargs_noexit</name>
      <address>0xb0a6</address>
   </entry_point>
   <input_file_list>
      <input_file id="fl-2">
         <path>./Components/bsp/</path>
         <kind>object</kind>
         <file>bsp.obj</file>
         <name>bsp.obj</name>
      </input_file>
      <input_file id="fl-3">
         <path>./Components/mrfi/</path>
         <kind>object</kind>
         <file>mrfi.obj</file>
         <name>mrfi.obj</name>
      </input_file>
      <input_file id="fl-4">
         <path>./Components/simpliciti/network_applications/</path>
         <kind>object</kind>
         <file>nwk_freq.obj</file>
         <name>nwk_freq.obj</name>
      </input_file>
      <input_file id="fl-5">
         <path>./Components/simpliciti/network_applications/</path>
         <kind>object</kind>
         <file>nwk_ioctl.obj</file>
         <name>nwk_ioctl.obj</name>
      </input_file>
      <input_file id="fl-6">
         <path>./Components/simpliciti/network_applications/</path>
         <kind>object</kind>
         <file>nwk_join.obj</file>
         <name>nwk_join.obj</name>
      </input_file>
      <input_file id="fl-7">
         <path>./Components/simpliciti/network_applications/</path>
         <kind>object</kind>
         <file>nwk_link.obj</file>
         <name>nwk_link.obj</name>
      </input_file>
      <input_file id="fl-8">
         <path>./Components/simpliciti/network_applications/</path>
         <kind>object</kind>
         <file>nwk_mgmt.obj</file>
         <name>nwk_mgmt.obj</name>
      </input_file>
      <input_file id="fl-9">
         <path>./Components/simpliciti/network_applications/</path>
         <kind>object</kind>
         <file>nwk_ping.obj</file>
         <name>nwk_ping.obj</name>
      </input_file>
      <input_file id="fl-a">
         <path>./Components/simpliciti/network_applications/</path>
         <kind>object</kind>
         <file>nwk_security.obj</file>
         <name>nwk_security.obj</name>
      </input_file>
      <input_file id="fl-b">
         <path>./Components/simpliciti/nwk/</path>
         <kind>object</kind>
         <file>nwk.obj</file>
         <name>nwk.obj</name>
      </input_file>
      <input_file id="fl-c">
         <path>./Components/simpliciti/nwk/</path>
         <kind>object</kind>
         <file>nwk_QMgmt.obj</file>
         <name>nwk_QMgmt.obj</name>
      </input_file>
      <input_file id="fl-d">
         <path>./Components/simpliciti/nwk/</path>
         <kind>object</kind>
         <file>nwk_api.obj</file>
         <name>nwk_api.obj</name>
      </input_file>
      <input_file id="fl-e">
         <path>./Components/simpliciti/nwk/</path>
         <kind>object</kind>
         <file>nwk_frame.obj</file>
         <name>nwk_frame.obj</name>
      </input_file>
      <input_file id="fl-f">
         <path>./Components/simpliciti/nwk/</path>
         <kind>object</kind>
         <file>nwk_globals.obj</file>
         <name>nwk_globals.obj</name>
      </input_file>
      <input_file id="fl-10">
         <path>./Peer Applications/</path>
         <kind>object</kind>
         <file>SEH_AP_v1.5.obj</file>
         <name>SEH_AP_v1.5.obj</name>
      </input_file>
      <input_file id="fl-11">
         <path>./Peer Applications/</path>
         <kind>object</kind>
         <file>vlo_rand.obj</file>
         <name>vlo_rand.obj</name>
      </input_file>
      <input_file id="fl-2c">
         <path>/Applications/ti/ccsv6/tools/compiler/ti-cgt-msp430_15.12.1.LTS/lib/</path>
         <kind>archive</kind>
         <file>rts430_eabi.lib</file>
         <name>asr32.obj</name>
      </input_file>
      <input_file id="fl-2d">
         <path>/Applications/ti/ccsv6/tools/compiler/ti-cgt-msp430_15.12.1.LTS/lib/</path>
         <kind>archive</kind>
         <file>rts430_eabi.lib</file>
         <name>boot.obj</name>
      </input_file>
      <input_file id="fl-2e">
         <path>/Applications/ti/ccsv6/tools/compiler/ti-cgt-msp430_15.12.1.LTS/lib/</path>
         <kind>archive</kind>
         <file>rts430_eabi.lib</file>
         <name>boot_special.obj</name>
      </input_file>
      <input_file id="fl-2f">
         <path>/Applications/ti/ccsv6/tools/compiler/ti-cgt-msp430_15.12.1.LTS/lib/</path>
         <kind>archive</kind>
         <file>rts430_eabi.lib</file>
         <name>copy_decompress_none.obj</name>
      </input_file>
      <input_file id="fl-30">
         <path>/Applications/ti/ccsv6/tools/compiler/ti-cgt-msp430_15.12.1.LTS/lib/</path>
         <kind>archive</kind>
         <file>rts430_eabi.lib</file>
         <name>copy_decompress_rle.obj</name>
      </input_file>
      <input_file id="fl-31">
         <path>/Applications/ti/ccsv6/tools/compiler/ti-cgt-msp430_15.12.1.LTS/lib/</path>
         <kind>archive</kind>
         <file>rts430_eabi.lib</file>
         <name>copy_zero_init.obj</name>
      </input_file>
      <input_file id="fl-32">
         <path>/Applications/ti/ccsv6/tools/compiler/ti-cgt-msp430_15.12.1.LTS/lib/</path>
         <kind>archive</kind>
         <file>rts430_eabi.lib</file>
         <name>div16s.obj</name>
      </input_file>
      <input_file id="fl-33">
         <path>/Applications/ti/ccsv6/tools/compiler/ti-cgt-msp430_15.12.1.LTS/lib/</path>
         <kind>archive</kind>
         <file>rts430_eabi.lib</file>
         <name>div16u.obj</name>
      </input_file>
      <input_file id="fl-34">
         <path>/Applications/ti/ccsv6/tools/compiler/ti-cgt-msp430_15.12.1.LTS/lib/</path>
         <kind>archive</kind>
         <file>rts430_eabi.lib</file>
         <name>div32s.obj</name>
      </input_file>
      <input_file id="fl-35">
         <path>/Applications/ti/ccsv6/tools/compiler/ti-cgt-msp430_15.12.1.LTS/lib/</path>
         <kind>archive</kind>
         <file>rts430_eabi.lib</file>
         <name>div32u.obj</name>
      </input_file>
      <input_file id="fl-36">
         <path>/Applications/ti/ccsv6/tools/compiler/ti-cgt-msp430_15.12.1.LTS/lib/</path>
         <kind>archive</kind>
         <file>rts430_eabi.lib</file>
         <name>epilog.obj</name>
      </input_file>
      <input_file id="fl-37">
         <path>/Applications/ti/ccsv6/tools/compiler/ti-cgt-msp430_15.12.1.LTS/lib/</path>
         <kind>archive</kind>
         <file>rts430_eabi.lib</file>
         <name>exit.obj</name>
      </input_file>
      <input_file id="fl-38">
         <path>/Applications/ti/ccsv6/tools/compiler/ti-cgt-msp430_15.12.1.LTS/lib/</path>
         <kind>archive</kind>
         <file>rts430_eabi.lib</file>
         <name>exit_gvars.obj</name>
      </input_file>
      <input_file id="fl-39">
         <path>/Applications/ti/ccsv6/tools/compiler/ti-cgt-msp430_15.12.1.LTS/lib/</path>
         <kind>archive</kind>
         <file>rts430_eabi.lib</file>
         <name>int02.obj</name>
      </input_file>
      <input_file id="fl-3a">
         <path>/Applications/ti/ccsv6/tools/compiler/ti-cgt-msp430_15.12.1.LTS/lib/</path>
         <kind>archive</kind>
         <file>rts430_eabi.lib</file>
         <name>int06.obj</name>
      </input_file>
      <input_file id="fl-3b">
         <path>/Applications/ti/ccsv6/tools/compiler/ti-cgt-msp430_15.12.1.LTS/lib/</path>
         <kind>archive</kind>
         <file>rts430_eabi.lib</file>
         <name>int08.obj</name>
      </input_file>
      <input_file id="fl-3c">
         <path>/Applications/ti/ccsv6/tools/compiler/ti-cgt-msp430_15.12.1.LTS/lib/</path>
         <kind>archive</kind>
         <file>rts430_eabi.lib</file>
         <name>int09.obj</name>
      </input_file>
      <input_file id="fl-3d">
         <path>/Applications/ti/ccsv6/tools/compiler/ti-cgt-msp430_15.12.1.LTS/lib/</path>
         <kind>archive</kind>
         <file>rts430_eabi.lib</file>
         <name>int10.obj</name>
      </input_file>
      <input_file id="fl-3e">
         <path>/Applications/ti/ccsv6/tools/compiler/ti-cgt-msp430_15.12.1.LTS/lib/</path>
         <kind>archive</kind>
         <file>rts430_eabi.lib</file>
         <name>int12.obj</name>
      </input_file>
      <input_file id="fl-3f">
         <path>/Applications/ti/ccsv6/tools/compiler/ti-cgt-msp430_15.12.1.LTS/lib/</path>
         <kind>archive</kind>
         <file>rts430_eabi.lib</file>
         <name>int14.obj</name>
      </input_file>
      <input_file id="fl-40">
         <path>/Applications/ti/ccsv6/tools/compiler/ti-cgt-msp430_15.12.1.LTS/lib/</path>
         <kind>archive</kind>
         <file>rts430_eabi.lib</file>
         <name>isr_trap.obj</name>
      </input_file>
      <input_file id="fl-41">
         <path>/Applications/ti/ccsv6/tools/compiler/ti-cgt-msp430_15.12.1.LTS/lib/</path>
         <kind>archive</kind>
         <file>rts430_eabi.lib</file>
         <name>lsl32.obj</name>
      </input_file>
      <input_file id="fl-42">
         <path>/Applications/ti/ccsv6/tools/compiler/ti-cgt-msp430_15.12.1.LTS/lib/</path>
         <kind>archive</kind>
         <file>rts430_eabi.lib</file>
         <name>lsr16.obj</name>
      </input_file>
      <input_file id="fl-43">
         <path>/Applications/ti/ccsv6/tools/compiler/ti-cgt-msp430_15.12.1.LTS/lib/</path>
         <kind>archive</kind>
         <file>rts430_eabi.lib</file>
         <name>memcmp.obj</name>
      </input_file>
      <input_file id="fl-44">
         <path>/Applications/ti/ccsv6/tools/compiler/ti-cgt-msp430_15.12.1.LTS/lib/</path>
         <kind>archive</kind>
         <file>rts430_eabi.lib</file>
         <name>memcpy.obj</name>
      </input_file>
      <input_file id="fl-45">
         <path>/Applications/ti/ccsv6/tools/compiler/ti-cgt-msp430_15.12.1.LTS/lib/</path>
         <kind>archive</kind>
         <file>rts430_eabi.lib</file>
         <name>memset.obj</name>
      </input_file>
      <input_file id="fl-46">
         <path>/Applications/ti/ccsv6/tools/compiler/ti-cgt-msp430_15.12.1.LTS/lib/</path>
         <kind>archive</kind>
         <file>rts430_eabi.lib</file>
         <name>mpu_init.obj</name>
      </input_file>
      <input_file id="fl-47">
         <path>/Applications/ti/ccsv6/tools/compiler/ti-cgt-msp430_15.12.1.LTS/lib/</path>
         <kind>archive</kind>
         <file>rts430_eabi.lib</file>
         <name>mult16.obj</name>
      </input_file>
      <input_file id="fl-48">
         <path>/Applications/ti/ccsv6/tools/compiler/ti-cgt-msp430_15.12.1.LTS/lib/</path>
         <kind>archive</kind>
         <file>rts430_eabi.lib</file>
         <name>mult32.obj</name>
      </input_file>
      <input_file id="fl-49">
         <path>/Applications/ti/ccsv6/tools/compiler/ti-cgt-msp430_15.12.1.LTS/lib/</path>
         <kind>archive</kind>
         <file>rts430_eabi.lib</file>
         <name>pre_init.obj</name>
      </input_file>
      <input_file id="fl-4a">
         <path>/Applications/ti/ccsv6/tools/compiler/ti-cgt-msp430_15.12.1.LTS/lib/</path>
         <kind>archive</kind>
         <file>rts430_eabi.lib</file>
         <name>_lock.obj</name>
      </input_file>
      <input_file id="fl-4b">
         <path>/Applications/ti/ccsv6/tools/compiler/ti-cgt-msp430_15.12.1.LTS/lib/</path>
         <kind>archive</kind>
         <file>rts430_eabi.lib</file>
         <name>args_main.obj</name>
      </input_file>
      <input_file id="fl-4c">
         <path>/Applications/ti/ccsv6/tools/compiler/ti-cgt-msp430_15.12.1.LTS/lib/</path>
         <kind>archive</kind>
         <file>rts430_eabi.lib</file>
         <name>autoinit.obj</name>
      </input_file>
      <input_file id="fl-4d">
         <path>/Applications/ti/ccsv6/tools/compiler/ti-cgt-msp430_15.12.1.LTS/lib/</path>
         <kind>archive</kind>
         <file>rts430_eabi.lib</file>
         <name>cpy_tbl.obj</name>
      </input_file>
      <input_file id="fl-4e">
         <path>/Applications/ti/ccsv6/tools/compiler/ti-cgt-msp430_15.12.1.LTS/lib/</path>
         <kind>archive</kind>
         <file>rts430_eabi.lib</file>
         <name>startup.obj</name>
      </input_file>
   </input_file_list>
   <object_component_list>
      <object_component id="oc-317">
         <name>.bss:mrfiIncomingPacket</name>
         <uninitialized>true</uninitialized>
         <run_address>0x348</run_address>
         <size>0x27</size>
         <input_file_ref idref="fl-3"/>
      </object_component>
      <object_component id="oc-3c8">
         <name>.bss</name>
         <uninitialized>true</uninitialized>
         <run_address>0x370</run_address>
         <size>0x6</size>
         <input_file_ref idref="fl-3"/>
      </object_component>
      <object_component id="oc-52b">
         <name>.bss:sInFrameQ</name>
         <uninitialized>true</uninitialized>
         <run_address>0x200</run_address>
         <size>0xf6</size>
         <input_file_ref idref="fl-c"/>
      </object_component>
      <object_component id="oc-52e">
         <name>.bss:sOutFrameQ</name>
         <uninitialized>true</uninitialized>
         <run_address>0x2f6</run_address>
         <size>0x52</size>
         <input_file_ref idref="fl-c"/>
      </object_component>
      <object_component id="oc-4d9">
         <name>.bss</name>
         <uninitialized>true</uninitialized>
         <run_address>0x376</run_address>
         <size>0x6</size>
         <input_file_ref idref="fl-e"/>
      </object_component>
      <object_component id="oc-516">
         <name>.bss:sAPAddress</name>
         <uninitialized>true</uninitialized>
         <run_address>0x37c</run_address>
         <size>0x4</size>
         <input_file_ref idref="fl-f"/>
      </object_component>
      <object_component id="oc-4cc">
         <name>.bss:sMyRAMAddress</name>
         <uninitialized>true</uninitialized>
         <run_address>0x380</run_address>
         <size>0x4</size>
         <input_file_ref idref="fl-f"/>
      </object_component>
      <object_component id="oc-308">
         <name>.data</name>
         <load_address>0x442</load_address>
         <run_address>0x442</run_address>
         <size>0x3</size>
         <input_file_ref idref="fl-3"/>
      </object_component>
      <object_component id="oc-49f">
         <name>.data:mrfiRxFilterAddr</name>
         <load_address>0x43e</load_address>
         <run_address>0x43e</run_address>
         <size>0x4</size>
         <input_file_ref idref="fl-3"/>
      </object_component>
      <object_component id="oc-428">
         <name>.data:sCurLogicalChan</name>
         <load_address>0x44a</load_address>
         <run_address>0x44a</run_address>
         <size>0x1</size>
         <input_file_ref idref="fl-4"/>
      </object_component>
      <object_component id="oc-4ea">
         <name>.data</name>
         <load_address>0x43d</load_address>
         <run_address>0x43d</run_address>
         <size>0x1</size>
         <input_file_ref idref="fl-4"/>
      </object_component>
      <object_component id="oc-4d4">
         <name>.data</name>
         <load_address>0x40c</load_address>
         <run_address>0x40c</run_address>
         <size>0xf</size>
         <input_file_ref idref="fl-6"/>
      </object_component>
      <object_component id="oc-60a">
         <name>.data:sSandFClients</name>
         <load_address>0x41c</load_address>
         <run_address>0x41c</run_address>
         <size>0xc</size>
         <input_file_ref idref="fl-6"/>
      </object_component>
      <object_component id="oc-6c7">
         <name>.data:sJoinedED</name>
         <load_address>0x3ec</load_address>
         <run_address>0x3ec</run_address>
         <size>0x20</size>
         <input_file_ref idref="fl-6"/>
      </object_component>
      <object_component id="oc-435">
         <name>.data</name>
         <load_address>0x430</load_address>
         <run_address>0x430</run_address>
         <size>0x7</size>
         <input_file_ref idref="fl-7"/>
      </object_component>
      <object_component id="oc-545">
         <name>.data</name>
         <load_address>0x448</load_address>
         <run_address>0x448</run_address>
         <size>0x1</size>
         <input_file_ref idref="fl-8"/>
      </object_component>
      <object_component id="oc-533">
         <name>.data</name>
         <load_address>0x449</load_address>
         <run_address>0x449</run_address>
         <size>0x1</size>
         <input_file_ref idref="fl-9"/>
      </object_component>
      <object_component id="oc-3f2">
         <name>.data:sConTable</name>
         <load_address>0x384</load_address>
         <run_address>0x384</run_address>
         <size>0x67</size>
         <input_file_ref idref="fl-b"/>
      </object_component>
      <object_component id="oc-6b9">
         <name>.data</name>
         <load_address>0x3eb</load_address>
         <run_address>0x3eb</run_address>
         <size>0x1</size>
         <input_file_ref idref="fl-b"/>
      </object_component>
      <object_component id="oc-292">
         <name>.data</name>
         <load_address>0x41b</load_address>
         <run_address>0x41b</run_address>
         <size>0x1</size>
         <input_file_ref idref="fl-d"/>
      </object_component>
      <object_component id="oc-51a">
         <name>.data</name>
         <load_address>0x446</load_address>
         <run_address>0x446</run_address>
         <size>0x2</size>
         <input_file_ref idref="fl-e"/>
      </object_component>
      <object_component id="oc-4c9">
         <name>.data</name>
         <load_address>0x445</load_address>
         <run_address>0x445</run_address>
         <size>0x1</size>
         <input_file_ref idref="fl-f"/>
      </object_component>
      <object_component id="oc-1e0">
         <name>.data:sLID</name>
         <load_address>0x428</load_address>
         <run_address>0x428</run_address>
         <size>0x8</size>
         <input_file_ref idref="fl-10"/>
      </object_component>
      <object_component id="oc-188">
         <name>.data</name>
         <load_address>0x437</load_address>
         <run_address>0x437</run_address>
         <size>0x6</size>
         <input_file_ref idref="fl-10"/>
      </object_component>
      <object_component id="oc-ec">
         <name>.stack</name>
         <uninitialized>true</uninitialized>
         <run_address>0x5b0</run_address>
         <size>0x2</size>
         <input_file_ref idref="fl-2d"/>
      </object_component>
      <object_component id="oc-70d">
         <name>.stack</name>
         <uninitialized>true</uninitialized>
         <run_address>0x5b0</run_address>
         <size>0x0</size>
      </object_component>
      <object_component id="oc-2f9">
         <name>.text:transmitDataString</name>
         <load_address>0x8000</load_address>
         <run_address>0x8000</run_address>
         <size>0xbc2</size>
         <input_file_ref idref="fl-10"/>
      </object_component>
      <object_component id="oc-295">
         <name>.text:MRFI_Init</name>
         <load_address>0x8bc2</load_address>
         <run_address>0x8bc2</run_address>
         <size>0x196</size>
         <input_file_ref idref="fl-3"/>
      </object_component>
      <object_component id="oc-14e">
         <name>.text:main</name>
         <load_address>0x8d58</load_address>
         <run_address>0x8d58</run_address>
         <size>0x174</size>
         <input_file_ref idref="fl-10"/>
      </object_component>
      <object_component id="oc-445">
         <name>.text:nwk_QfindOldest</name>
         <load_address>0x8ecc</load_address>
         <run_address>0x8ecc</run_address>
         <size>0x16c</size>
         <input_file_ref idref="fl-c"/>
      </object_component>
      <object_component id="oc-658">
         <name>.text:smpl_send_link_reply</name>
         <load_address>0x9038</load_address>
         <run_address>0x9038</run_address>
         <size>0x16c</size>
         <input_file_ref idref="fl-7"/>
      </object_component>
      <object_component id="oc-4b3">
         <name>.text:dispatchFrame</name>
         <load_address>0x91a4</load_address>
         <run_address>0x91a4</run_address>
         <size>0x148</size>
         <input_file_ref idref="fl-e"/>
      </object_component>
      <object_component id="oc-4dd">
         <name>.text:MRFI_Transmit</name>
         <load_address>0x92ec</load_address>
         <run_address>0x92ec</run_address>
         <size>0x102</size>
         <input_file_ref idref="fl-3"/>
      </object_component>
      <object_component id="oc-38c">
         <name>.text:nwk_scanForChannels</name>
         <load_address>0x93ee</load_address>
         <run_address>0x93ee</run_address>
         <size>0xfe</size>
         <input_file_ref idref="fl-4"/>
      </object_component>
      <object_component id="oc-665">
         <name>.text:smpl_send_join_reply</name>
         <load_address>0x94ec</load_address>
         <run_address>0x94ec</run_address>
         <size>0xee</size>
         <input_file_ref idref="fl-6"/>
      </object_component>
      <object_component id="oc-20a">
         <name>.text:Mrfi_SyncPinRxIsr</name>
         <load_address>0x95da</load_address>
         <run_address>0x95da</run_address>
         <size>0xd8</size>
         <input_file_ref idref="fl-3"/>
      </object_component>
      <object_component id="oc-689">
         <name>.text:nwk_allocateLocalRxPort</name>
         <load_address>0x96b2</load_address>
         <run_address>0x96b2</run_address>
         <size>0xd0</size>
         <input_file_ref idref="fl-b"/>
      </object_component>
      <object_component id="oc-1ef">
         <name>.text:transmitData</name>
         <load_address>0x9782</load_address>
         <run_address>0x9782</run_address>
         <size>0xce</size>
         <input_file_ref idref="fl-10"/>
      </object_component>
      <object_component id="oc-24f">
         <name>.text</name>
         <load_address>0x9850</load_address>
         <run_address>0x9850</run_address>
         <size>0xba</size>
         <input_file_ref idref="fl-11"/>
      </object_component>
      <object_component id="oc-2ed">
         <name>.text:nwk_retrieveFrame</name>
         <load_address>0x990a</load_address>
         <run_address>0x990a</run_address>
         <size>0xac</size>
         <input_file_ref idref="fl-e"/>
      </object_component>
      <object_component id="oc-1be">
         <name>.text:SMPL_Ioctl</name>
         <load_address>0x99b6</load_address>
         <run_address>0x99b6</run_address>
         <size>0xa8</size>
         <input_file_ref idref="fl-d"/>
      </object_component>
      <object_component id="oc-6b1">
         <name>.text:nwk_SendEmptyPollRspFrame</name>
         <load_address>0x9a5e</load_address>
         <run_address>0x9a5e</run_address>
         <size>0xa4</size>
         <input_file_ref idref="fl-e"/>
      </object_component>
      <object_component id="oc-590">
         <name>.text:isDupSandFFrame</name>
         <load_address>0x9b02</load_address>
         <run_address>0x9b02</run_address>
         <size>0xa0</size>
         <input_file_ref idref="fl-e"/>
      </object_component>
      <object_component id="oc-683">
         <name>.text:nwk_getNextConnection</name>
         <load_address>0x9ba2</load_address>
         <run_address>0x9ba2</run_address>
         <size>0x98</size>
         <input_file_ref idref="fl-b"/>
      </object_component>
      <object_component id="oc-37e">
         <name>.text:nwk_buildFrame</name>
         <load_address>0x9c3a</load_address>
         <run_address>0x9c3a</run_address>
         <size>0x8c</size>
         <input_file_ref idref="fl-e"/>
      </object_component>
      <object_component id="oc-4a7">
         <name>.text:nwk_QfindSlot</name>
         <load_address>0x9cc6</load_address>
         <run_address>0x9cc6</run_address>
         <size>0x86</size>
         <input_file_ref idref="fl-c"/>
      </object_component>
      <object_component id="oc-494">
         <name>.text:spiBurstFifoAccess</name>
         <load_address>0x9d4c</load_address>
         <run_address>0x9d4c</run_address>
         <size>0x82</size>
         <input_file_ref idref="fl-3"/>
      </object_component>
      <object_component id="oc-6ab">
         <name>.text:nwk_getSandFFrame</name>
         <load_address>0x9dce</load_address>
         <run_address>0x9dce</run_address>
         <size>0x7c</size>
         <input_file_ref idref="fl-e"/>
      </object_component>
      <object_component id="oc-273">
         <name>.text:nwk_radioControl</name>
         <load_address>0x9e4a</load_address>
         <run_address>0x9e4a</run_address>
         <size>0x7c</size>
         <input_file_ref idref="fl-5"/>
      </object_component>
      <object_component id="oc-1e3">
         <name>.text:SMPL_LinkListen</name>
         <load_address>0x9ec6</load_address>
         <run_address>0x9ec6</run_address>
         <size>0x76</size>
         <input_file_ref idref="fl-d"/>
      </object_component>
      <object_component id="oc-65e">
         <name>.text:smpl_send_unlink_reply</name>
         <load_address>0x9f3c</load_address>
         <run_address>0x9f3c</run_address>
         <size>0x76</size>
         <input_file_ref idref="fl-7"/>
      </object_component>
      <object_component id="oc-134">
         <name>.text:_auto_init</name>
         <load_address>0x9fb2</load_address>
         <run_address>0x9fb2</run_address>
         <size>0x6e</size>
         <input_file_ref idref="fl-4c"/>
      </object_component>
      <object_component id="oc-1b8">
         <name>.text:createRandomAddress</name>
         <load_address>0xa020</load_address>
         <run_address>0xa020</run_address>
         <size>0x6a</size>
         <input_file_ref idref="fl-10"/>
      </object_component>
      <object_component id="oc-29b">
         <name>.text:nwk_nwkInit</name>
         <load_address>0xa08a</load_address>
         <run_address>0xa08a</run_address>
         <size>0x6a</size>
         <input_file_ref idref="fl-b"/>
      </object_component>
      <object_component id="oc-fd">
         <name>.text:__TI_decompress_rle_core</name>
         <load_address>0xa0f4</load_address>
         <run_address>0xa0f4</run_address>
         <size>0x64</size>
         <input_file_ref idref="fl-30"/>
      </object_component>
      <object_component id="oc-596">
         <name>.text:nwk_isConnectionValid</name>
         <load_address>0xa158</load_address>
         <run_address>0xa158</run_address>
         <size>0x64</size>
         <input_file_ref idref="fl-b"/>
      </object_component>
      <object_component id="oc-190">
         <name>.text:copy_in</name>
         <load_address>0xa1bc</load_address>
         <run_address>0xa1bc</run_address>
         <size>0x5a</size>
         <input_file_ref idref="fl-4d"/>
      </object_component>
      <object_component id="oc-3db">
         <name>.text</name>
         <load_address>0xa216</load_address>
         <run_address>0xa216</run_address>
         <size>0x58</size>
         <input_file_ref idref="fl-35"/>
      </object_component>
      <object_component id="oc-66e">
         <name>.text:send_ping_reply</name>
         <load_address>0xa26e</load_address>
         <run_address>0xa26e</run_address>
         <size>0x56</size>
         <input_file_ref idref="fl-4"/>
      </object_component>
      <object_component id="oc-2a1">
         <name>.text:MRFI_WakeUp</name>
         <load_address>0xa2c4</load_address>
         <run_address>0xa2c4</run_address>
         <size>0x54</size>
         <input_file_ref idref="fl-3"/>
      </object_component>
      <object_component id="oc-279">
         <name>.text:nwk_rawSend</name>
         <load_address>0xa318</load_address>
         <run_address>0xa318</run_address>
         <size>0x54</size>
         <input_file_ref idref="fl-5"/>
      </object_component>
      <object_component id="oc-11b">
         <name>.text:USCI0RX_ISR</name>
         <load_address>0xa36c</load_address>
         <run_address>0xa36c</run_address>
         <size>0x50</size>
         <input_file_ref idref="fl-10"/>
      </object_component>
      <object_component id="oc-675">
         <name>.text:send_poll_reply</name>
         <load_address>0xa3bc</load_address>
         <run_address>0xa3bc</run_address>
         <size>0x4e</size>
         <input_file_ref idref="fl-8"/>
      </object_component>
      <object_component id="oc-1c4">
         <name>.text:MCU_Init</name>
         <load_address>0xa40a</load_address>
         <run_address>0xa40a</run_address>
         <size>0x4c</size>
         <input_file_ref idref="fl-10"/>
      </object_component>
      <object_component id="oc-1e9">
         <name>.text:SMPL_Receive</name>
         <load_address>0xa456</load_address>
         <run_address>0xa456</run_address>
         <size>0x4c</size>
         <input_file_ref idref="fl-d"/>
      </object_component>
      <object_component id="oc-3e0">
         <name>.text</name>
         <load_address>0xa4a2</load_address>
         <run_address>0xa4a2</run_address>
         <size>0x4c</size>
         <input_file_ref idref="fl-42"/>
      </object_component>
      <object_component id="oc-696">
         <name>.text:nwk_findPeer</name>
         <load_address>0xa4ee</load_address>
         <run_address>0xa4ee</run_address>
         <size>0x4a</size>
         <input_file_ref idref="fl-b"/>
      </object_component>
      <object_component id="oc-332">
         <name>.text:mrfiSpiCmdStrobe</name>
         <load_address>0xa538</load_address>
         <run_address>0xa538</run_address>
         <size>0x48</size>
         <input_file_ref idref="fl-3"/>
      </object_component>
      <object_component id="oc-601">
         <name>.text:nwk_processMgmt</name>
         <load_address>0xa580</load_address>
         <run_address>0xa580</run_address>
         <size>0x48</size>
         <input_file_ref idref="fl-8"/>
      </object_component>
      <object_component id="oc-320">
         <name>.text:MRFI_RxAddrIsFiltered</name>
         <load_address>0xa5c8</load_address>
         <run_address>0xa5c8</run_address>
         <size>0x46</size>
         <input_file_ref idref="fl-3"/>
      </object_component>
      <object_component id="oc-67d">
         <name>.text:nwk_isLinkDuplicate</name>
         <load_address>0xa60e</load_address>
         <run_address>0xa60e</run_address>
         <size>0x46</size>
         <input_file_ref idref="fl-b"/>
      </object_component>
      <object_component id="oc-651">
         <name>.text:smpl_send_ping_reply</name>
         <load_address>0xa654</load_address>
         <run_address>0xa654</run_address>
         <size>0x46</size>
         <input_file_ref idref="fl-9"/>
      </object_component>
      <object_component id="oc-377">
         <name>.text:MRFI_Rssi</name>
         <load_address>0xa69a</load_address>
         <run_address>0xa69a</run_address>
         <size>0x44</size>
         <input_file_ref idref="fl-3"/>
      </object_component>
      <object_component id="oc-48d">
         <name>.text:spiRegAccess</name>
         <load_address>0xa6de</load_address>
         <run_address>0xa6de</run_address>
         <size>0x42</size>
         <input_file_ref idref="fl-3"/>
      </object_component>
      <object_component id="oc-285">
         <name>.text:nwk_freqControl</name>
         <load_address>0xa720</load_address>
         <run_address>0xa720</run_address>
         <size>0x40</size>
         <input_file_ref idref="fl-4"/>
      </object_component>
      <object_component id="oc-482">
         <name>.text</name>
         <load_address>0xa760</load_address>
         <run_address>0xa760</run_address>
         <size>0x40</size>
         <input_file_ref idref="fl-34"/>
      </object_component>
      <object_component id="oc-47d">
         <name>.text:l_lsl_const</name>
         <load_address>0xa7a0</load_address>
         <run_address>0xa7a0</run_address>
         <size>0x3e</size>
         <input_file_ref idref="fl-41"/>
      </object_component>
      <object_component id="oc-5ef">
         <name>.text:nwk_processJoin</name>
         <load_address>0xa7de</load_address>
         <run_address>0xa7de</run_address>
         <size>0x3e</size>
         <input_file_ref idref="fl-6"/>
      </object_component>
      <object_component id="oc-6a3">
         <name>.text:saveAddress</name>
         <load_address>0xa81c</load_address>
         <run_address>0xa81c</run_address>
         <size>0x3e</size>
         <input_file_ref idref="fl-6"/>
      </object_component>
      <object_component id="oc-4ed">
         <name>.text:MRFI_ReplyDelay</name>
         <load_address>0xa85a</load_address>
         <run_address>0xa85a</run_address>
         <size>0x3c</size>
         <input_file_ref idref="fl-3"/>
      </object_component>
      <object_component id="oc-1da">
         <name>.text:SMPL_Init</name>
         <load_address>0xa896</load_address>
         <run_address>0xa896</run_address>
         <size>0x3a</size>
         <input_file_ref idref="fl-d"/>
      </object_component>
      <object_component id="oc-398">
         <name>.text:broadcast_channel_change</name>
         <load_address>0xa8d0</load_address>
         <run_address>0xa8d0</run_address>
         <size>0x3a</size>
         <input_file_ref idref="fl-4"/>
      </object_component>
      <object_component id="oc-62f">
         <name>.text:handleLinkRequest</name>
         <load_address>0xa90a</load_address>
         <run_address>0xa90a</run_address>
         <size>0x3a</size>
         <input_file_ref idref="fl-7"/>
      </object_component>
      <object_component id="oc-622">
         <name>.text:nwk_isValidReply</name>
         <load_address>0xa944</load_address>
         <run_address>0xa944</run_address>
         <size>0x3a</size>
         <input_file_ref idref="fl-b"/>
      </object_component>
      <object_component id="oc-5fb">
         <name>.text:nwk_processFreq</name>
         <load_address>0xa97e</load_address>
         <run_address>0xa97e</run_address>
         <size>0x3a</size>
         <input_file_ref idref="fl-4"/>
      </object_component>
      <object_component id="oc-584">
         <name>.text:nwk_replayFrame</name>
         <load_address>0xa9b8</load_address>
         <run_address>0xa9b8</run_address>
         <size>0x3a</size>
         <input_file_ref idref="fl-e"/>
      </object_component>
      <object_component id="oc-501">
         <name>.text:BSP_Delay</name>
         <load_address>0xa9f2</load_address>
         <run_address>0xa9f2</run_address>
         <size>0x38</size>
         <input_file_ref idref="fl-2"/>
      </object_component>
      <object_component id="oc-6c1">
         <name>.text:isJoined</name>
         <load_address>0xaa2a</load_address>
         <run_address>0xaa2a</run_address>
         <size>0x36</size>
         <input_file_ref idref="fl-6"/>
      </object_component>
      <object_component id="oc-58a">
         <name>.text:nwk_isSandFClient</name>
         <load_address>0xaa60</load_address>
         <run_address>0xaa60</run_address>
         <size>0x36</size>
         <input_file_ref idref="fl-6"/>
      </object_component>
      <object_component id="oc-3ad">
         <name>.text:mrfiSpiInit</name>
         <load_address>0xaa96</load_address>
         <run_address>0xaa96</run_address>
         <size>0x34</size>
         <input_file_ref idref="fl-3"/>
      </object_component>
      <object_component id="oc-44b">
         <name>.text:nwk_QadjustOrder</name>
         <load_address>0xaaca</load_address>
         <run_address>0xaaca</run_address>
         <size>0x34</size>
         <input_file_ref idref="fl-c"/>
      </object_component>
      <object_component id="oc-267">
         <name>.text:nwk_deviceAddress</name>
         <load_address>0xaafe</load_address>
         <run_address>0xaafe</run_address>
         <size>0x34</size>
         <input_file_ref idref="fl-5"/>
      </object_component>
      <object_component id="oc-4e4">
         <name>.text:nwk_getAPAddress</name>
         <load_address>0xab32</load_address>
         <run_address>0xab32</run_address>
         <size>0x34</size>
         <input_file_ref idref="fl-f"/>
      </object_component>
      <object_component id="oc-3c2">
         <name>.text:MRFI_SetLogicalChannel</name>
         <load_address>0xab66</load_address>
         <run_address>0xab66</run_address>
         <size>0x32</size>
         <input_file_ref idref="fl-3"/>
      </object_component>
      <object_component id="oc-5c0">
         <name>.text:Mrfi_DelayUsecSem</name>
         <load_address>0xab98</load_address>
         <run_address>0xab98</run_address>
         <size>0x32</size>
         <input_file_ref idref="fl-3"/>
      </object_component>
      <object_component id="oc-2e1">
         <name>.text:nwk_getConnInfo</name>
         <load_address>0xabca</load_address>
         <run_address>0xabca</run_address>
         <size>0x32</size>
         <input_file_ref idref="fl-b"/>
      </object_component>
      <object_component id="oc-43d">
         <name>.text:map_lid2idx</name>
         <load_address>0xabfc</load_address>
         <run_address>0xabfc</run_address>
         <size>0x30</size>
         <input_file_ref idref="fl-b"/>
      </object_component>
      <object_component id="oc-5e3">
         <name>.text:nwk_processPing</name>
         <load_address>0xac2c</load_address>
         <run_address>0xac2c</run_address>
         <size>0x30</size>
         <input_file_ref idref="fl-9"/>
      </object_component>
      <object_component id="oc-27f">
         <name>.text:nwk_rawReceive</name>
         <load_address>0xac5c</load_address>
         <run_address>0xac5c</run_address>
         <size>0x30</size>
         <input_file_ref idref="fl-5"/>
      </object_component>
      <object_component id="oc-384">
         <name>.text:nwk_sendFrame</name>
         <load_address>0xac8c</load_address>
         <run_address>0xac8c</run_address>
         <size>0x30</size>
         <input_file_ref idref="fl-e"/>
      </object_component>
      <object_component id="oc-326">
         <name>.text:Mrfi_CalculateRssi</name>
         <load_address>0xacbc</load_address>
         <run_address>0xacbc</run_address>
         <size>0x2e</size>
         <input_file_ref idref="fl-3"/>
      </object_component>
      <object_component id="oc-407">
         <name>.text:nwk_joinInit</name>
         <load_address>0xacea</load_address>
         <run_address>0xacea</run_address>
         <size>0x2e</size>
         <input_file_ref idref="fl-6"/>
      </object_component>
      <object_component id="oc-5e9">
         <name>.text:nwk_processLink</name>
         <load_address>0xad18</load_address>
         <run_address>0xad18</run_address>
         <size>0x2e</size>
         <input_file_ref idref="fl-7"/>
      </object_component>
      <object_component id="oc-3b3">
         <name>.text:Mrfi_DelayUsec</name>
         <load_address>0xad46</load_address>
         <run_address>0xad46</run_address>
         <size>0x2c</size>
         <input_file_ref idref="fl-3"/>
      </object_component>
      <object_component id="oc-3cb">
         <name>.text:Mrfi_RxModeOff</name>
         <load_address>0xad72</load_address>
         <run_address>0xad72</run_address>
         <size>0x2c</size>
         <input_file_ref idref="fl-3"/>
      </object_component>
      <object_component id="oc-3e6">
         <name>.text:nwk_globalsInit</name>
         <load_address>0xad9e</load_address>
         <run_address>0xad9e</run_address>
         <size>0x2c</size>
         <input_file_ref idref="fl-f"/>
      </object_component>
      <object_component id="oc-2f4">
         <name>.text</name>
         <load_address>0xadca</load_address>
         <run_address>0xadca</run_address>
         <size>0x2c</size>
         <input_file_ref idref="fl-32"/>
      </object_component>
      <object_component id="oc-2e7">
         <name>.text:nwk_checkConnInfo</name>
         <load_address>0xadf6</load_address>
         <run_address>0xadf6</run_address>
         <size>0x2a</size>
         <input_file_ref idref="fl-b"/>
      </object_component>
      <object_component id="oc-5b3">
         <name>.text:Mrfi_RandomBackoffDelay</name>
         <load_address>0xae20</load_address>
         <run_address>0xae20</run_address>
         <size>0x26</size>
         <input_file_ref idref="fl-3"/>
      </object_component>
      <object_component id="oc-261">
         <name>.text:nwk_connectionControl</name>
         <load_address>0xae46</load_address>
         <run_address>0xae46</run_address>
         <size>0x26</size>
         <input_file_ref idref="fl-5"/>
      </object_component>
      <object_component id="oc-413">
         <name>.text:nwk_linkInit</name>
         <load_address>0xae6c</load_address>
         <run_address>0xae6c</run_address>
         <size>0x26</size>
         <input_file_ref idref="fl-7"/>
      </object_component>
      <object_component id="oc-3d6">
         <name>.text</name>
         <load_address>0xae92</load_address>
         <run_address>0xae92</run_address>
         <size>0x26</size>
         <input_file_ref idref="fl-48"/>
      </object_component>
      <object_component id="oc-2da">
         <name>.text:MRFI_Sleep</name>
         <load_address>0xaeb8</load_address>
         <run_address>0xaeb8</run_address>
         <size>0x24</size>
         <input_file_ref idref="fl-3"/>
      </object_component>
      <object_component id="oc-242">
         <name>.text:BSP_InitBoard</name>
         <load_address>0xaedc</load_address>
         <run_address>0xaedc</run_address>
         <size>0x22</size>
         <input_file_ref idref="fl-2"/>
      </object_component>
      <object_component id="oc-2ad">
         <name>.text:MRFI_RxOn</name>
         <load_address>0xaefe</load_address>
         <run_address>0xaefe</run_address>
         <size>0x22</size>
         <input_file_ref idref="fl-3"/>
      </object_component>
      <object_component id="oc-4f3">
         <name>.text:memcmp</name>
         <load_address>0xaf20</load_address>
         <run_address>0xaf20</run_address>
         <size>0x22</size>
         <input_file_ref idref="fl-43"/>
      </object_component>
      <object_component id="oc-1b2">
         <name>.text:BSP_Init</name>
         <load_address>0xaf42</load_address>
         <run_address>0xaf42</run_address>
         <size>0x20</size>
         <input_file_ref idref="fl-2"/>
      </object_component>
      <object_component id="oc-32c">
         <name>.text:MRFI_RxCompleteISR</name>
         <load_address>0xaf62</load_address>
         <run_address>0xaf62</run_address>
         <size>0x20</size>
         <input_file_ref idref="fl-e"/>
      </object_component>
      <object_component id="oc-2d4">
         <name>.text:MRFI_RxIdle</name>
         <load_address>0xaf82</load_address>
         <run_address>0xaf82</run_address>
         <size>0x20</size>
         <input_file_ref idref="fl-3"/>
      </object_component>
      <object_component id="oc-3ec">
         <name>.text:nwk_frameInit</name>
         <load_address>0xafa2</load_address>
         <run_address>0xafa2</run_address>
         <size>0x20</size>
         <input_file_ref idref="fl-e"/>
      </object_component>
      <object_component id="oc-30b">
         <name>.text:mrfiSpiReadReg</name>
         <load_address>0xafc2</load_address>
         <run_address>0xafc2</run_address>
         <size>0x1e</size>
         <input_file_ref idref="fl-3"/>
      </object_component>
      <object_component id="oc-3f5">
         <name>.text:nwk_QInit</name>
         <load_address>0xafe0</load_address>
         <run_address>0xafe0</run_address>
         <size>0x1e</size>
         <input_file_ref idref="fl-c"/>
      </object_component>
      <object_component id="oc-2c8">
         <name>.text:nwk_getLocalLinkID</name>
         <load_address>0xaffe</load_address>
         <run_address>0xaffe</run_address>
         <size>0x1e</size>
         <input_file_ref idref="fl-7"/>
      </object_component>
      <object_component id="oc-180">
         <name>.text:MRFI_GpioIsr</name>
         <load_address>0xb01c</load_address>
         <run_address>0xb01c</run_address>
         <size>0x1c</size>
         <input_file_ref idref="fl-3"/>
      </object_component>
      <object_component id="oc-1cd">
         <name>.text:TXString</name>
         <load_address>0xb038</load_address>
         <run_address>0xb038</run_address>
         <size>0x1c</size>
         <input_file_ref idref="fl-10"/>
      </object_component>
      <object_component id="oc-2a7">
         <name>.text:nwk_setChannel</name>
         <load_address>0xb054</load_address>
         <run_address>0xb054</run_address>
         <size>0x1c</size>
         <input_file_ref idref="fl-4"/>
      </object_component>
      <object_component id="oc-363">
         <name>.text:nwk_setMyAddress</name>
         <load_address>0xb070</load_address>
         <run_address>0xb070</run_address>
         <size>0x1c</size>
         <input_file_ref idref="fl-f"/>
      </object_component>
      <object_component id="oc-10f">
         <name>.text:BSP_GpioPort1Isr</name>
         <load_address>0xb08c</load_address>
         <run_address>0xb08c</run_address>
         <size>0x1a</size>
         <input_file_ref idref="fl-3"/>
      </object_component>
      <object_component id="oc-67">
         <name>.text:_c_int00_noargs_noexit</name>
         <load_address>0xb0a6</load_address>
         <run_address>0xb0a6</run_address>
         <size>0x1a</size>
         <input_file_ref idref="fl-2e"/>
      </object_component>
      <object_component id="oc-3b9">
         <name>.text:mrfiSpiWriteReg</name>
         <load_address>0xb0c0</load_address>
         <run_address>0xb0c0</run_address>
         <size>0x1a</size>
         <input_file_ref idref="fl-3"/>
      </object_component>
      <object_component id="oc-2ce">
         <name>.text:MRFI_DelayMs</name>
         <load_address>0xb0da</load_address>
         <run_address>0xb0da</run_address>
         <size>0x18</size>
         <input_file_ref idref="fl-3"/>
      </object_component>
      <object_component id="oc-636">
         <name>.text:handleJoinRequest</name>
         <load_address>0xb0f2</load_address>
         <run_address>0xb0f2</run_address>
         <size>0x18</size>
         <input_file_ref idref="fl-6"/>
      </object_component>
      <object_component id="oc-51d">
         <name>.text:MRFI_RandomByte</name>
         <load_address>0xb10a</load_address>
         <run_address>0xb10a</run_address>
         <size>0x16</size>
         <input_file_ref idref="fl-3"/>
      </object_component>
      <object_component id="oc-42c">
         <name>.text:Mrfi_RxModeOn</name>
         <load_address>0xb120</load_address>
         <run_address>0xb120</run_address>
         <size>0x16</size>
         <input_file_ref idref="fl-3"/>
      </object_component>
      <object_component id="oc-453">
         <name>.text</name>
         <load_address>0xb136</load_address>
         <run_address>0xb136</run_address>
         <size>0x16</size>
         <input_file_ref idref="fl-33"/>
      </object_component>
      <object_component id="oc-31a">
         <name>.text:memset</name>
         <load_address>0xb14c</load_address>
         <run_address>0xb14c</run_address>
         <size>0x14</size>
         <input_file_ref idref="fl-45"/>
      </object_component>
      <object_component id="oc-26d">
         <name>.text:nwk_joinContext</name>
         <load_address>0xb160</load_address>
         <run_address>0xb160</run_address>
         <size>0x14</size>
         <input_file_ref idref="fl-5"/>
      </object_component>
      <object_component id="oc-213">
         <name>.text</name>
         <load_address>0xb174</load_address>
         <run_address>0xb174</run_address>
         <size>0x14</size>
         <input_file_ref idref="fl-47"/>
      </object_component>
      <object_component id="oc-347">
         <name>.text:BSP_InitLeds</name>
         <load_address>0xb188</load_address>
         <run_address>0xb188</run_address>
         <size>0x12</size>
         <input_file_ref idref="fl-2"/>
      </object_component>
      <object_component id="oc-32">
         <name>.text:decompress:none:__TI_decompress_none</name>
         <load_address>0xb19a</load_address>
         <run_address>0xb19a</run_address>
         <size>0x12</size>
         <input_file_ref idref="fl-2f"/>
      </object_component>
      <object_component id="oc-63f">
         <name>.text:handle_freq_cmd</name>
         <load_address>0xb1ac</load_address>
         <run_address>0xb1ac</run_address>
         <size>0x12</size>
         <input_file_ref idref="fl-4"/>
      </object_component>
      <object_component id="oc-f0">
         <name>.text:memcpy</name>
         <load_address>0xb1be</load_address>
         <run_address>0xb1be</run_address>
         <size>0x12</size>
         <input_file_ref idref="fl-44"/>
      </object_component>
      <object_component id="oc-369">
         <name>.text:nwk_getMyAddress</name>
         <load_address>0xb1d0</load_address>
         <run_address>0xb1d0</run_address>
         <size>0x12</size>
         <input_file_ref idref="fl-f"/>
      </object_component>
      <object_component id="oc-53d">
         <name>.text:nwk_setLinkToken</name>
         <load_address>0xb1e2</load_address>
         <run_address>0xb1e2</run_address>
         <size>0x12</size>
         <input_file_ref idref="fl-7"/>
      </object_component>
      <object_component id="oc-1d4">
         <name>.text:sCB</name>
         <load_address>0xb1f4</load_address>
         <run_address>0xb1f4</run_address>
         <size>0x12</size>
         <input_file_ref idref="fl-10"/>
      </object_component>
      <object_component id="oc-3d1">
         <name>.text:l_asr</name>
         <load_address>0xb206</load_address>
         <run_address>0xb206</run_address>
         <size>0x10</size>
         <input_file_ref idref="fl-2c"/>
      </object_component>
      <object_component id="oc-60e">
         <name>.text:nwk_getQ</name>
         <load_address>0xb216</load_address>
         <run_address>0xb216</run_address>
         <size>0x10</size>
         <input_file_ref idref="fl-c"/>
      </object_component>
      <object_component id="oc-177">
         <name>.text</name>
         <load_address>0xb226</load_address>
         <run_address>0xb226</run_address>
         <size>0x10</size>
         <input_file_ref idref="fl-36"/>
      </object_component>
      <object_component id="oc-4ad">
         <name>.text:MRFI_Receive</name>
         <load_address>0xb236</load_address>
         <run_address>0xb236</run_address>
         <size>0xe</size>
         <input_file_ref idref="fl-3"/>
      </object_component>
      <object_component id="oc-537">
         <name>.text:generateLinkToken</name>
         <load_address>0xb244</load_address>
         <run_address>0xb244</run_address>
         <size>0xe</size>
         <input_file_ref idref="fl-6"/>
      </object_component>
      <object_component id="oc-5ad">
         <name>.text:mrfiSpiWriteTxFifo</name>
         <load_address>0xb252</load_address>
         <run_address>0xb252</run_address>
         <size>0xe</size>
         <input_file_ref idref="fl-3"/>
      </object_component>
      <object_component id="oc-370">
         <name>.text:nwk_setJoinContext</name>
         <load_address>0xb260</load_address>
         <run_address>0xb260</run_address>
         <size>0xe</size>
         <input_file_ref idref="fl-6"/>
      </object_component>
      <object_component id="oc-2c2">
         <name>.text:nwk_setListenContext</name>
         <load_address>0xb26e</load_address>
         <run_address>0xb26e</run_address>
         <size>0xe</size>
         <input_file_ref idref="fl-7"/>
      </object_component>
      <object_component id="oc-59c">
         <name>.text:MRFI_PostKillSem</name>
         <load_address>0xb27c</load_address>
         <run_address>0xb27c</run_address>
         <size>0xc</size>
         <input_file_ref idref="fl-3"/>
      </object_component>
      <object_component id="oc-628">
         <name>.text:handlePingRequest</name>
         <load_address>0xb288</load_address>
         <run_address>0xb288</run_address>
         <size>0xc</size>
         <input_file_ref idref="fl-9"/>
      </object_component>
      <object_component id="oc-311">
         <name>.text:mrfiSpiReadRxFifo</name>
         <load_address>0xb294</load_address>
         <run_address>0xb294</run_address>
         <size>0xc</size>
         <input_file_ref idref="fl-3"/>
      </object_component>
      <object_component id="oc-646">
         <name>.text:smpl_send_mgmt_reply</name>
         <load_address>0xb2a0</load_address>
         <run_address>0xb2a0</run_address>
         <size>0xc</size>
         <input_file_ref idref="fl-8"/>
      </object_component>
      <object_component id="oc-34d">
         <name>.text:BSP_InitButtons</name>
         <load_address>0xb2ac</load_address>
         <run_address>0xb2ac</run_address>
         <size>0xa</size>
         <input_file_ref idref="fl-2"/>
      </object_component>
      <object_component id="oc-248">
         <name>.text:BSP_InitDrivers</name>
         <load_address>0xb2b6</load_address>
         <run_address>0xb2b6</run_address>
         <size>0xa</size>
         <input_file_ref idref="fl-2"/>
      </object_component>
      <object_component id="oc-3fb">
         <name>.text:nwk_freqInit</name>
         <load_address>0xb2c0</load_address>
         <run_address>0xb2c0</run_address>
         <size>0xa</size>
         <input_file_ref idref="fl-4"/>
      </object_component>
      <object_component id="oc-40d">
         <name>.text:nwk_mgmtInit</name>
         <load_address>0xb2ca</load_address>
         <run_address>0xb2ca</run_address>
         <size>0xa</size>
         <input_file_ref idref="fl-8"/>
      </object_component>
      <object_component id="oc-401">
         <name>.text:nwk_pingInit</name>
         <load_address>0xb2d4</load_address>
         <run_address>0xb2d4</run_address>
         <size>0xa</size>
         <input_file_ref idref="fl-9"/>
      </object_component>
      <object_component id="oc-115">
         <name>.text:ADC10_ISR</name>
         <load_address>0xb2de</load_address>
         <run_address>0xb2de</run_address>
         <size>0x8</size>
         <input_file_ref idref="fl-10"/>
      </object_component>
      <object_component id="oc-10a">
         <name>.text:_isr:__TI_ISR_TRAP</name>
         <load_address>0xb2e6</load_address>
         <run_address>0xb2e6</run_address>
         <size>0x8</size>
         <input_file_ref idref="fl-40"/>
      </object_component>
      <object_component id="oc-392">
         <name>.text:nwk_getChannel</name>
         <load_address>0xb2ee</load_address>
         <run_address>0xb2ee</run_address>
         <size>0x8</size>
         <input_file_ref idref="fl-4"/>
      </object_component>
      <object_component id="oc-2bc">
         <name>.text:MRFI_GetRadioState</name>
         <load_address>0xb2f6</load_address>
         <run_address>0xb2f6</run_address>
         <size>0x6</size>
         <input_file_ref idref="fl-3"/>
      </object_component>
      <object_component id="oc-121">
         <name>.text:Timer_B</name>
         <load_address>0xb2fc</load_address>
         <run_address>0xb2fc</run_address>
         <size>0x6</size>
         <input_file_ref idref="fl-10"/>
      </object_component>
      <object_component id="oc-156">
         <name>.text:abort</name>
         <load_address>0xb302</load_address>
         <run_address>0xb302</run_address>
         <size>0x6</size>
         <input_file_ref idref="fl-37"/>
      </object_component>
      <object_component id="oc-38">
         <name>.text:decompress:rle24:__TI_decompress_rle24</name>
         <load_address>0xb308</load_address>
         <run_address>0xb308</run_address>
         <size>0x6</size>
         <input_file_ref idref="fl-30"/>
      </object_component>
      <object_component id="oc-35b">
         <name>.text:nwk_freeConnection</name>
         <load_address>0xb30e</load_address>
         <run_address>0xb30e</run_address>
         <size>0x6</size>
         <input_file_ref idref="fl-b"/>
      </object_component>
      <object_component id="oc-41f">
         <name>.text:nwk_getBCastAddress</name>
         <load_address>0xb314</load_address>
         <run_address>0xb314</run_address>
         <size>0x6</size>
         <input_file_ref idref="fl-f"/>
      </object_component>
      <object_component id="oc-25b">
         <name>.text:nwk_getFWVersion</name>
         <load_address>0xb31a</load_address>
         <run_address>0xb31a</run_address>
         <size>0x6</size>
         <input_file_ref idref="fl-f"/>
      </object_component>
      <object_component id="oc-68f">
         <name>.text:nwk_getMyRxType</name>
         <load_address>0xb320</load_address>
         <run_address>0xb320</run_address>
         <size>0x6</size>
         <input_file_ref idref="fl-e"/>
      </object_component>
      <object_component id="oc-255">
         <name>.text:nwk_getProtocolVersion</name>
         <load_address>0xb326</load_address>
         <run_address>0xb326</run_address>
         <size>0x6</size>
         <input_file_ref idref="fl-f"/>
      </object_component>
      <object_component id="oc-12e">
         <name>.text:_system_pre_init</name>
         <load_address>0xb32c</load_address>
         <run_address>0xb32c</run_address>
         <size>0x4</size>
         <input_file_ref idref="fl-49"/>
      </object_component>
      <object_component id="oc-2b3">
         <name>.text:nwk_join</name>
         <load_address>0xb330</load_address>
         <run_address>0xb330</run_address>
         <size>0x4</size>
         <input_file_ref idref="fl-6"/>
      </object_component>
      <object_component id="oc-5f5">
         <name>.text:nwk_processSecurity</name>
         <load_address>0xb334</load_address>
         <run_address>0xb334</run_address>
         <size>0x4</size>
         <input_file_ref idref="fl-a"/>
      </object_component>
      <object_component id="oc-196">
         <name>.text:_system_post_cinit</name>
         <load_address>0xb338</load_address>
         <run_address>0xb338</run_address>
         <size>0x2</size>
         <input_file_ref idref="fl-4e"/>
      </object_component>
      <object_component id="oc-69c">
         <name>.text:nwk_purgeJoined</name>
         <load_address>0xb33a</load_address>
         <run_address>0xb33a</run_address>
         <size>0x2</size>
         <input_file_ref idref="fl-6"/>
      </object_component>
      <object_component id="oc-419">
         <name>.text:nwk_securityInit</name>
         <load_address>0xb33c</load_address>
         <run_address>0xb33c</run_address>
         <size>0x2</size>
         <input_file_ref idref="fl-a"/>
      </object_component>
      <object_component id="oc-70c">
         <name>.cinit..data.load</name>
         <load_address>0xb62a</load_address>
         <run_address>0xb62a</run_address>
         <size>0x18</size>
      </object_component>
      <object_component id="oc-70b">
         <name>.cinit..bss.load</name>
         <load_address>0xb642</load_address>
         <run_address>0xb642</run_address>
         <size>0xb</size>
      </object_component>
      <object_component id="oc-709">
         <name>__TI_handler_table</name>
         <load_address>0xb64e</load_address>
         <run_address>0xb64e</run_address>
         <size>0x4</size>
      </object_component>
      <object_component id="oc-70a">
         <name>__TI_cinit_table</name>
         <load_address>0xb652</load_address>
         <run_address>0xb652</run_address>
         <size>0x8</size>
      </object_component>
      <object_component id="oc-1ca">
         <name>.const:.string:splash</name>
         <load_address>0xb33e</load_address>
         <run_address>0xb33e</run_address>
         <size>0x187</size>
         <input_file_ref idref="fl-10"/>
      </object_component>
      <object_component id="oc-459">
         <name>.const:.string:$P$T0$1</name>
         <load_address>0xb4c6</load_address>
         <run_address>0xb4c6</run_address>
         <size>0x86</size>
         <input_file_ref idref="fl-10"/>
      </object_component>
      <object_component id="oc-3bf">
         <name>.const:mrfiRadioCfg</name>
         <load_address>0xb54c</load_address>
         <run_address>0xb54c</run_address>
         <size>0x3e</size>
         <input_file_ref idref="fl-3"/>
      </object_component>
      <object_component id="oc-1d3">
         <name>.const:.string</name>
         <load_address>0xb58a</load_address>
         <run_address>0xb58a</run_address>
         <size>0x24</size>
         <input_file_ref idref="fl-10"/>
      </object_component>
      <object_component id="oc-581">
         <name>.const:func</name>
         <load_address>0xb5ae</load_address>
         <run_address>0xb5ae</run_address>
         <size>0xc</size>
         <input_file_ref idref="fl-e"/>
      </object_component>
      <object_component id="oc-474">
         <name>.const:.string:$P$T9$10</name>
         <load_address>0xb5ba</load_address>
         <run_address>0xb5ba</run_address>
         <size>0xb</size>
         <input_file_ref idref="fl-10"/>
      </object_component>
      <object_component id="oc-468">
         <name>.const:.string:$P$T5$6</name>
         <load_address>0xb5c6</load_address>
         <run_address>0xb5c6</run_address>
         <size>0x9</size>
         <input_file_ref idref="fl-10"/>
      </object_component>
      <object_component id="oc-46b">
         <name>.const:.string:$P$T6$7</name>
         <load_address>0xb5d0</load_address>
         <run_address>0xb5d0</run_address>
         <size>0x9</size>
         <input_file_ref idref="fl-10"/>
      </object_component>
      <object_component id="oc-46e">
         <name>.const:.string:$P$T7$8</name>
         <load_address>0xb5da</load_address>
         <run_address>0xb5da</run_address>
         <size>0x9</size>
         <input_file_ref idref="fl-10"/>
      </object_component>
      <object_component id="oc-471">
         <name>.const:.string:$P$T8$9</name>
         <load_address>0xb5e4</load_address>
         <run_address>0xb5e4</run_address>
         <size>0x8</size>
         <input_file_ref idref="fl-10"/>
      </object_component>
      <object_component id="oc-477">
         <name>.const:.string:$P$T10$11</name>
         <load_address>0xb5ec</load_address>
         <run_address>0xb5ec</run_address>
         <size>0x7</size>
         <input_file_ref idref="fl-10"/>
      </object_component>
      <object_component id="oc-47a">
         <name>.const:.string:$P$T11$12</name>
         <load_address>0xb5f4</load_address>
         <run_address>0xb5f4</run_address>
         <size>0x7</size>
         <input_file_ref idref="fl-10"/>
      </object_component>
      <object_component id="oc-462">
         <name>.const:.string:$P$T3$4</name>
         <load_address>0xb5fc</load_address>
         <run_address>0xb5fc</run_address>
         <size>0x7</size>
         <input_file_ref idref="fl-10"/>
      </object_component>
      <object_component id="oc-45f">
         <name>.const:.string:$P$T2$3</name>
         <load_address>0xb604</load_address>
         <run_address>0xb604</run_address>
         <size>0x6</size>
         <input_file_ref idref="fl-10"/>
      </object_component>
      <object_component id="oc-465">
         <name>.const:.string:$P$T4$5</name>
         <load_address>0xb60a</load_address>
         <run_address>0xb60a</run_address>
         <size>0x6</size>
         <input_file_ref idref="fl-10"/>
      </object_component>
      <object_component id="oc-45c">
         <name>.const:.string:$P$T1$2</name>
         <load_address>0xb610</load_address>
         <run_address>0xb610</run_address>
         <size>0x5</size>
         <input_file_ref idref="fl-10"/>
      </object_component>
      <object_component id="oc-355">
         <name>.const:sVersionInfo</name>
         <load_address>0xb615</load_address>
         <run_address>0xb615</run_address>
         <size>0x5</size>
         <input_file_ref idref="fl-f"/>
      </object_component>
      <object_component id="oc-5ba">
         <name>.const:$P$T0$1</name>
         <load_address>0xb61a</load_address>
         <run_address>0xb61a</run_address>
         <size>0x4</size>
         <input_file_ref idref="fl-f"/>
      </object_component>
      <object_component id="oc-4a2">
         <name>.const:.string:mrfiBroadcastAddr</name>
         <load_address>0xb61e</load_address>
         <run_address>0xb61e</run_address>
         <size>0x4</size>
         <input_file_ref idref="fl-3"/>
      </object_component>
      <object_component id="oc-50b">
         <name>.const:.string:mrfiLogicalChanTable</name>
         <load_address>0xb622</load_address>
         <run_address>0xb622</run_address>
         <size>0x4</size>
         <input_file_ref idref="fl-3"/>
      </object_component>
      <object_component id="oc-4d0">
         <name>.const:sMyROMAddress</name>
         <load_address>0xb626</load_address>
         <run_address>0xb626</run_address>
         <size>0x4</size>
         <input_file_ref idref="fl-f"/>
      </object_component>
      <object_component id="oc-6d3">
         <name>.binit</name>
         <load_address>0x8000</load_address>
         <run_address>0x8000</run_address>
         <size>0x0</size>
      </object_component>
      <object_component id="oc-3e">
         <name>.int02</name>
         <load_address>0xffe4</load_address>
         <run_address>0xffe4</run_address>
         <size>0x2</size>
         <input_file_ref idref="fl-39"/>
      </object_component>
      <object_component id="oc-3f">
         <name>.int03</name>
         <load_address>0xffe6</load_address>
         <run_address>0xffe6</run_address>
         <size>0x2</size>
         <input_file_ref idref="fl-3"/>
      </object_component>
      <object_component id="oc-40">
         <name>.int05</name>
         <load_address>0xffea</load_address>
         <run_address>0xffea</run_address>
         <size>0x2</size>
         <input_file_ref idref="fl-10"/>
      </object_component>
      <object_component id="oc-41">
         <name>.int06</name>
         <load_address>0xffec</load_address>
         <run_address>0xffec</run_address>
         <size>0x2</size>
         <input_file_ref idref="fl-3a"/>
      </object_component>
      <object_component id="oc-42">
         <name>.int07</name>
         <load_address>0xffee</load_address>
         <run_address>0xffee</run_address>
         <size>0x2</size>
         <input_file_ref idref="fl-10"/>
      </object_component>
      <object_component id="oc-43">
         <name>.int08</name>
         <load_address>0xfff0</load_address>
         <run_address>0xfff0</run_address>
         <size>0x2</size>
         <input_file_ref idref="fl-3b"/>
      </object_component>
      <object_component id="oc-44">
         <name>.int09</name>
         <load_address>0xfff2</load_address>
         <run_address>0xfff2</run_address>
         <size>0x2</size>
         <input_file_ref idref="fl-3c"/>
      </object_component>
      <object_component id="oc-45">
         <name>.int10</name>
         <load_address>0xfff4</load_address>
         <run_address>0xfff4</run_address>
         <size>0x2</size>
         <input_file_ref idref="fl-3d"/>
      </object_component>
      <object_component id="oc-46">
         <name>.int12</name>
         <load_address>0xfff8</load_address>
         <run_address>0xfff8</run_address>
         <size>0x2</size>
         <input_file_ref idref="fl-3e"/>
      </object_component>
      <object_component id="oc-47">
         <name>.int13</name>
         <load_address>0xfffa</load_address>
         <run_address>0xfffa</run_address>
         <size>0x2</size>
         <input_file_ref idref="fl-10"/>
      </object_component>
      <object_component id="oc-48">
         <name>.int14</name>
         <load_address>0xfffc</load_address>
         <run_address>0xfffc</run_address>
         <size>0x2</size>
         <input_file_ref idref="fl-3f"/>
      </object_component>
      <object_component id="oc-ef">
         <name>.reset</name>
         <load_address>0xfffe</load_address>
         <run_address>0xfffe</run_address>
         <size>0x2</size>
         <input_file_ref idref="fl-2d"/>
      </object_component>
      <object_component id="oc-1b3">
         <name>.debug_info</name>
         <load_address>0x0</load_address>
         <run_address>0x0</run_address>
         <size>0x174</size>
         <input_file_ref idref="fl-2"/>
      </object_component>
      <object_component id="oc-243">
         <name>.debug_info</name>
         <load_address>0x174</load_address>
         <run_address>0x174</run_address>
         <size>0x1c6</size>
         <input_file_ref idref="fl-2"/>
      </object_component>
      <object_component id="oc-502">
         <name>.debug_info</name>
         <load_address>0x33a</load_address>
         <run_address>0x33a</run_address>
         <size>0x1e0</size>
         <input_file_ref idref="fl-2"/>
      </object_component>
      <object_component id="oc-249">
         <name>.debug_info</name>
         <load_address>0x51a</load_address>
         <run_address>0x51a</run_address>
         <size>0x1f7</size>
         <input_file_ref idref="fl-2"/>
      </object_component>
      <object_component id="oc-348">
         <name>.debug_info</name>
         <load_address>0x711</load_address>
         <run_address>0x711</run_address>
         <size>0x1be</size>
         <input_file_ref idref="fl-2"/>
      </object_component>
      <object_component id="oc-34e">
         <name>.debug_info</name>
         <load_address>0x8cf</load_address>
         <run_address>0x8cf</run_address>
         <size>0x1ca</size>
         <input_file_ref idref="fl-2"/>
      </object_component>
      <object_component id="oc-164">
         <name>.debug_info</name>
         <load_address>0xa99</load_address>
         <run_address>0xa99</run_address>
         <size>0x84</size>
         <input_file_ref idref="fl-2"/>
      </object_component>
      <object_component id="oc-1fc">
         <name>.debug_info</name>
         <load_address>0xb1d</load_address>
         <run_address>0xb1d</run_address>
         <size>0x6d</size>
         <input_file_ref idref="fl-2"/>
      </object_component>
      <object_component id="oc-1f6">
         <name>.debug_info</name>
         <load_address>0xb8a</load_address>
         <run_address>0xb8a</run_address>
         <size>0x2c</size>
         <input_file_ref idref="fl-2"/>
      </object_component>
      <object_component id="oc-488">
         <name>.debug_info</name>
         <load_address>0xbb6</load_address>
         <run_address>0xbb6</run_address>
         <size>0x487</size>
         <input_file_ref idref="fl-3"/>
      </object_component>
      <object_component id="oc-3c0">
         <name>.debug_info</name>
         <load_address>0x103d</load_address>
         <run_address>0x103d</run_address>
         <size>0xfb</size>
         <input_file_ref idref="fl-3"/>
      </object_component>
      <object_component id="oc-309">
         <name>.debug_info</name>
         <load_address>0x1138</load_address>
         <run_address>0x1138</run_address>
         <size>0x157</size>
         <input_file_ref idref="fl-3"/>
      </object_component>
      <object_component id="oc-318">
         <name>.debug_info</name>
         <load_address>0x128f</load_address>
         <run_address>0x128f</run_address>
         <size>0x108</size>
         <input_file_ref idref="fl-3"/>
      </object_component>
      <object_component id="oc-3c9">
         <name>.debug_info</name>
         <load_address>0x1397</load_address>
         <run_address>0x1397</run_address>
         <size>0x18f</size>
         <input_file_ref idref="fl-3"/>
      </object_component>
      <object_component id="oc-4a3">
         <name>.debug_info</name>
         <load_address>0x1526</load_address>
         <run_address>0x1526</run_address>
         <size>0x106</size>
         <input_file_ref idref="fl-3"/>
      </object_component>
      <object_component id="oc-50c">
         <name>.debug_info</name>
         <load_address>0x162c</load_address>
         <run_address>0x162c</run_address>
         <size>0x10b</size>
         <input_file_ref idref="fl-3"/>
      </object_component>
      <object_component id="oc-4a0">
         <name>.debug_info</name>
         <load_address>0x1737</load_address>
         <run_address>0x1737</run_address>
         <size>0x103</size>
         <input_file_ref idref="fl-3"/>
      </object_component>
      <object_component id="oc-296">
         <name>.debug_info</name>
         <load_address>0x183a</load_address>
         <run_address>0x183a</run_address>
         <size>0x3b3</size>
         <input_file_ref idref="fl-3"/>
      </object_component>
      <object_component id="oc-4de">
         <name>.debug_info</name>
         <load_address>0x1bed</load_address>
         <run_address>0x1bed</run_address>
         <size>0x38c</size>
         <input_file_ref idref="fl-3"/>
      </object_component>
      <object_component id="oc-4ae">
         <name>.debug_info</name>
         <load_address>0x1f79</load_address>
         <run_address>0x1f79</run_address>
         <size>0x197</size>
         <input_file_ref idref="fl-3"/>
      </object_component>
      <object_component id="oc-20b">
         <name>.debug_info</name>
         <load_address>0x2110</load_address>
         <run_address>0x2110</run_address>
         <size>0x304</size>
         <input_file_ref idref="fl-3"/>
      </object_component>
      <object_component id="oc-42d">
         <name>.debug_info</name>
         <load_address>0x2414</load_address>
         <run_address>0x2414</run_address>
         <size>0x18b</size>
         <input_file_ref idref="fl-3"/>
      </object_component>
      <object_component id="oc-2ae">
         <name>.debug_info</name>
         <load_address>0x259f</load_address>
         <run_address>0x259f</run_address>
         <size>0x181</size>
         <input_file_ref idref="fl-3"/>
      </object_component>
      <object_component id="oc-3cc">
         <name>.debug_info</name>
         <load_address>0x2720</load_address>
         <run_address>0x2720</run_address>
         <size>0x1bb</size>
         <input_file_ref idref="fl-3"/>
      </object_component>
      <object_component id="oc-2d5">
         <name>.debug_info</name>
         <load_address>0x28db</load_address>
         <run_address>0x28db</run_address>
         <size>0x186</size>
         <input_file_ref idref="fl-3"/>
      </object_component>
      <object_component id="oc-2db">
         <name>.debug_info</name>
         <load_address>0x2a61</load_address>
         <run_address>0x2a61</run_address>
         <size>0x1a3</size>
         <input_file_ref idref="fl-3"/>
      </object_component>
      <object_component id="oc-2a2">
         <name>.debug_info</name>
         <load_address>0x2c04</load_address>
         <run_address>0x2c04</run_address>
         <size>0x1e1</size>
         <input_file_ref idref="fl-3"/>
      </object_component>
      <object_component id="oc-181">
         <name>.debug_info</name>
         <load_address>0x2de5</load_address>
         <run_address>0x2de5</run_address>
         <size>0x18b</size>
         <input_file_ref idref="fl-3"/>
      </object_component>
      <object_component id="oc-378">
         <name>.debug_info</name>
         <load_address>0x2f70</load_address>
         <run_address>0x2f70</run_address>
         <size>0x1dc</size>
         <input_file_ref idref="fl-3"/>
      </object_component>
      <object_component id="oc-327">
         <name>.debug_info</name>
         <load_address>0x314c</load_address>
         <run_address>0x314c</run_address>
         <size>0x1d9</size>
         <input_file_ref idref="fl-3"/>
      </object_component>
      <object_component id="oc-51e">
         <name>.debug_info</name>
         <load_address>0x3325</load_address>
         <run_address>0x3325</run_address>
         <size>0x191</size>
         <input_file_ref idref="fl-3"/>
      </object_component>
      <object_component id="oc-5b4">
         <name>.debug_info</name>
         <load_address>0x34b6</load_address>
         <run_address>0x34b6</run_address>
         <size>0x1d7</size>
         <input_file_ref idref="fl-3"/>
      </object_component>
      <object_component id="oc-3b4">
         <name>.debug_info</name>
         <load_address>0x368d</load_address>
         <run_address>0x368d</run_address>
         <size>0x1e8</size>
         <input_file_ref idref="fl-3"/>
      </object_component>
      <object_component id="oc-5c1">
         <name>.debug_info</name>
         <load_address>0x3875</load_address>
         <run_address>0x3875</run_address>
         <size>0x1ee</size>
         <input_file_ref idref="fl-3"/>
      </object_component>
      <object_component id="oc-2cf">
         <name>.debug_info</name>
         <load_address>0x3a63</load_address>
         <run_address>0x3a63</run_address>
         <size>0x1ca</size>
         <input_file_ref idref="fl-3"/>
      </object_component>
      <object_component id="oc-4ee">
         <name>.debug_info</name>
         <load_address>0x3c2d</load_address>
         <run_address>0x3c2d</run_address>
         <size>0x1bd</size>
         <input_file_ref idref="fl-3"/>
      </object_component>
      <object_component id="oc-59d">
         <name>.debug_info</name>
         <load_address>0x3dea</load_address>
         <run_address>0x3dea</run_address>
         <size>0x17b</size>
         <input_file_ref idref="fl-3"/>
      </object_component>
      <object_component id="oc-2bd">
         <name>.debug_info</name>
         <load_address>0x3f65</load_address>
         <run_address>0x3f65</run_address>
         <size>0x183</size>
         <input_file_ref idref="fl-3"/>
      </object_component>
      <object_component id="oc-3ae">
         <name>.debug_info</name>
         <load_address>0x40e8</load_address>
         <run_address>0x40e8</run_address>
         <size>0x16a</size>
         <input_file_ref idref="fl-3"/>
      </object_component>
      <object_component id="oc-333">
         <name>.debug_info</name>
         <load_address>0x4252</load_address>
         <run_address>0x4252</run_address>
         <size>0x1c2</size>
         <input_file_ref idref="fl-3"/>
      </object_component>
      <object_component id="oc-30c">
         <name>.debug_info</name>
         <load_address>0x4414</load_address>
         <run_address>0x4414</run_address>
         <size>0x1a9</size>
         <input_file_ref idref="fl-3"/>
      </object_component>
      <object_component id="oc-3ba">
         <name>.debug_info</name>
         <load_address>0x45bd</load_address>
         <run_address>0x45bd</run_address>
         <size>0x1ba</size>
         <input_file_ref idref="fl-3"/>
      </object_component>
      <object_component id="oc-48e">
         <name>.debug_info</name>
         <load_address>0x4777</load_address>
         <run_address>0x4777</run_address>
         <size>0x201</size>
         <input_file_ref idref="fl-3"/>
      </object_component>
      <object_component id="oc-5ae">
         <name>.debug_info</name>
         <load_address>0x4978</load_address>
         <run_address>0x4978</run_address>
         <size>0x1d6</size>
         <input_file_ref idref="fl-3"/>
      </object_component>
      <object_component id="oc-312">
         <name>.debug_info</name>
         <load_address>0x4b4e</load_address>
         <run_address>0x4b4e</run_address>
         <size>0x1d6</size>
         <input_file_ref idref="fl-3"/>
      </object_component>
      <object_component id="oc-495">
         <name>.debug_info</name>
         <load_address>0x4d24</load_address>
         <run_address>0x4d24</run_address>
         <size>0x1fb</size>
         <input_file_ref idref="fl-3"/>
      </object_component>
[...]
         <object_component_ref idref="oc-2e7"/>
      </symbol>
      <symbol id="sm-551">
         <name>nwk_isLinkDuplicate</name>
         <value>0xa60e</value>
         <object_component_ref idref="oc-67d"/>
      </symbol>
      <symbol id="sm-552">
         <name>nwk_isConnectionValid</name>
         <value>0xa158</value>
         <object_component_ref idref="oc-596"/>
      </symbol>
      <symbol id="sm-553">
         <name>nwk_isValidReply</name>
         <value>0xa944</value>
         <object_component_ref idref="oc-622"/>
      </symbol>
      <symbol id="sm-554">
         <name>nwk_allocateLocalRxPort</name>
         <value>0x96b2</value>
         <object_component_ref idref="oc-689"/>
      </symbol>
      <symbol id="sm-555">
         <name>nwk_nwkInit</name>
         <value>0xa08a</value>
         <object_component_ref idref="oc-29b"/>
      </symbol>
      <symbol id="sm-556">
         <name>nwk_getConnInfo</name>
         <value>0xabca</value>
         <object_component_ref idref="oc-2e1"/>
      </symbol>
      <symbol id="sm-5b1">
         <name>nwk_QadjustOrder</name>
         <value>0xaaca</value>
         <object_component_ref idref="oc-44b"/>
      </symbol>
      <symbol id="sm-5b2">
         <name>nwk_QfindSlot</name>
         <value>0x9cc6</value>
         <object_component_ref idref="oc-4a7"/>
      </symbol>
      <symbol id="sm-5b3">
         <name>nwk_QInit</name>
         <value>0xafe0</value>
         <object_component_ref idref="oc-3f5"/>
      </symbol>
      <symbol id="sm-5b4">
         <name>nwk_getQ</name>
         <value>0xb216</value>
         <object_component_ref idref="oc-60e"/>
      </symbol>
      <symbol id="sm-5b5">
         <name>nwk_QfindOldest</name>
         <value>0x8ecc</value>
         <object_component_ref idref="oc-445"/>
      </symbol>
      <symbol id="sm-5f9">
         <name>SMPL_Receive</name>
         <value>0xa456</value>
         <object_component_ref idref="oc-1e9"/>
      </symbol>
      <symbol id="sm-5fa">
         <name>SMPL_Init</name>
         <value>0xa896</value>
         <object_component_ref idref="oc-1da"/>
      </symbol>
      <symbol id="sm-5fb">
         <name>SMPL_LinkListen</name>
         <value>0x9ec6</value>
         <object_component_ref idref="oc-1e3"/>
      </symbol>
      <symbol id="sm-5fc">
         <name>SMPL_Ioctl</name>
         <value>0x99b6</value>
         <object_component_ref idref="oc-1be"/>
      </symbol>
      <symbol id="sm-688">
         <name>nwk_replayFrame</name>
         <value>0xa9b8</value>
         <object_component_ref idref="oc-584"/>
      </symbol>
      <symbol id="sm-689">
         <name>nwk_buildFrame</name>
         <value>0x9c3a</value>
         <object_component_ref idref="oc-37e"/>
      </symbol>
      <symbol id="sm-68a">
         <name>nwk_SendEmptyPollRspFrame</name>
         <value>0x9a5e</value>
         <object_component_ref idref="oc-6b1"/>
      </symbol>
      <symbol id="sm-68b">
         <name>nwk_sendFrame</name>
         <value>0xac8c</value>
         <object_component_ref idref="oc-384"/>
      </symbol>
      <symbol id="sm-68c">
         <name>nwk_getSandFFrame</name>
         <value>0x9dce</value>
         <object_component_ref idref="oc-6ab"/>
      </symbol>
      <symbol id="sm-68d">
         <name>isDupSandFFrame</name>
         <value>0x9b02</value>
         <object_component_ref idref="oc-590"/>
      </symbol>
      <symbol id="sm-68e">
         <name>nwk_getMyRxType</name>
         <value>0xb320</value>
         <object_component_ref idref="oc-68f"/>
      </symbol>
      <symbol id="sm-68f">
         <name>nwk_frameInit</name>
         <value>0xafa2</value>
         <object_component_ref idref="oc-3ec"/>
      </symbol>
      <symbol id="sm-690">
         <name>nwk_retrieveFrame</name>
         <value>0x990a</value>
         <object_component_ref idref="oc-2ed"/>
      </symbol>
      <symbol id="sm-691">
         <name>MRFI_RxCompleteISR</name>
         <value>0xaf62</value>
         <object_component_ref idref="oc-32c"/>
      </symbol>
      <symbol id="sm-6f3">
         <name>nwk_getProtocolVersion</name>
         <value>0xb326</value>
         <object_component_ref idref="oc-255"/>
      </symbol>
      <symbol id="sm-6f4">
         <name>nwk_getFWVersion</name>
         <value>0xb31a</value>
         <object_component_ref idref="oc-25b"/>
      </symbol>
      <symbol id="sm-6f5">
         <name>nwk_globalsInit</name>
         <value>0xad9e</value>
         <object_component_ref idref="oc-3e6"/>
      </symbol>
      <symbol id="sm-6f6">
         <name>nwk_setMyAddress</name>
         <value>0xb070</value>
         <object_component_ref idref="oc-363"/>
      </symbol>
      <symbol id="sm-6f7">
         <name>nwk_getBCastAddress</name>
         <value>0xb314</value>
         <object_component_ref idref="oc-41f"/>
      </symbol>
      <symbol id="sm-6f8">
         <name>nwk_getMyAddress</name>
         <value>0xb1d0</value>
         <object_component_ref idref="oc-369"/>
      </symbol>
      <symbol id="sm-6f9">
         <name>nwk_getAPAddress</name>
         <value>0xab32</value>
         <object_component_ref idref="oc-4e4"/>
      </symbol>
      <symbol id="sm-7e8">
         <name>verboseMode</name>
         <value>0x43b</value>
         <object_component_ref idref="oc-188"/>
      </symbol>
      <symbol id="sm-7e9">
         <name>USCI0RX_ISR</name>
         <value>0xa36c</value>
         <object_component_ref idref="oc-11b"/>
      </symbol>
      <symbol id="sm-7ea">
         <name>ADC10_ISR</name>
         <value>0xb2de</value>
         <object_component_ref idref="oc-115"/>
      </symbol>
      <symbol id="sm-7eb">
         <name>__TI_int07</name>
         <value>0xffee</value>
         <object_component_ref idref="oc-42"/>
      </symbol>
      <symbol id="sm-7ec">
         <name>__TI_int05</name>
         <value>0xffea</value>
         <object_component_ref idref="oc-40"/>
      </symbol>
      <symbol id="sm-7ed">
         <name>__TI_int13</name>
         <value>0xfffa</value>
         <object_component_ref idref="oc-47"/>
      </symbol>
      <symbol id="sm-7ee">
         <name>degCMode</name>
         <value>0x43c</value>
         <object_component_ref idref="oc-188"/>
      </symbol>
      <symbol id="sm-7ef">
         <name>transmitData</name>
         <value>0x9782</value>
         <object_component_ref idref="oc-1ef"/>
      </symbol>
      <symbol id="sm-7f0">
         <name>splash</name>
         <value>0xb33e</value>
         <object_component_ref idref="oc-1ca"/>
      </symbol>
      <symbol id="sm-7f1">
         <name>TXString</name>
         <value>0xb038</value>
         <object_component_ref idref="oc-1cd"/>
      </symbol>
      <symbol id="sm-7f2">
         <name>main</name>
         <value>0x8d58</value>
         <object_component_ref idref="oc-14e"/>
      </symbol>
      <symbol id="sm-7f3">
         <name>MCU_Init</name>
         <value>0xa40a</value>
         <object_component_ref idref="oc-1c4"/>
      </symbol>
      <symbol id="sm-7f4">
         <name>createRandomAddress</name>
         <value>0xa020</value>
         <object_component_ref idref="oc-1b8"/>
      </symbol>
      <symbol id="sm-7f5">
         <name>Timer_B</name>
         <value>0xb2fc</value>
         <object_component_ref idref="oc-121"/>
      </symbol>
      <symbol id="sm-7f6">
         <name>transmitDataString</name>
         <value>0x8000</value>
         <object_component_ref idref="oc-2f9"/>
      </symbol>
      <symbol id="sm-805">
         <name>TI_getRandomIntegerFromVLO</name>
         <value>0x9878</value>
         <object_component_ref idref="oc-24f"/>
      </symbol>
      <symbol id="sm-806">
         <name>TI_getRandomIntegerFromADC</name>
         <value>0x9850</value>
         <object_component_ref idref="oc-24f"/>
      </symbol>
      <symbol id="sm-810">
         <name>__mspabi_sral</name>
         <value>0xb206</value>
         <object_component_ref idref="oc-3d1"/>
      </symbol>
      <symbol id="sm-818">
         <name>_stack</name>
         <value>0x5b0</value>
         <object_component_ref idref="oc-ec"/>
      </symbol>
      <symbol id="sm-819">
         <name>_reset_vector</name>
         <value>0xfffe</value>
         <object_component_ref idref="oc-ef"/>
      </symbol>
      <symbol id="sm-823">
         <name>_c_int00_noargs_noexit</name>
         <value>0xb0a6</value>
         <object_component_ref idref="oc-67"/>
      </symbol>
      <symbol id="sm-839">
         <name>__TI_decompress_none</name>
         <value>0xb19a</value>
         <object_component_ref idref="oc-32"/>
      </symbol>
      <symbol id="sm-85b">
         <name>__TI_decompress_rle24</name>
         <value>0xb308</value>
         <object_component_ref idref="oc-38"/>
      </symbol>
      <symbol id="sm-868">
         <name>__mspabi_remi</name>
         <value>0xadca</value>
         <object_component_ref idref="oc-2f4"/>
      </symbol>
      <symbol id="sm-869">
         <name>__mspabi_divi</name>
         <value>0xadca</value>
         <object_component_ref idref="oc-2f4"/>
      </symbol>
      <symbol id="sm-873">
         <name>__mspabi_remu</name>
         <value>0xb136</value>
         <object_component_ref idref="oc-453"/>
      </symbol>
      <symbol id="sm-874">
         <name>__mspabi_divu</name>
         <value>0xb136</value>
         <object_component_ref idref="oc-453"/>
      </symbol>
      <symbol id="sm-880">
         <name>__mspabi_remli</name>
         <value>0xa760</value>
         <object_component_ref idref="oc-482"/>
      </symbol>
      <symbol id="sm-881">
         <name>__mspabi_divli</name>
         <value>0xa760</value>
         <object_component_ref idref="oc-482"/>
      </symbol>
      <symbol id="sm-88f">
         <name>__mspabi_remul</name>
         <value>0xa216</value>
         <object_component_ref idref="oc-3db"/>
      </symbol>
      <symbol id="sm-890">
         <name>__mspabi_divul</name>
         <value>0xa216</value>
         <object_component_ref idref="oc-3db"/>
      </symbol>
      <symbol id="sm-899">
         <name>__mspabi_func_epilog_2</name>
         <value>0xb230</value>
         <object_component_ref idref="oc-177"/>
      </symbol>
      <symbol id="sm-89a">
         <name>__mspabi_func_epilog_3</name>
         <value>0xb22e</value>
         <object_component_ref idref="oc-177"/>
      </symbol>
      <symbol id="sm-89b">
         <name>__mspabi_func_epilog_1</name>
         <value>0xb232</value>
         <object_component_ref idref="oc-177"/>
      </symbol>
      <symbol id="sm-89c">
         <name>__mspabi_func_epilog_6</name>
         <value>0xb228</value>
         <object_component_ref idref="oc-177"/>
      </symbol>
      <symbol id="sm-89d">
         <name>__mspabi_func_epilog_7</name>
         <value>0xb226</value>
         <object_component_ref idref="oc-177"/>
      </symbol>
      <symbol id="sm-89e">
         <name>__mspabi_func_epilog_4</name>
         <value>0xb22c</value>
         <object_component_ref idref="oc-177"/>
      </symbol>
      <symbol id="sm-89f">
         <name>__mspabi_func_epilog_5</name>
         <value>0xb22a</value>
         <object_component_ref idref="oc-177"/>
      </symbol>
      <symbol id="sm-8a9">
         <name>C$$EXIT</name>
         <value>0xb302</value>
         <object_component_ref idref="oc-156"/>
      </symbol>
      <symbol id="sm-8aa">
         <name>abort</name>
         <value>0xb302</value>
         <object_component_ref idref="oc-156"/>
      </symbol>
      <symbol id="sm-8ae">
         <name>__TI_int02</name>
         <value>0xffe4</value>
         <object_component_ref idref="oc-3e"/>
      </symbol>
      <symbol id="sm-8b1">
         <name>__TI_int06</name>
         <value>0xffec</value>
         <object_component_ref idref="oc-41"/>
      </symbol>
      <symbol id="sm-8b4">
         <name>__TI_int08</name>
         <value>0xfff0</value>
         <object_component_ref idref="oc-43"/>
      </symbol>
      <symbol id="sm-8b7">
         <name>__TI_int09</name>
         <value>0xfff2</value>
         <object_component_ref idref="oc-44"/>
      </symbol>
      <symbol id="sm-8ba">
         <name>__TI_int10</name>
         <value>0xfff4</value>
         <object_component_ref idref="oc-45"/>
      </symbol>
      <symbol id="sm-8bd">
         <name>__TI_int12</name>
         <value>0xfff8</value>
         <object_component_ref idref="oc-46"/>
      </symbol>
      <symbol id="sm-8c0">
         <name>__TI_int14</name>
         <value>0xfffc</value>
         <object_component_ref idref="oc-48"/>
      </symbol>
      <symbol id="sm-8c8">
         <name>__TI_ISR_TRAP</name>
         <value>0xb2e6</value>
         <object_component_ref idref="oc-10a"/>
      </symbol>
      <symbol id="sm-8d0">
         <name>__mspabi_slll_9</name>
         <value>0xa7b8</value>
         <object_component_ref idref="oc-47d"/>
      </symbol>
      <symbol id="sm-8d1">
         <name>__mspabi_slll_8</name>
         <value>0xa7bc</value>
         <object_component_ref idref="oc-47d"/>
      </symbol>
      <symbol id="sm-8d2">
         <name>__mspabi_slll_7</name>
         <value>0xa7c0</value>
         <object_component_ref idref="oc-47d"/>
      </symbol>
      <symbol id="sm-8d3">
         <name>__mspabi_slll_6</name>
         <value>0xa7c4</value>
         <object_component_ref idref="oc-47d"/>
      </symbol>
      <symbol id="sm-8d4">
         <name>__mspabi_slll_5</name>
         <value>0xa7c8</value>
         <object_component_ref idref="oc-47d"/>
      </symbol>
      <symbol id="sm-8d5">
         <name>__mspabi_slll_4</name>
         <value>0xa7cc</value>
         <object_component_ref idref="oc-47d"/>
      </symbol>
      <symbol id="sm-8d6">
         <name>__mspabi_slll_3</name>
         <value>0xa7d0</value>
         <object_component_ref idref="oc-47d"/>
      </symbol>
      <symbol id="sm-8d7">
         <name>__mspabi_slll_2</name>
         <value>0xa7d4</value>
         <object_component_ref idref="oc-47d"/>
      </symbol>
      <symbol id="sm-8d8">
         <name>__mspabi_slll_1</name>
         <value>0xa7d8</value>
         <object_component_ref idref="oc-47d"/>
      </symbol>
      <symbol id="sm-8d9">
         <name>__mspabi_slll_15</name>
         <value>0xa7a0</value>
         <object_component_ref idref="oc-47d"/>
      </symbol>
      <symbol id="sm-8da">
         <name>__mspabi_slll_14</name>
         <value>0xa7a4</value>
         <object_component_ref idref="oc-47d"/>
      </symbol>
      <symbol id="sm-8db">
         <name>__mspabi_slll_13</name>
         <value>0xa7a8</value>
         <object_component_ref idref="oc-47d"/>
      </symbol>
      <symbol id="sm-8dc">
         <name>__mspabi_slll_12</name>
         <value>0xa7ac</value>
         <object_component_ref idref="oc-47d"/>
      </symbol>
      <symbol id="sm-8dd">
         <name>__mspabi_slll_11</name>
         <value>0xa7b0</value>
         <object_component_ref idref="oc-47d"/>
      </symbol>
      <symbol id="sm-8de">
         <name>__mspabi_slll_10</name>
         <value>0xa7b4</value>
         <object_component_ref idref="oc-47d"/>
      </symbol>
      <symbol id="sm-8e6">
         <name>__mspabi_srli_8</name>
         <value>0xa4cc</value>
         <object_component_ref idref="oc-3e0"/>
      </symbol>
      <symbol id="sm-8e7">
         <name>__mspabi_srli_9</name>
         <value>0xa4c8</value>
         <object_component_ref idref="oc-3e0"/>
      </symbol>
      <symbol id="sm-8e8">
         <name>__mspabi_srli_6</name>
         <value>0xa4d4</value>
         <object_component_ref idref="oc-3e0"/>
      </symbol>
      <symbol id="sm-8e9">
         <name>__mspabi_srli_7</name>
         <value>0xa4d0</value>
         <object_component_ref idref="oc-3e0"/>
      </symbol>
      <symbol id="sm-8ea">
         <name>__mspabi_srli_4</name>
         <value>0xa4dc</value>
         <object_component_ref idref="oc-3e0"/>
      </symbol>
      <symbol id="sm-8eb">
         <name>__mspabi_srli_5</name>
         <value>0xa4d8</value>
         <object_component_ref idref="oc-3e0"/>
      </symbol>
      <symbol id="sm-8ec">
         <name>__mspabi_srli_2</name>
         <value>0xa4e4</value>
         <object_component_ref idref="oc-3e0"/>
      </symbol>
      <symbol id="sm-8ed">
         <name>__mspabi_srli_3</name>
         <value>0xa4e0</value>
         <object_component_ref idref="oc-3e0"/>
      </symbol>
      <symbol id="sm-8ee">
         <name>__mspabi_srli_1</name>
         <value>0xa4e8</value>
         <object_component_ref idref="oc-3e0"/>
      </symbol>
      <symbol id="sm-8ef">
         <name>__mspabi_srli</name>
         <value>0xa4a2</value>
         <object_component_ref idref="oc-3e0"/>
      </symbol>
      <symbol id="sm-8f0">
         <name>__mspabi_srli_15</name>
         <value>0xa4b0</value>
         <object_component_ref idref="oc-3e0"/>
      </symbol>
      <symbol id="sm-8f1">
         <name>__mspabi_srli_14</name>
         <value>0xa4b4</value>
         <object_component_ref idref="oc-3e0"/>
      </symbol>
      <symbol id="sm-8f2">
         <name>__mspabi_srli_13</name>
         <value>0xa4b8</value>
         <object_component_ref idref="oc-3e0"/>
      </symbol>
      <symbol id="sm-8f3">
         <name>__mspabi_srli_12</name>
         <value>0xa4bc</value>
         <object_component_ref idref="oc-3e0"/>
      </symbol>
      <symbol id="sm-8f4">
         <name>__mspabi_srli_11</name>
         <value>0xa4c0</value>
         <object_component_ref idref="oc-3e0"/>
      </symbol>
      <symbol id="sm-8f5">
         <name>__mspabi_srli_10</name>
         <value>0xa4c4</value>
         <object_component_ref idref="oc-3e0"/>
      </symbol>
      <symbol id="sm-904">
         <name>memcmp</name>
         <value>0xaf20</value>
         <object_component_ref idref="oc-4f3"/>
      </symbol>
      <symbol id="sm-912">
         <name>memcpy</name>
         <value>0xb1be</value>
         <object_component_ref idref="oc-f0"/>
      </symbol>
      <symbol id="sm-920">
         <name>memset</name>
         <value>0xb14c</value>
         <object_component_ref idref="oc-31a"/>
      </symbol>
      <symbol id="sm-92b">
         <name>__mspabi_mpyi_sw</name>
         <value>0xb174</value>
         <object_component_ref idref="oc-213"/>
      </symbol>
      <symbol id="sm-92c">
         <name>__mspabi_mpyi</name>
         <value>0xb174</value>
         <object_component_ref idref="oc-213"/>
      </symbol>
      <symbol id="sm-936">
         <name>__mspabi_mpyl_sw</name>
         <value>0xae92</value>
         <object_component_ref idref="oc-3d6"/>
      </symbol>
      <symbol id="sm-937">
         <name>__mspabi_mpyl</name>
         <value>0xae92</value>
         <object_component_ref idref="oc-3d6"/>
      </symbol>
      <symbol id="sm-940">
         <name>_system_pre_init</name>
         <value>0xb32c</value>
         <object_component_ref idref="oc-12e"/>
      </symbol>
      <symbol id="sm-95e">
         <name>_auto_init</name>
         <value>0x9fb2</value>
         <object_component_ref idref="oc-134"/>
      </symbol>
      <symbol id="sm-974">
         <name>copy_in</name>
         <value>0xa1bc</value>
         <object_component_ref idref="oc-190"/>
      </symbol>
      <symbol id="sm-97d">
         <name>_system_post_cinit</name>
         <value>0xb338</value>
         <object_component_ref idref="oc-196"/>
      </symbol>
      <symbol id="sm-980">
         <name>__TI_BINIT_Base</name>
         <value>0x0</value>
      </symbol>
      <symbol id="sm-981">
         <name>__TI_BINIT_Limit</name>
         <value>0x0</value>
      </symbol>
      <symbol id="sm-982">
         <name>__TI_INITARRAY_Base</name>
         <value>0x0</value>
      </symbol>
      <symbol id="sm-983">
         <name>__TI_INITARRAY_Limit</name>
         <value>0x0</value>
      </symbol>
   </symbol_table>
   <title>Link successful</title>
</link_info>
