<?xml version="1.0"?>
<link_info>
   <banner>MSP430 Linker Unix v16.9.0.LTS</banner>
   <copyright>Copyright (c) 2003-2015 Texas Instruments Incorporated</copyright>
   <link_time>0x5894699d</link_time>
   <link_errors>0x0</link_errors>
   <output_file>APasdatahub.out</output_file>
   <entry_point>
      <name>_c_int00_noargs_noexit</name>
      <address>0xab9c</address>
   </entry_point>
   <input_file_list>
      <input_file id="fl-2">
         <path>./Components/bsp/</path>
         <kind>object</kind>
         <file>bsp.obj</file>
         <name>bsp.obj</name>
      </input_file>
      <input_file id="fl-3">
         <path>./Components/mrfi/</path>
         <kind>object</kind>
         <file>mrfi.obj</file>
         <name>mrfi.obj</name>
      </input_file>
      <input_file id="fl-4">
         <path>./Components/simpliciti/network_applications/</path>
         <kind>object</kind>
         <file>nwk_freq.obj</file>
         <name>nwk_freq.obj</name>
      </input_file>
      <input_file id="fl-5">
         <path>./Components/simpliciti/network_applications/</path>
         <kind>object</kind>
         <file>nwk_ioctl.obj</file>
         <name>nwk_ioctl.obj</name>
      </input_file>
      <input_file id="fl-6">
         <path>./Components/simpliciti/network_applications/</path>
         <kind>object</kind>
         <file>nwk_join.obj</file>
         <name>nwk_join.obj</name>
      </input_file>
      <input_file id="fl-7">
         <path>./Components/simpliciti/network_applications/</path>
         <kind>object</kind>
         <file>nwk_link.obj</file>
         <name>nwk_link.obj</name>
      </input_file>
      <input_file id="fl-8">
         <path>./Components/simpliciti/network_applications/</path>
         <kind>object</kind>
         <file>nwk_mgmt.obj</file>
         <name>nwk_mgmt.obj</name>
      </input_file>
      <input_file id="fl-9">
         <path>./Components/simpliciti/network_applications/</path>
         <kind>object</kind>
         <file>nwk_ping.obj</file>
         <name>nwk_ping.obj</name>
      </input_file>
      <input_file id="fl-a">
         <path>./Components/simpliciti/network_applications/</path>
         <kind>object</kind>
         <file>nwk_security.obj</file>
         <name>nwk_security.obj</name>
      </input_file>
      <input_file id="fl-b">
         <path>./Components/simpliciti/nwk/</path>
         <kind>object</kind>
         <file>nwk.obj</file>
         <name>nwk.obj</name>
      </input_file>
      <input_file id="fl-c">
         <path>./Components/simpliciti/nwk/</path>
         <kind>object</kind>
         <file>nwk_QMgmt.obj</file>
         <name>nwk_QMgmt.obj</name>
      </input_file>
      <input_file id="fl-d">
         <path>./Components/simpliciti/nwk/</path>
         <kind>object</kind>
         <file>nwk_api.obj</file>
         <name>nwk_api.obj</name>
      </input_file>
      <input_file id="fl-e">
         <path>./Components/simpliciti/nwk/</path>
         <kind>object</kind>
         <file>nwk_frame.obj</file>
         <name>nwk_frame.obj</name>
      </input_file>
      <input_file id="fl-f">
         <path>./Components/simpliciti/nwk/</path>
         <kind>object</kind>
         <file>nwk_globals.obj</file>
         <name>nwk_globals.obj</name>
      </input_file>
      <input_file id="fl-10">
         <path>./Peer Applications/</path>
         <kind>object</kind>
         <file>SEH_ED_v1.5.obj</file>
         <name>SEH_ED_v1.5.obj</name>
      </input_file>
      <input_file id="fl-11">
         <path>./Peer Applications/</path>
         <kind>object</kind>
         <file>vlo_rand.obj</file>
         <name>vlo_rand.obj</name>
      </input_file>
      <input_file id="fl-2c">
         <path>/ti/ccsv7/tools/compiler/ti-cgt-msp430_16.9.0.LTS/lib/</path>
         <kind>archive</kind>
         <file>rts430_eabi.lib</file>
         <name>addd.obj</name>
      </input_file>
      <input_file id="fl-2d">
         <path>/ti/ccsv7/tools/compiler/ti-cgt-msp430_16.9.0.LTS/lib/</path>
         <kind>archive</kind>
         <file>rts430_eabi.lib</file>
         <name>asr16.obj</name>
      </input_file>
      <input_file id="fl-2e">
         <path>/ti/ccsv7/tools/compiler/ti-cgt-msp430_16.9.0.LTS/lib/</path>
         <kind>archive</kind>
         <file>rts430_eabi.lib</file>
         <name>asr32.obj</name>
      </input_file>
      <input_file id="fl-2f">
         <path>/ti/ccsv7/tools/compiler/ti-cgt-msp430_16.9.0.LTS/lib/</path>
         <kind>archive</kind>
         <file>rts430_eabi.lib</file>
         <name>boot.obj</name>
      </input_file>
      <input_file id="fl-30">
         <path>/ti/ccsv7/tools/compiler/ti-cgt-msp430_16.9.0.LTS/lib/</path>
         <kind>archive</kind>
         <file>rts430_eabi.lib</file>
         <name>boot_special.obj</name>
      </input_file>
      <input_file id="fl-31">
         <path>/ti/ccsv7/tools/compiler/ti-cgt-msp430_16.9.0.LTS/lib/</path>
         <kind>archive</kind>
         <file>rts430_eabi.lib</file>
         <name>copy_decompress_lzss.obj</name>
      </input_file>
      <input_file id="fl-32">
         <path>/ti/ccsv7/tools/compiler/ti-cgt-msp430_16.9.0.LTS/lib/</path>
         <kind>archive</kind>
         <file>rts430_eabi.lib</file>
         <name>copy_decompress_none.obj</name>
      </input_file>
      <input_file id="fl-33">
         <path>/ti/ccsv7/tools/compiler/ti-cgt-msp430_16.9.0.LTS/lib/</path>
         <kind>archive</kind>
         <file>rts430_eabi.lib</file>
         <name>copy_zero_init.obj</name>
      </input_file>
      <input_file id="fl-34">
         <path>/ti/ccsv7/tools/compiler/ti-cgt-msp430_16.9.0.LTS/lib/</path>
         <kind>archive</kind>
         <file>rts430_eabi.lib</file>
         <name>cvtdf.obj</name>
      </input_file>
      <input_file id="fl-35">
         <path>/ti/ccsv7/tools/compiler/ti-cgt-msp430_16.9.0.LTS/lib/</path>
         <kind>archive</kind>
         <file>rts430_eabi.lib</file>
         <name>cvtfd.obj</name>
      </input_file>
      <input_file id="fl-36">
         <path>/ti/ccsv7/tools/compiler/ti-cgt-msp430_16.9.0.LTS/lib/</path>
         <kind>archive</kind>
         <file>rts430_eabi.lib</file>
         <name>div16s.obj</name>
      </input_file>
      <input_file id="fl-37">
         <path>/ti/ccsv7/tools/compiler/ti-cgt-msp430_16.9.0.LTS/lib/</path>
         <kind>archive</kind>
         <file>rts430_eabi.lib</file>
         <name>div16u.obj</name>
      </input_file>
      <input_file id="fl-38">
         <path>/ti/ccsv7/tools/compiler/ti-cgt-msp430_16.9.0.LTS/lib/</path>
         <kind>archive</kind>
         <file>rts430_eabi.lib</file>
         <name>div32u.obj</name>
      </input_file>
      <input_file id="fl-39">
         <path>/ti/ccsv7/tools/compiler/ti-cgt-msp430_16.9.0.LTS/lib/</path>
         <kind>archive</kind>
         <file>rts430_eabi.lib</file>
         <name>epilog.obj</name>
      </input_file>
      <input_file id="fl-3a">
         <path>/ti/ccsv7/tools/compiler/ti-cgt-msp430_16.9.0.LTS/lib/</path>
         <kind>archive</kind>
         <file>rts430_eabi.lib</file>
         <name>exit.obj</name>
      </input_file>
      <input_file id="fl-3b">
         <path>/ti/ccsv7/tools/compiler/ti-cgt-msp430_16.9.0.LTS/lib/</path>
         <kind>archive</kind>
         <file>rts430_eabi.lib</file>
         <name>exit_gvars.obj</name>
      </input_file>
      <input_file id="fl-3c">
         <path>/ti/ccsv7/tools/compiler/ti-cgt-msp430_16.9.0.LTS/lib/</path>
         <kind>archive</kind>
         <file>rts430_eabi.lib</file>
         <name>frcaddd.obj</name>
      </input_file>
      <input_file id="fl-3d">
         <path>/ti/ccsv7/tools/compiler/ti-cgt-msp430_16.9.0.LTS/lib/</path>
         <kind>archive</kind>
         <file>rts430_eabi.lib</file>
         <name>fs_mpy.obj</name>
      </input_file>
      <input_file id="fl-3e">
         <path>/ti/ccsv7/tools/compiler/ti-cgt-msp430_16.9.0.LTS/lib/</path>
         <kind>archive</kind>
         <file>rts430_eabi.lib</file>
         <name>fs_toi.obj</name>
      </input_file>
      <input_file id="fl-3f">
         <path>/ti/ccsv7/tools/compiler/ti-cgt-msp430_16.9.0.LTS/lib/</path>
         <kind>archive</kind>
         <file>rts430_eabi.lib</file>
         <name>fs_tou.obj</name>
      </input_file>
      <input_file id="fl-40">
         <path>/ti/ccsv7/tools/compiler/ti-cgt-msp430_16.9.0.LTS/lib/</path>
         <kind>archive</kind>
         <file>rts430_eabi.lib</file>
         <name>fs_utof.obj</name>
      </input_file>
      <input_file id="fl-41">
         <path>/ti/ccsv7/tools/compiler/ti-cgt-msp430_16.9.0.LTS/lib/</path>
         <kind>archive</kind>
         <file>rts430_eabi.lib</file>
         <name>int08.obj</name>
      </input_file>
      <input_file id="fl-42">
         <path>/ti/ccsv7/tools/compiler/ti-cgt-msp430_16.9.0.LTS/lib/</path>
         <kind>archive</kind>
         <file>rts430_eabi.lib</file>
         <name>int09.obj</name>
      </input_file>
      <input_file id="fl-43">
         <path>/ti/ccsv7/tools/compiler/ti-cgt-msp430_16.9.0.LTS/lib/</path>
         <kind>archive</kind>
         <file>rts430_eabi.lib</file>
         <name>int10.obj</name>
      </input_file>
      <input_file id="fl-44">
         <path>/ti/ccsv7/tools/compiler/ti-cgt-msp430_16.9.0.LTS/lib/</path>
         <kind>archive</kind>
         <file>rts430_eabi.lib</file>
         <name>int12.obj</name>
      </input_file>
      <input_file id="fl-45">
         <path>/ti/ccsv7/tools/compiler/ti-cgt-msp430_16.9.0.LTS/lib/</path>
         <kind>archive</kind>
         <file>rts430_eabi.lib</file>
         <name>int14.obj</name>
      </input_file>
      <input_file id="fl-46">
         <path>/ti/ccsv7/tools/compiler/ti-cgt-msp430_16.9.0.LTS/lib/</path>
         <kind>archive</kind>
         <file>rts430_eabi.lib</file>
         <name>isr_trap.obj</name>
      </input_file>
      <input_file id="fl-47">
         <path>/ti/ccsv7/tools/compiler/ti-cgt-msp430_16.9.0.LTS/lib/</path>
         <kind>archive</kind>
         <file>rts430_eabi.lib</file>
         <name>lsl16.obj</name>
      </input_file>
      <input_file id="fl-48">
         <path>/ti/ccsv7/tools/compiler/ti-cgt-msp430_16.9.0.LTS/lib/</path>
         <kind>archive</kind>
         <file>rts430_eabi.lib</file>
         <name>lsl32.obj</name>
      </input_file>
      <input_file id="fl-49">
         <path>/ti/ccsv7/tools/compiler/ti-cgt-msp430_16.9.0.LTS/lib/</path>
         <kind>archive</kind>
         <file>rts430_eabi.lib</file>
         <name>lsr16.obj</name>
      </input_file>
      <input_file id="fl-4a">
         <path>/ti/ccsv7/tools/compiler/ti-cgt-msp430_16.9.0.LTS/lib/</path>
         <kind>archive</kind>
         <file>rts430_eabi.lib</file>
         <name>lsr32.obj</name>
      </input_file>
      <input_file id="fl-4b">
         <path>/ti/ccsv7/tools/compiler/ti-cgt-msp430_16.9.0.LTS/lib/</path>
         <kind>archive</kind>
         <file>rts430_eabi.lib</file>
         <name>lsr64.obj</name>
      </input_file>
      <input_file id="fl-4c">
         <path>/ti/ccsv7/tools/compiler/ti-cgt-msp430_16.9.0.LTS/lib/</path>
         <kind>archive</kind>
         <file>rts430_eabi.lib</file>
         <name>memcmp.obj</name>
      </input_file>
      <input_file id="fl-4d">
         <path>/ti/ccsv7/tools/compiler/ti-cgt-msp430_16.9.0.LTS/lib/</path>
         <kind>archive</kind>
         <file>rts430_eabi.lib</file>
         <name>memcpy.obj</name>
      </input_file>
      <input_file id="fl-4e">
         <path>/ti/ccsv7/tools/compiler/ti-cgt-msp430_16.9.0.LTS/lib/</path>
         <kind>archive</kind>
         <file>rts430_eabi.lib</file>
         <name>memset.obj</name>
      </input_file>
      <input_file id="fl-4f">
         <path>/ti/ccsv7/tools/compiler/ti-cgt-msp430_16.9.0.LTS/lib/</path>
         <kind>archive</kind>
         <file>rts430_eabi.lib</file>
         <name>mpu_init.obj</name>
      </input_file>
      <input_file id="fl-50">
         <path>/ti/ccsv7/tools/compiler/ti-cgt-msp430_16.9.0.LTS/lib/</path>
         <kind>archive</kind>
         <file>rts430_eabi.lib</file>
         <name>mpyd.obj</name>
      </input_file>
      <input_file id="fl-51">
         <path>/ti/ccsv7/tools/compiler/ti-cgt-msp430_16.9.0.LTS/lib/</path>
         <kind>archive</kind>
         <file>rts430_eabi.lib</file>
         <name>mult16.obj</name>
      </input_file>
      <input_file id="fl-52">
         <path>/ti/ccsv7/tools/compiler/ti-cgt-msp430_16.9.0.LTS/lib/</path>
         <kind>archive</kind>
         <file>rts430_eabi.lib</file>
         <name>mult32.obj</name>
      </input_file>
      <input_file id="fl-53">
         <path>/ti/ccsv7/tools/compiler/ti-cgt-msp430_16.9.0.LTS/lib/</path>
         <kind>archive</kind>
         <file>rts430_eabi.lib</file>
         <name>pre_init.obj</name>
      </input_file>
      <input_file id="fl-54">
         <path>/ti/ccsv7/tools/compiler/ti-cgt-msp430_16.9.0.LTS/lib/</path>
         <kind>archive</kind>
         <file>rts430_eabi.lib</file>
         <name>renormd.obj</name>
      </input_file>
      <input_file id="fl-55">
         <path>/ti/ccsv7/tools/compiler/ti-cgt-msp430_16.9.0.LTS/lib/</path>
         <kind>archive</kind>
         <file>rts430_eabi.lib</file>
         <name>_lock.obj</name>
      </input_file>
      <input_file id="fl-56">
         <path>/ti/ccsv7/tools/compiler/ti-cgt-msp430_16.9.0.LTS/lib/</path>
         <kind>archive</kind>
         <file>rts430_eabi.lib</file>
         <name>args_main.obj</name>
      </input_file>
      <input_file id="fl-57">
         <path>/ti/ccsv7/tools/compiler/ti-cgt-msp430_16.9.0.LTS/lib/</path>
         <kind>archive</kind>
         <file>rts430_eabi.lib</file>
         <name>autoinit.obj</name>
      </input_file>
      <input_file id="fl-58">
         <path>/ti/ccsv7/tools/compiler/ti-cgt-msp430_16.9.0.LTS/lib/</path>
         <kind>archive</kind>
         <file>rts430_eabi.lib</file>
         <name>cpy_tbl.obj</name>
      </input_file>
      <input_file id="fl-59">
         <path>/ti/ccsv7/tools/compiler/ti-cgt-msp430_16.9.0.LTS/lib/</path>
         <kind>archive</kind>
         <file>rts430_eabi.lib</file>
         <name>frcmpyd.obj</name>
      </input_file>
      <input_file id="fl-5a">
         <path>/ti/ccsv7/tools/compiler/ti-cgt-msp430_16.9.0.LTS/lib/</path>
         <kind>archive</kind>
         <file>rts430_eabi.lib</file>
         <name>startup.obj</name>
      </input_file>
   </input_file_list>
   <object_component_list>
      <object_component id="oc-358">
         <name>.bss:mrfiIncomingPacket</name>
         <uninitialized>true</uninitialized>
         <run_address>0x2a4</run_address>
         <size>0x27</size>
         <input_file_ref idref="fl-3"/>
      </object_component>
      <object_component id="oc-419">
         <name>.bss</name>
         <uninitialized>true</uninitialized>
         <run_address>0x2e0</run_address>
         <size>0x6</size>
         <input_file_ref idref="fl-3"/>
      </object_component>
      <object_component id="oc-5ab">
         <name>.bss:sInFrameQ</name>
         <uninitialized>true</uninitialized>
         <run_address>0x200</run_address>
         <size>0x52</size>
         <input_file_ref idref="fl-c"/>
      </object_component>
      <object_component id="oc-5ae">
         <name>.bss:sOutFrameQ</name>
         <uninitialized>true</uninitialized>
         <run_address>0x252</run_address>
         <size>0x52</size>
         <input_file_ref idref="fl-c"/>
      </object_component>
      <object_component id="oc-553">
         <name>.bss</name>
         <uninitialized>true</uninitialized>
         <run_address>0x2e6</run_address>
         <size>0x6</size>
         <input_file_ref idref="fl-e"/>
      </object_component>
      <object_component id="oc-596">
         <name>.bss:sAPAddress</name>
         <uninitialized>true</uninitialized>
         <run_address>0x2fe</run_address>
         <size>0x4</size>
         <input_file_ref idref="fl-f"/>
      </object_component>
      <object_component id="oc-476">
         <name>.bss:sMyRAMAddress</name>
         <uninitialized>true</uninitialized>
         <run_address>0x302</run_address>
         <size>0x4</size>
         <input_file_ref idref="fl-f"/>
      </object_component>
      <object_component id="oc-197">
         <name>.common:timer_state</name>
         <uninitialized>true</uninitialized>
         <run_address>0x332</run_address>
         <size>0x2</size>
      </object_component>
      <object_component id="oc-1f5">
         <name>.common:change_mode</name>
         <uninitialized>true</uninitialized>
         <run_address>0x339</run_address>
         <size>0x1</size>
      </object_component>
      <object_component id="oc-1f4">
         <name>.common:ftt_flag</name>
         <uninitialized>true</uninitialized>
         <run_address>0x33a</run_address>
         <size>0x1</size>
      </object_component>
      <object_component id="oc-310">
         <name>.common:Vcc</name>
         <uninitialized>true</uninitialized>
         <run_address>0x328</run_address>
         <size>0x2</size>
      </object_component>
      <object_component id="oc-311">
         <name>.common:Vcc_last</name>
         <uninitialized>true</uninitialized>
         <run_address>0x32c</run_address>
         <size>0x2</size>
      </object_component>
      <object_component id="oc-312">
         <name>.common:Temperature_last</name>
         <uninitialized>true</uninitialized>
         <run_address>0x324</run_address>
         <size>0x2</size>
      </object_component>
      <object_component id="oc-313">
         <name>.common:Humidity_last</name>
         <uninitialized>true</uninitialized>
         <run_address>0x314</run_address>
         <size>0x2</size>
      </object_component>
      <object_component id="oc-314">
         <name>.common:Pressure_last</name>
         <uninitialized>true</uninitialized>
         <run_address>0x30e</run_address>
         <size>0x4</size>
      </object_component>
      <object_component id="oc-31e">
         <name>.common:Acceleration_last</name>
         <uninitialized>true</uninitialized>
         <run_address>0x2f8</run_address>
         <size>0x6</size>
      </object_component>
      <object_component id="oc-31f">
         <name>.common:Vcc_diff</name>
         <uninitialized>true</uninitialized>
         <run_address>0x32a</run_address>
         <size>0x2</size>
      </object_component>
      <object_component id="oc-32c">
         <name>.common:Pressure_diff</name>
         <uninitialized>true</uninitialized>
         <run_address>0x30a</run_address>
         <size>0x4</size>
      </object_component>
      <object_component id="oc-333">
         <name>.common:Acceleration_diff</name>
         <uninitialized>true</uninitialized>
         <run_address>0x2f2</run_address>
         <size>0x6</size>
      </object_component>
      <object_component id="oc-4c7">
         <name>.common:I2C_TXData</name>
         <uninitialized>true</uninitialized>
         <run_address>0x31a</run_address>
         <size>0x2</size>
      </object_component>
      <object_component id="oc-4c8">
         <name>.common:I2C_RXData</name>
         <uninitialized>true</uninitialized>
         <run_address>0x306</run_address>
         <size>0x4</size>
      </object_component>
      <object_component id="oc-1ad">
         <name>.common:I2C_TXCntr</name>
         <uninitialized>true</uninitialized>
         <run_address>0x318</run_address>
         <size>0x2</size>
      </object_component>
      <object_component id="oc-1a9">
         <name>.common:I2C_RXCntr</name>
         <uninitialized>true</uninitialized>
         <run_address>0x316</run_address>
         <size>0x2</size>
      </object_component>
      <object_component id="oc-1ab">
         <name>.common:I2C_TXByteCtr</name>
         <uninitialized>true</uninitialized>
         <run_address>0x334</run_address>
         <size>0x1</size>
      </object_component>
      <object_component id="oc-1aa">
         <name>.common:I2C_RXByteCtr</name>
         <uninitialized>true</uninitialized>
         <run_address>0x2cb</run_address>
         <size>0x1</size>
      </object_component>
      <object_component id="oc-1ac">
         <name>.common:READ</name>
         <uninitialized>true</uninitialized>
         <run_address>0x336</run_address>
         <size>0x1</size>
      </object_component>
      <object_component id="oc-4d8">
         <name>.common:SPI_TXData</name>
         <uninitialized>true</uninitialized>
         <run_address>0x2d6</run_address>
         <size>0xa</size>
      </object_component>
      <object_component id="oc-4da">
         <name>.common:SPI_RXData</name>
         <uninitialized>true</uninitialized>
         <run_address>0x2cc</run_address>
         <size>0xa</size>
      </object_component>
      <object_component id="oc-1ae">
         <name>.common:SPI_TXCntr</name>
         <uninitialized>true</uninitialized>
         <run_address>0x31e</run_address>
         <size>0x2</size>
      </object_component>
      <object_component id="oc-1b1">
         <name>.common:SPI_RXCntr</name>
         <uninitialized>true</uninitialized>
         <run_address>0x31c</run_address>
         <size>0x2</size>
      </object_component>
      <object_component id="oc-1af">
         <name>.common:SPI_TXByteCtr</name>
         <uninitialized>true</uninitialized>
         <run_address>0x338</run_address>
         <size>0x1</size>
      </object_component>
      <object_component id="oc-1b2">
         <name>.common:SPI_RXByteCtr</name>
         <uninitialized>true</uninitialized>
         <run_address>0x337</run_address>
         <size>0x1</size>
      </object_component>
      <object_component id="oc-309">
         <name>.common:ID_adxl</name>
         <uninitialized>true</uninitialized>
         <run_address>0x335</run_address>
         <size>0x1</size>
      </object_component>
      <object_component id="oc-2fc">
         <name>.common:SlavePresent</name>
         <uninitialized>true</uninitialized>
         <run_address>0x320</run_address>
         <size>0x2</size>
      </object_component>
      <object_component id="oc-1fd">
         <name>.common:Humidity</name>
         <uninitialized>true</uninitialized>
         <run_address>0x312</run_address>
         <size>0x2</size>
      </object_component>
      <object_component id="oc-1fc">
         <name>.common:Temperature</name>
         <uninitialized>true</uninitialized>
         <run_address>0x322</run_address>
         <size>0x2</size>
      </object_component>
      <object_component id="oc-31d">
         <name>.common:Acceleration_Hi_Res</name>
         <uninitialized>true</uninitialized>
         <run_address>0x2ec</run_address>
         <size>0x6</size>
      </object_component>
      <object_component id="oc-33a">
         <name>.common:Vpd</name>
         <uninitialized>true</uninitialized>
         <run_address>0x32e</run_address>
         <size>0x2</size>
      </object_component>
      <object_component id="oc-31b">
         <name>.common:adc_read</name>
         <uninitialized>true</uninitialized>
         <run_address>0x330</run_address>
         <size>0x2</size>
      </object_component>
      <object_component id="oc-31c">
         <name>.common:Vbat</name>
         <uninitialized>true</uninitialized>
         <run_address>0x326</run_address>
         <size>0x2</size>
      </object_component>
      <object_component id="oc-349">
         <name>.data</name>
         <load_address>0x38e</load_address>
         <run_address>0x38e</run_address>
         <size>0x3</size>
         <input_file_ref idref="fl-3"/>
      </object_component>
      <object_component id="oc-480">
         <name>.data:mrfiRxFilterAddr</name>
         <load_address>0x38a</load_address>
         <run_address>0x38a</run_address>
         <size>0x4</size>
         <input_file_ref idref="fl-3"/>
      </object_component>
      <object_component id="oc-46f">
         <name>.data:sCurLogicalChan</name>
         <load_address>0x396</load_address>
         <run_address>0x396</run_address>
         <size>0x1</size>
         <input_file_ref idref="fl-4"/>
      </object_component>
      <object_component id="oc-571">
         <name>.data</name>
         <load_address>0x389</load_address>
         <run_address>0x389</run_address>
         <size>0x1</size>
         <input_file_ref idref="fl-4"/>
      </object_component>
      <object_component id="oc-48b">
         <name>.data</name>
         <load_address>0x37a</load_address>
         <run_address>0x37a</run_address>
         <size>0x7</size>
         <input_file_ref idref="fl-6"/>
      </object_component>
      <object_component id="oc-4b4">
         <name>.data</name>
         <load_address>0x382</load_address>
         <run_address>0x382</run_address>
         <size>0x7</size>
         <input_file_ref idref="fl-7"/>
      </object_component>
      <object_component id="oc-5b8">
         <name>.data</name>
         <load_address>0x394</load_address>
         <run_address>0x394</run_address>
         <size>0x1</size>
         <input_file_ref idref="fl-8"/>
      </object_component>
      <object_component id="oc-5b3">
         <name>.data</name>
         <load_address>0x395</load_address>
         <run_address>0x395</run_address>
         <size>0x1</size>
         <input_file_ref idref="fl-9"/>
      </object_component>
      <object_component id="oc-439">
         <name>.data:sConTable</name>
         <load_address>0x33c</load_address>
         <run_address>0x33c</run_address>
         <size>0x25</size>
         <input_file_ref idref="fl-b"/>
      </object_component>
      <object_component id="oc-5db">
         <name>.data</name>
         <load_address>0x361</load_address>
         <run_address>0x361</run_address>
         <size>0x1</size>
         <input_file_ref idref="fl-b"/>
      </object_component>
      <object_component id="oc-299">
         <name>.data</name>
         <load_address>0x381</load_address>
         <run_address>0x381</run_address>
         <size>0x1</size>
         <input_file_ref idref="fl-d"/>
      </object_component>
      <object_component id="oc-59a">
         <name>.data</name>
         <load_address>0x392</load_address>
         <run_address>0x392</run_address>
         <size>0x2</size>
         <input_file_ref idref="fl-e"/>
      </object_component>
      <object_component id="oc-473">
         <name>.data</name>
         <load_address>0x391</load_address>
         <run_address>0x391</run_address>
         <size>0x1</size>
         <input_file_ref idref="fl-f"/>
      </object_component>
      <object_component id="oc-194">
         <name>.data</name>
         <load_address>0x362</load_address>
         <run_address>0x362</run_address>
         <size>0x18</size>
         <input_file_ref idref="fl-10"/>
      </object_component>
      <object_component id="oc-ec">
         <name>.stack</name>
         <uninitialized>true</uninitialized>
         <run_address>0x5b0</run_address>
         <size>0x2</size>
         <input_file_ref idref="fl-2f"/>
      </object_component>
      <object_component id="oc-710">
         <name>.stack</name>
         <uninitialized>true</uninitialized>
         <run_address>0x5b0</run_address>
         <size>0x0</size>
      </object_component>
      <object_component id="oc-1fe">
         <name>.text:linkTo</name>
         <load_address>0x8000</load_address>
         <run_address>0x8000</run_address>
         <size>0x3fa</size>
         <input_file_ref idref="fl-10"/>
      </object_component>
      <object_component id="oc-4c0">
         <name>.text:status_indicator</name>
         <load_address>0x83fa</load_address>
         <run_address>0x83fa</run_address>
         <size>0x1a2</size>
         <input_file_ref idref="fl-10"/>
      </object_component>
      <object_component id="oc-167">
         <name>.text:main</name>
         <load_address>0x859c</load_address>
         <run_address>0x859c</run_address>
         <size>0x19c</size>
         <input_file_ref idref="fl-10"/>
      </object_component>
      <object_component id="oc-29c">
         <name>.text:MRFI_Init</name>
         <load_address>0x8738</load_address>
         <run_address>0x8738</run_address>
         <size>0x196</size>
         <input_file_ref idref="fl-3"/>
      </object_component>
      <object_component id="oc-6ac">
         <name>.text:smpl_send_link_reply</name>
         <load_address>0x88ce</load_address>
         <run_address>0x88ce</run_address>
         <size>0x16c</size>
         <input_file_ref idref="fl-7"/>
      </object_component>
      <object_component id="oc-2d8">
         <name>.text:nwk_link</name>
         <load_address>0x8a3a</load_address>
         <run_address>0x8a3a</run_address>
         <size>0x14a</size>
         <input_file_ref idref="fl-7"/>
      </object_component>
      <object_component id="oc-55e">
         <name>.text:nwk_QfindOldest</name>
         <load_address>0x8b84</load_address>
         <run_address>0x8b84</run_address>
         <size>0x138</size>
         <input_file_ref idref="fl-c"/>
      </object_component>
      <object_component id="oc-2c6">
         <name>.text:nwk_join</name>
         <load_address>0x8cbc</load_address>
         <run_address>0x8cbc</run_address>
         <size>0x124</size>
         <input_file_ref idref="fl-6"/>
      </object_component>
      <object_component id="oc-557">
         <name>.text:MRFI_Transmit</name>
         <load_address>0x8de0</load_address>
         <run_address>0x8de0</run_address>
         <size>0x102</size>
         <input_file_ref idref="fl-3"/>
      </object_component>
      <object_component id="oc-3d5">
         <name>.text:nwk_scanForChannels</name>
         <load_address>0x8ee2</load_address>
         <run_address>0x8ee2</run_address>
         <size>0x102</size>
         <input_file_ref idref="fl-4"/>
      </object_component>
      <object_component id="oc-21e">
         <name>.text:Mrfi_SyncPinRxIsr</name>
         <load_address>0x8fe4</load_address>
         <run_address>0x8fe4</run_address>
         <size>0xda</size>
         <input_file_ref idref="fl-3"/>
      </object_component>
      <object_component id="oc-4ae">
         <name>.text:nwk_allocateLocalRxPort</name>
         <load_address>0x90be</load_address>
         <run_address>0x90be</run_address>
         <size>0xd0</size>
         <input_file_ref idref="fl-b"/>
      </object_component>
      <object_component id="oc-254">
         <name>.text</name>
         <load_address>0x918e</load_address>
         <run_address>0x918e</run_address>
         <size>0xba</size>
         <input_file_ref idref="fl-11"/>
      </object_component>
      <object_component id="oc-129">
         <name>.text:USCIAB0TX_ISR</name>
         <load_address>0x9248</load_address>
         <run_address>0x9248</run_address>
         <size>0xb0</size>
         <input_file_ref idref="fl-10"/>
      </object_component>
      <object_component id="oc-3ce">
         <name>.text:nwk_retrieveFrame</name>
         <load_address>0x92f8</load_address>
         <run_address>0x92f8</run_address>
         <size>0xac</size>
         <input_file_ref idref="fl-e"/>
      </object_component>
      <object_component id="oc-52c">
         <name>.text:dispatchFrame</name>
         <load_address>0x93a4</load_address>
         <run_address>0x93a4</run_address>
         <size>0xaa</size>
         <input_file_ref idref="fl-e"/>
      </object_component>
      <object_component id="oc-1e1">
         <name>.text:SMPL_Ioctl</name>
         <load_address>0x944e</load_address>
         <run_address>0x944e</run_address>
         <size>0xa2</size>
         <input_file_ref idref="fl-d"/>
      </object_component>
      <object_component id="oc-4a8">
         <name>.text:nwk_getNextConnection</name>
         <load_address>0x94f0</load_address>
         <run_address>0x94f0</run_address>
         <size>0x98</size>
         <input_file_ref idref="fl-b"/>
      </object_component>
      <object_component id="oc-117">
         <name>.text:Port_1</name>
         <load_address>0x9588</load_address>
         <run_address>0x9588</run_address>
         <size>0x96</size>
         <input_file_ref idref="fl-10"/>
      </object_component>
      <object_component id="oc-3c1">
         <name>.text:nwk_buildFrame</name>
         <load_address>0x961e</load_address>
         <run_address>0x961e</run_address>
         <size>0x8c</size>
         <input_file_ref idref="fl-e"/>
      </object_component>
      <object_component id="oc-50e">
         <name>.text:spiBurstFifoAccess</name>
         <load_address>0x96aa</load_address>
         <run_address>0x96aa</run_address>
         <size>0x86</size>
         <input_file_ref idref="fl-3"/>
      </object_component>
      <object_component id="oc-520">
         <name>.text:nwk_QfindSlot</name>
         <load_address>0x9730</load_address>
         <run_address>0x9730</run_address>
         <size>0x82</size>
         <input_file_ref idref="fl-c"/>
      </object_component>
      <object_component id="oc-32d">
         <name>.text:ADXL362_Read_XYZ_Reg_Hi_Res</name>
         <load_address>0x97b2</load_address>
         <run_address>0x97b2</run_address>
         <size>0x80</size>
         <input_file_ref idref="fl-10"/>
      </object_component>
      <object_component id="oc-32">
         <name>.text:decompress:lzss:__TI_decompress_lzss</name>
         <load_address>0x9832</load_address>
         <run_address>0x9832</run_address>
         <size>0x7c</size>
         <input_file_ref idref="fl-31"/>
      </object_component>
      <object_component id="oc-272">
         <name>.text:nwk_radioControl</name>
         <load_address>0x98ae</load_address>
         <run_address>0x98ae</run_address>
         <size>0x78</size>
         <input_file_ref idref="fl-5"/>
      </object_component>
      <object_component id="oc-326">
         <name>.text:ReadPressure</name>
         <load_address>0x9926</load_address>
         <run_address>0x9926</run_address>
         <size>0x72</size>
         <input_file_ref idref="fl-10"/>
      </object_component>
      <object_component id="oc-14d">
         <name>.text:_auto_init</name>
         <load_address>0x9998</load_address>
         <run_address>0x9998</run_address>
         <size>0x6e</size>
         <input_file_ref idref="fl-57"/>
      </object_component>
      <object_component id="oc-6a6">
         <name>.text:smpl_send_unlink_reply</name>
         <load_address>0x9a06</load_address>
         <run_address>0x9a06</run_address>
         <size>0x6e</size>
         <input_file_ref idref="fl-7"/>
      </object_component>
      <object_component id="oc-1db">
         <name>.text:createRandomAddress</name>
         <load_address>0x9a74</load_address>
         <run_address>0x9a74</run_address>
         <size>0x6a</size>
         <input_file_ref idref="fl-10"/>
      </object_component>
      <object_component id="oc-2a2">
         <name>.text:nwk_nwkInit</name>
         <load_address>0x9ade</load_address>
         <run_address>0x9ade</run_address>
         <size>0x6a</size>
         <input_file_ref idref="fl-b"/>
      </object_component>
      <object_component id="oc-340">
         <name>.text:SMPL_Send</name>
         <load_address>0x9b48</load_address>
         <run_address>0x9b48</run_address>
         <size>0x68</size>
         <input_file_ref idref="fl-d"/>
      </object_component>
      <object_component id="oc-609">
         <name>.text:nwk_isConnectionValid</name>
         <load_address>0x9bb0</load_address>
         <run_address>0x9bb0</run_address>
         <size>0x64</size>
         <input_file_ref idref="fl-b"/>
      </object_component>
      <object_component id="oc-2e4">
         <name>.text:I2C_Slave_Test</name>
         <load_address>0x9c14</load_address>
         <run_address>0x9c14</run_address>
         <size>0x60</size>
         <input_file_ref idref="fl-10"/>
      </object_component>
      <object_component id="oc-33b">
         <name>.text:l_lsr_const</name>
         <load_address>0x9c74</load_address>
         <run_address>0x9c74</run_address>
         <size>0x5c</size>
         <input_file_ref idref="fl-4a"/>
      </object_component>
      <object_component id="oc-1b9">
         <name>.text:copy_in</name>
         <load_address>0x9cd0</load_address>
         <run_address>0x9cd0</run_address>
         <size>0x5a</size>
         <input_file_ref idref="fl-58"/>
      </object_component>
      <object_component id="oc-427">
         <name>.text</name>
         <load_address>0x9d2a</load_address>
         <run_address>0x9d2a</run_address>
         <size>0x58</size>
         <input_file_ref idref="fl-38"/>
      </object_component>
      <object_component id="oc-303">
         <name>.text:ADXL362_ReadID</name>
         <load_address>0x9d82</load_address>
         <run_address>0x9d82</run_address>
         <size>0x54</size>
         <input_file_ref idref="fl-10"/>
      </object_component>
      <object_component id="oc-2a8">
         <name>.text:MRFI_WakeUp</name>
         <load_address>0x9dd6</load_address>
         <run_address>0x9dd6</run_address>
         <size>0x54</size>
         <input_file_ref idref="fl-3"/>
      </object_component>
      <object_component id="oc-278">
         <name>.text:nwk_rawSend</name>
         <load_address>0x9e2a</load_address>
         <run_address>0x9e2a</run_address>
         <size>0x54</size>
         <input_file_ref idref="fl-5"/>
      </object_component>
      <object_component id="oc-f5">
         <name>.text</name>
         <load_address>0x9e7e</load_address>
         <run_address>0x9e7e</run_address>
         <size>0x4c</size>
         <input_file_ref idref="fl-49"/>
      </object_component>
      <object_component id="oc-2ea">
         <name>.text:I2C_Read_Register</name>
         <load_address>0x9eca</load_address>
         <run_address>0x9eca</run_address>
         <size>0x4a</size>
         <input_file_ref idref="fl-10"/>
      </object_component>
      <object_component id="oc-373">
         <name>.text:mrfiSpiCmdStrobe</name>
         <load_address>0x9f14</load_address>
         <run_address>0x9f14</run_address>
         <size>0x4a</size>
         <input_file_ref idref="fl-3"/>
      </object_component>
      <object_component id="oc-6c3">
         <name>.text:nwk_findPeer</name>
         <load_address>0x9f5e</load_address>
         <run_address>0x9f5e</run_address>
         <size>0x4a</size>
         <input_file_ref idref="fl-b"/>
      </object_component>
      <object_component id="oc-19a">
         <name>.text:display_mode</name>
         <load_address>0x9fa8</load_address>
         <run_address>0x9fa8</run_address>
         <size>0x48</size>
         <input_file_ref idref="fl-10"/>
      </object_component>
      <object_component id="oc-361">
         <name>.text:MRFI_RxAddrIsFiltered</name>
         <load_address>0x9ff0</load_address>
         <run_address>0x9ff0</run_address>
         <size>0x46</size>
         <input_file_ref idref="fl-3"/>
      </object_component>
      <object_component id="oc-6ca">
         <name>.text:nwk_isLinkDuplicate</name>
         <load_address>0xa036</load_address>
         <run_address>0xa036</run_address>
         <size>0x46</size>
         <input_file_ref idref="fl-b"/>
      </object_component>
      <object_component id="oc-69f">
         <name>.text:smpl_send_ping_reply</name>
         <load_address>0xa07c</load_address>
         <run_address>0xa07c</run_address>
         <size>0x46</size>
         <input_file_ref idref="fl-9"/>
      </object_component>
      <object_component id="oc-3b4">
         <name>.text:MRFI_Rssi</name>
         <load_address>0xa0c2</load_address>
         <run_address>0xa0c2</run_address>
         <size>0x44</size>
         <input_file_ref idref="fl-3"/>
      </object_component>
      <object_component id="oc-1f6">
         <name>.text:get_voltage</name>
         <load_address>0xa106</load_address>
         <run_address>0xa106</run_address>
         <size>0x44</size>
         <input_file_ref idref="fl-10"/>
      </object_component>
      <object_component id="oc-507">
         <name>.text:spiRegAccess</name>
         <load_address>0xa14a</load_address>
         <run_address>0xa14a</run_address>
         <size>0x44</size>
         <input_file_ref idref="fl-3"/>
      </object_component>
      <object_component id="oc-1ed">
         <name>.text:SMPL_Init</name>
         <load_address>0xa18e</load_address>
         <run_address>0xa18e</run_address>
         <size>0x42</size>
         <input_file_ref idref="fl-d"/>
      </object_component>
      <object_component id="oc-48e">
         <name>.text:MRFI_ReplyDelay</name>
         <load_address>0xa1d0</load_address>
         <run_address>0xa1d0</run_address>
         <size>0x40</size>
         <input_file_ref idref="fl-3"/>
      </object_component>
      <object_component id="oc-2d2">
         <name>.text:l_asr_const</name>
         <load_address>0xa210</load_address>
         <run_address>0xa210</run_address>
         <size>0x3e</size>
         <input_file_ref idref="fl-2e"/>
      </object_component>
      <object_component id="oc-4df">
         <name>.text:l_lsl_const</name>
         <load_address>0xa24e</load_address>
         <run_address>0xa24e</run_address>
         <size>0x3e</size>
         <input_file_ref idref="fl-48"/>
      </object_component>
      <object_component id="oc-2f0">
         <name>.text:SPI_Init</name>
         <load_address>0xa28c</load_address>
         <run_address>0xa28c</run_address>
         <size>0x3c</size>
         <input_file_ref idref="fl-10"/>
      </object_component>
      <object_component id="oc-284">
         <name>.text:nwk_freqControl</name>
         <load_address>0xa2c8</load_address>
         <run_address>0xa2c8</run_address>
         <size>0x3a</size>
         <input_file_ref idref="fl-4"/>
      </object_component>
      <object_component id="oc-67f">
         <name>.text:nwk_isValidReply</name>
         <load_address>0xa302</load_address>
         <run_address>0xa302</run_address>
         <size>0x3a</size>
         <input_file_ref idref="fl-b"/>
      </object_component>
      <object_component id="oc-66b">
         <name>.text:nwk_processMgmt</name>
         <load_address>0xa33c</load_address>
         <run_address>0xa33c</run_address>
         <size>0x3a</size>
         <input_file_ref idref="fl-8"/>
      </object_component>
      <object_component id="oc-583">
         <name>.text:BSP_Delay</name>
         <load_address>0xa376</load_address>
         <run_address>0xa376</run_address>
         <size>0x38</size>
         <input_file_ref idref="fl-2"/>
      </object_component>
      <object_component id="oc-2fd">
         <name>.text:ADXL362_Write_Register</name>
         <load_address>0xa3ae</load_address>
         <run_address>0xa3ae</run_address>
         <size>0x34</size>
         <input_file_ref idref="fl-10"/>
      </object_component>
      <object_component id="oc-2ba">
         <name>.text:MRFI_SetRxAddrFilter</name>
         <load_address>0xa3e2</load_address>
         <run_address>0xa3e2</run_address>
         <size>0x34</size>
         <input_file_ref idref="fl-3"/>
      </object_component>
      <object_component id="oc-5d0">
         <name>.text:Mrfi_DelayUsecSem</name>
         <load_address>0xa416</load_address>
         <run_address>0xa416</run_address>
         <size>0x34</size>
         <input_file_ref idref="fl-3"/>
      </object_component>
      <object_component id="oc-315">
         <name>.text:ReadADC_1_5</name>
         <load_address>0xa44a</load_address>
         <run_address>0xa44a</run_address>
         <size>0x34</size>
         <input_file_ref idref="fl-10"/>
      </object_component>
      <object_component id="oc-3fe">
         <name>.text:mrfiSpiInit</name>
         <load_address>0xa47e</load_address>
         <run_address>0xa47e</run_address>
         <size>0x34</size>
         <input_file_ref idref="fl-3"/>
      </object_component>
      <object_component id="oc-564">
         <name>.text:nwk_QadjustOrder</name>
         <load_address>0xa4b2</load_address>
         <run_address>0xa4b2</run_address>
         <size>0x34</size>
         <input_file_ref idref="fl-c"/>
      </object_component>
      <object_component id="oc-26c">
         <name>.text:nwk_deviceAddress</name>
         <load_address>0xa4e6</load_address>
         <run_address>0xa4e6</run_address>
         <size>0x34</size>
         <input_file_ref idref="fl-5"/>
      </object_component>
      <object_component id="oc-56b">
         <name>.text:nwk_getAPAddress</name>
         <load_address>0xa51a</load_address>
         <run_address>0xa51a</run_address>
         <size>0x34</size>
         <input_file_ref idref="fl-f"/>
      </object_component>
      <object_component id="oc-413">
         <name>.text:MRFI_SetLogicalChannel</name>
         <load_address>0xa54e</load_address>
         <run_address>0xa54e</run_address>
         <size>0x32</size>
         <input_file_ref idref="fl-3"/>
      </object_component>
      <object_component id="oc-12f">
         <name>.text:USCIAB0RX_ISR</name>
         <load_address>0xa580</load_address>
         <run_address>0xa580</run_address>
         <size>0x32</size>
         <input_file_ref idref="fl-10"/>
      </object_component>
      <object_component id="oc-393">
         <name>.text:nwk_getConnInfo</name>
         <load_address>0xa5b2</load_address>
         <run_address>0xa5b2</run_address>
         <size>0x32</size>
         <input_file_ref idref="fl-b"/>
      </object_component>
      <object_component id="oc-665">
         <name>.text:nwk_processFreq</name>
         <load_address>0xa5e4</load_address>
         <run_address>0xa5e4</run_address>
         <size>0x32</size>
         <input_file_ref idref="fl-4"/>
      </object_component>
      <object_component id="oc-320">
         <name>.text:I2C_Write_Register</name>
         <load_address>0xa616</load_address>
         <run_address>0xa616</run_address>
         <size>0x30</size>
         <input_file_ref idref="fl-10"/>
      </object_component>
      <object_component id="oc-53e">
         <name>.text:map_lid2idx</name>
         <load_address>0xa646</load_address>
         <run_address>0xa646</run_address>
         <size>0x30</size>
         <input_file_ref idref="fl-b"/>
      </object_component>
      <object_component id="oc-27e">
         <name>.text:nwk_rawReceive</name>
         <load_address>0xa676</load_address>
         <run_address>0xa676</run_address>
         <size>0x30</size>
         <input_file_ref idref="fl-5"/>
      </object_component>
      <object_component id="oc-3c7">
         <name>.text:nwk_sendFrame</name>
         <load_address>0xa6a6</load_address>
         <run_address>0xa6a6</run_address>
         <size>0x30</size>
         <input_file_ref idref="fl-e"/>
      </object_component>
      <object_component id="oc-2de">
         <name>.text:I2C_Init</name>
         <load_address>0xa6d6</load_address>
         <run_address>0xa6d6</run_address>
         <size>0x2e</size>
         <input_file_ref idref="fl-10"/>
      </object_component>
      <object_component id="oc-367">
         <name>.text:Mrfi_CalculateRssi</name>
         <load_address>0xa704</load_address>
         <run_address>0xa704</run_address>
         <size>0x2e</size>
         <input_file_ref idref="fl-3"/>
      </object_component>
      <object_component id="oc-404">
         <name>.text:Mrfi_DelayUsec</name>
         <load_address>0xa732</load_address>
         <run_address>0xa732</run_address>
         <size>0x2e</size>
         <input_file_ref idref="fl-3"/>
      </object_component>
      <object_component id="oc-334">
         <name>.text:Read_PD</name>
         <load_address>0xa760</load_address>
         <run_address>0xa760</run_address>
         <size>0x2e</size>
         <input_file_ref idref="fl-10"/>
      </object_component>
      <object_component id="oc-41c">
         <name>.text:Mrfi_RxModeOff</name>
         <load_address>0xa78e</load_address>
         <run_address>0xa78e</run_address>
         <size>0x2c</size>
         <input_file_ref idref="fl-3"/>
      </object_component>
      <object_component id="oc-68c">
         <name>.text:handleLinkRequest</name>
         <load_address>0xa7ba</load_address>
         <run_address>0xa7ba</run_address>
         <size>0x2c</size>
         <input_file_ref idref="fl-7"/>
      </object_component>
      <object_component id="oc-42d">
         <name>.text:nwk_globalsInit</name>
         <load_address>0xa7e6</load_address>
         <run_address>0xa7e6</run_address>
         <size>0x2c</size>
         <input_file_ref idref="fl-f"/>
      </object_component>
      <object_component id="oc-51a">
         <name>.text</name>
         <load_address>0xa812</load_address>
         <run_address>0xa812</run_address>
         <size>0x2c</size>
         <input_file_ref idref="fl-36"/>
      </object_component>
      <object_component id="oc-f0">
         <name>.text</name>
         <load_address>0xa83e</load_address>
         <run_address>0xa83e</run_address>
         <size>0x2c</size>
         <input_file_ref idref="fl-47"/>
      </object_component>
      <object_component id="oc-4fa">
         <name>.text:nwk_checkConnInfo</name>
         <load_address>0xa86a</load_address>
         <run_address>0xa86a</run_address>
         <size>0x2a</size>
         <input_file_ref idref="fl-b"/>
      </object_component>
      <object_component id="oc-30a">
         <name>.text:delay</name>
         <load_address>0xa894</load_address>
         <run_address>0xa894</run_address>
         <size>0x28</size>
         <input_file_ref idref="fl-10"/>
      </object_component>
      <object_component id="oc-64d">
         <name>.text:nwk_processPing</name>
         <load_address>0xa8bc</load_address>
         <run_address>0xa8bc</run_address>
         <size>0x28</size>
         <input_file_ref idref="fl-9"/>
      </object_component>
      <object_component id="oc-3ba">
         <name>.text:MRFI_Sleep</name>
         <load_address>0xa8e4</load_address>
         <run_address>0xa8e4</run_address>
         <size>0x26</size>
         <input_file_ref idref="fl-3"/>
      </object_component>
      <object_component id="oc-622">
         <name>.text:Mrfi_RandomBackoffDelay</name>
         <load_address>0xa90a</load_address>
         <run_address>0xa90a</run_address>
         <size>0x26</size>
         <input_file_ref idref="fl-3"/>
      </object_component>
      <object_component id="oc-266">
         <name>.text:nwk_connectionControl</name>
         <load_address>0xa930</load_address>
         <run_address>0xa930</run_address>
         <size>0x26</size>
         <input_file_ref idref="fl-5"/>
      </object_component>
      <object_component id="oc-45a">
         <name>.text:nwk_linkInit</name>
         <load_address>0xa956</load_address>
         <run_address>0xa956</run_address>
         <size>0x26</size>
         <input_file_ref idref="fl-7"/>
      </object_component>
      <object_component id="oc-653">
         <name>.text:nwk_processLink</name>
         <load_address>0xa97c</load_address>
         <run_address>0xa97c</run_address>
         <size>0x26</size>
         <input_file_ref idref="fl-7"/>
      </object_component>
      <object_component id="oc-2cd">
         <name>.text</name>
         <load_address>0xa9a2</load_address>
         <run_address>0xa9a2</run_address>
         <size>0x26</size>
         <input_file_ref idref="fl-52"/>
      </object_component>
      <object_component id="oc-28c">
         <name>.text:BSP_InitBoard</name>
         <load_address>0xa9c8</load_address>
         <run_address>0xa9c8</run_address>
         <size>0x22</size>
         <input_file_ref idref="fl-2"/>
      </object_component>
      <object_component id="oc-2c0">
         <name>.text:MRFI_EnableRxAddrFilter</name>
         <load_address>0xa9ea</load_address>
         <run_address>0xa9ea</run_address>
         <size>0x22</size>
         <input_file_ref idref="fl-3"/>
      </object_component>
      <object_component id="oc-3ae">
         <name>.text:MRFI_RxOn</name>
         <load_address>0xaa0c</load_address>
         <run_address>0xaa0c</run_address>
         <size>0x22</size>
         <input_file_ref idref="fl-3"/>
      </object_component>
      <object_component id="oc-696">
         <name>.text:handle_freq_cmd</name>
         <load_address>0xaa2e</load_address>
         <run_address>0xaa2e</run_address>
         <size>0x22</size>
         <input_file_ref idref="fl-4"/>
      </object_component>
      <object_component id="oc-574">
         <name>.text:memcmp</name>
         <load_address>0xaa50</load_address>
         <run_address>0xaa50</run_address>
         <size>0x22</size>
         <input_file_ref idref="fl-4c"/>
      </object_component>
      <object_component id="oc-1e7">
         <name>.text:BSP_Init</name>
         <load_address>0xaa72</load_address>
         <run_address>0xaa72</run_address>
         <size>0x20</size>
         <input_file_ref idref="fl-2"/>
      </object_component>
      <object_component id="oc-36d">
         <name>.text:MRFI_RxCompleteISR</name>
         <load_address>0xaa92</load_address>
         <run_address>0xaa92</run_address>
         <size>0x20</size>
         <input_file_ref idref="fl-e"/>
      </object_component>
      <object_component id="oc-3a8">
         <name>.text:MRFI_RxIdle</name>
         <load_address>0xaab2</load_address>
         <run_address>0xaab2</run_address>
         <size>0x20</size>
         <input_file_ref idref="fl-3"/>
      </object_component>
      <object_component id="oc-659">
         <name>.text:nwk_processJoin</name>
         <load_address>0xaad2</load_address>
         <run_address>0xaad2</run_address>
         <size>0x20</size>
         <input_file_ref idref="fl-6"/>
      </object_component>
      <object_component id="oc-34c">
         <name>.text:mrfiSpiReadReg</name>
         <load_address>0xaaf2</load_address>
         <run_address>0xaaf2</run_address>
         <size>0x1e</size>
         <input_file_ref idref="fl-3"/>
      </object_component>
      <object_component id="oc-43c">
         <name>.text:nwk_QInit</name>
         <load_address>0xab10</load_address>
         <run_address>0xab10</run_address>
         <size>0x1e</size>
         <input_file_ref idref="fl-c"/>
      </object_component>
      <object_component id="oc-1a1">
         <name>.text:MRFI_GpioIsr</name>
         <load_address>0xab2e</load_address>
         <run_address>0xab2e</run_address>
         <size>0x1c</size>
         <input_file_ref idref="fl-3"/>
      </object_component>
      <object_component id="oc-2ae">
         <name>.text:nwk_setChannel</name>
         <load_address>0xab4a</load_address>
         <run_address>0xab4a</run_address>
         <size>0x1c</size>
         <input_file_ref idref="fl-4"/>
      </object_component>
      <object_component id="oc-3a1">
         <name>.text:nwk_setMyAddress</name>
         <load_address>0xab66</load_address>
         <run_address>0xab66</run_address>
         <size>0x1c</size>
         <input_file_ref idref="fl-f"/>
      </object_component>
      <object_component id="oc-11d">
         <name>.text:BSP_GpioPort1Isr</name>
         <load_address>0xab82</load_address>
         <run_address>0xab82</run_address>
         <size>0x1a</size>
         <input_file_ref idref="fl-3"/>
      </object_component>
      <object_component id="oc-67">
         <name>.text:_c_int00_noargs_noexit</name>
         <load_address>0xab9c</load_address>
         <run_address>0xab9c</run_address>
         <size>0x1a</size>
         <input_file_ref idref="fl-30"/>
      </object_component>
      <object_component id="oc-40a">
         <name>.text:mrfiSpiWriteReg</name>
         <load_address>0xabb6</load_address>
         <run_address>0xabb6</run_address>
         <size>0x1a</size>
         <input_file_ref idref="fl-3"/>
      </object_component>
      <object_component id="oc-433">
         <name>.text:nwk_frameInit</name>
         <load_address>0xabd0</load_address>
         <run_address>0xabd0</run_address>
         <size>0x1a</size>
         <input_file_ref idref="fl-e"/>
      </object_component>
      <object_component id="oc-44e">
         <name>.text:nwk_joinInit</name>
         <load_address>0xabea</load_address>
         <run_address>0xabea</run_address>
         <size>0x1a</size>
         <input_file_ref idref="fl-6"/>
      </object_component>
      <object_component id="oc-59d">
         <name>.text:MRFI_RandomByte</name>
         <load_address>0xac04</load_address>
         <run_address>0xac04</run_address>
         <size>0x16</size>
         <input_file_ref idref="fl-3"/>
      </object_component>
      <object_component id="oc-54a">
         <name>.text:Mrfi_RxModeOn</name>
         <load_address>0xac1a</load_address>
         <run_address>0xac1a</run_address>
         <size>0x16</size>
         <input_file_ref idref="fl-3"/>
      </object_component>
      <object_component id="oc-5fd">
         <name>.text</name>
         <load_address>0xac30</load_address>
         <run_address>0xac30</run_address>
         <size>0x16</size>
         <input_file_ref idref="fl-37"/>
      </object_component>
      <object_component id="oc-4cf">
         <name>.text:I2C_Read_Init</name>
         <load_address>0xac46</load_address>
         <run_address>0xac46</run_address>
         <size>0x14</size>
         <input_file_ref idref="fl-10"/>
      </object_component>
      <object_component id="oc-4c9">
         <name>.text:I2C_Write_Init</name>
         <load_address>0xac5a</load_address>
         <run_address>0xac5a</run_address>
         <size>0x14</size>
         <input_file_ref idref="fl-10"/>
      </object_component>
      <object_component id="oc-49">
         <name>.text:decompress:ZI:__TI_zero_init</name>
         <load_address>0xac6e</load_address>
         <run_address>0xac6e</run_address>
         <size>0x14</size>
         <input_file_ref idref="fl-33"/>
      </object_component>
      <object_component id="oc-35b">
         <name>.text:memset</name>
         <load_address>0xac82</load_address>
         <run_address>0xac82</run_address>
         <size>0x14</size>
         <input_file_ref idref="fl-4e"/>
      </object_component>
      <object_component id="oc-225">
         <name>.text</name>
         <load_address>0xac96</load_address>
         <run_address>0xac96</run_address>
         <size>0x14</size>
         <input_file_ref idref="fl-51"/>
      </object_component>
      <object_component id="oc-2f6">
         <name>.text:ADXL362_Present</name>
         <load_address>0xacaa</load_address>
         <run_address>0xacaa</run_address>
         <size>0x12</size>
         <input_file_ref idref="fl-10"/>
      </object_component>
      <object_component id="oc-3ef">
         <name>.text:BSP_InitLeds</name>
         <load_address>0xacbc</load_address>
         <run_address>0xacbc</run_address>
         <size>0x12</size>
         <input_file_ref idref="fl-2"/>
      </object_component>
      <object_component id="oc-6bb">
         <name>.text:change_channel_cmd</name>
         <load_address>0xacce</load_address>
         <run_address>0xacce</run_address>
         <size>0x12</size>
         <input_file_ref idref="fl-4"/>
      </object_component>
      <object_component id="oc-38">
         <name>.text:decompress:none:__TI_decompress_none</name>
         <load_address>0xace0</load_address>
         <run_address>0xace0</run_address>
         <size>0x12</size>
         <input_file_ref idref="fl-32"/>
      </object_component>
      <object_component id="oc-10a">
         <name>.text:memcpy</name>
         <load_address>0xacf2</load_address>
         <run_address>0xacf2</run_address>
         <size>0x12</size>
         <input_file_ref idref="fl-4d"/>
      </object_component>
      <object_component id="oc-2b4">
         <name>.text:nwk_getMyAddress</name>
         <load_address>0xad04</load_address>
         <run_address>0xad04</run_address>
         <size>0x12</size>
         <input_file_ref idref="fl-f"/>
      </object_component>
      <object_component id="oc-494">
         <name>.text:nwk_setLinkToken</name>
         <load_address>0xad16</load_address>
         <run_address>0xad16</run_address>
         <size>0x12</size>
         <input_file_ref idref="fl-7"/>
      </object_component>
      <object_component id="oc-422">
         <name>.text:l_asr</name>
         <load_address>0xad28</load_address>
         <run_address>0xad28</run_address>
         <size>0x10</size>
         <input_file_ref idref="fl-2e"/>
      </object_component>
      <object_component id="oc-fa">
         <name>.text</name>
         <load_address>0xad38</load_address>
         <run_address>0xad38</run_address>
         <size>0x10</size>
         <input_file_ref idref="fl-39"/>
      </object_component>
      <object_component id="oc-526">
         <name>.text:MRFI_Receive</name>
         <load_address>0xad48</load_address>
         <run_address>0xad48</run_address>
         <size>0xe</size>
         <input_file_ref idref="fl-3"/>
      </object_component>
      <object_component id="oc-4e6">
         <name>.text:OA0_Config</name>
         <load_address>0xad56</load_address>
         <run_address>0xad56</run_address>
         <size>0xe</size>
         <input_file_ref idref="fl-10"/>
      </object_component>
      <object_component id="oc-5e5">
         <name>.text:StatusBlink_led1</name>
         <load_address>0xad64</load_address>
         <run_address>0xad64</run_address>
         <size>0xe</size>
         <input_file_ref idref="fl-10"/>
      </object_component>
      <object_component id="oc-5eb">
         <name>.text:StatusBlink_led2</name>
         <load_address>0xad72</load_address>
         <run_address>0xad72</run_address>
         <size>0xe</size>
         <input_file_ref idref="fl-10"/>
      </object_component>
      <object_component id="oc-61c">
         <name>.text:mrfiSpiWriteTxFifo</name>
         <load_address>0xad80</load_address>
         <run_address>0xad80</run_address>
         <size>0xe</size>
         <input_file_ref idref="fl-3"/>
      </object_component>
      <object_component id="oc-49a">
         <name>.text:nwk_setAPAddress</name>
         <load_address>0xad8e</load_address>
         <run_address>0xad8e</run_address>
         <size>0xe</size>
         <input_file_ref idref="fl-f"/>
      </object_component>
      <object_component id="oc-60f">
         <name>.text:MRFI_PostKillSem</name>
         <load_address>0xad9c</load_address>
         <run_address>0xad9c</run_address>
         <size>0xc</size>
         <input_file_ref idref="fl-3"/>
      </object_component>
      <object_component id="oc-685">
         <name>.text:handlePingRequest</name>
         <load_address>0xada8</load_address>
         <run_address>0xada8</run_address>
         <size>0xc</size>
         <input_file_ref idref="fl-9"/>
      </object_component>
      <object_component id="oc-352">
         <name>.text:mrfiSpiReadRxFifo</name>
         <load_address>0xadb4</load_address>
         <run_address>0xadb4</run_address>
         <size>0xc</size>
         <input_file_ref idref="fl-3"/>
      </object_component>
      <object_component id="oc-3f5">
         <name>.text:BSP_InitButtons</name>
         <load_address>0xadc0</load_address>
         <run_address>0xadc0</run_address>
         <size>0xa</size>
         <input_file_ref idref="fl-2"/>
      </object_component>
      <object_component id="oc-292">
         <name>.text:BSP_InitDrivers</name>
         <load_address>0xadca</load_address>
         <run_address>0xadca</run_address>
         <size>0xa</size>
         <input_file_ref idref="fl-2"/>
      </object_component>
      <object_component id="oc-442">
         <name>.text:nwk_freqInit</name>
         <load_address>0xadd4</load_address>
         <run_address>0xadd4</run_address>
         <size>0xa</size>
         <input_file_ref idref="fl-4"/>
      </object_component>
      <object_component id="oc-454">
         <name>.text:nwk_mgmtInit</name>
         <load_address>0xadde</load_address>
         <run_address>0xadde</run_address>
         <size>0xa</size>
         <input_file_ref idref="fl-8"/>
      </object_component>
      <object_component id="oc-448">
         <name>.text:nwk_pingInit</name>
         <load_address>0xade8</load_address>
         <run_address>0xade8</run_address>
         <size>0xa</size>
         <input_file_ref idref="fl-9"/>
      </object_component>
      <object_component id="oc-123">
         <name>.text:ADC10_ISR</name>
         <load_address>0xadf2</load_address>
         <run_address>0xadf2</run_address>
         <size>0x8</size>
         <input_file_ref idref="fl-10"/>
      </object_component>
      <object_component id="oc-4f2">
         <name>.text:Stop_OA0</name>
         <load_address>0xadfa</load_address>
         <run_address>0xadfa</run_address>
         <size>0x8</size>
         <input_file_ref idref="fl-10"/>
      </object_component>
      <object_component id="oc-13a">
         <name>.text:TimerB_ISR</name>
         <load_address>0xae02</load_address>
         <run_address>0xae02</run_address>
         <size>0x8</size>
         <input_file_ref idref="fl-10"/>
      </object_component>
      <object_component id="oc-135">
         <name>.text:_isr:__TI_ISR_TRAP</name>
         <load_address>0xae0a</load_address>
         <run_address>0xae0a</run_address>
         <size>0x8</size>
         <input_file_ref idref="fl-46"/>
      </object_component>
      <object_component id="oc-3db">
         <name>.text:nwk_getChannel</name>
         <load_address>0xae12</load_address>
         <run_address>0xae12</run_address>
         <size>0x8</size>
         <input_file_ref idref="fl-4"/>
      </object_component>
      <object_component id="oc-485">
         <name>.text:MRFI_GetRadioState</name>
         <load_address>0xae1a</load_address>
         <run_address>0xae1a</run_address>
         <size>0x6</size>
         <input_file_ref idref="fl-3"/>
      </object_component>
      <object_component id="oc-4ec">
         <name>.text:Start_OA0_Slow</name>
         <load_address>0xae20</load_address>
         <run_address>0xae20</run_address>
         <size>0x6</size>
         <input_file_ref idref="fl-10"/>
      </object_component>
      <object_component id="oc-16f">
         <name>.text:abort</name>
         <load_address>0xae26</load_address>
         <run_address>0xae26</run_address>
         <size>0x6</size>
         <input_file_ref idref="fl-3a"/>
      </object_component>
      <object_component id="oc-399">
         <name>.text:nwk_freeConnection</name>
         <load_address>0xae2c</load_address>
         <run_address>0xae2c</run_address>
         <size>0x6</size>
         <input_file_ref idref="fl-b"/>
      </object_component>
      <object_component id="oc-466">
         <name>.text:nwk_getBCastAddress</name>
         <load_address>0xae32</load_address>
         <run_address>0xae32</run_address>
         <size>0x6</size>
         <input_file_ref idref="fl-f"/>
      </object_component>
      <object_component id="oc-260">
         <name>.text:nwk_getFWVersion</name>
         <load_address>0xae38</load_address>
         <run_address>0xae38</run_address>
         <size>0x6</size>
         <input_file_ref idref="fl-f"/>
      </object_component>
      <object_component id="oc-4b7">
         <name>.text:nwk_getMyRxType</name>
         <load_address>0xae3e</load_address>
         <run_address>0xae3e</run_address>
         <size>0x6</size>
         <input_file_ref idref="fl-e"/>
      </object_component>
      <object_component id="oc-25a">
         <name>.text:nwk_getProtocolVersion</name>
         <load_address>0xae44</load_address>
         <run_address>0xae44</run_address>
         <size>0x6</size>
         <input_file_ref idref="fl-f"/>
      </object_component>
      <object_component id="oc-147">
         <name>.text:_system_pre_init</name>
         <load_address>0xae4a</load_address>
         <run_address>0xae4a</run_address>
         <size>0x4</size>
         <input_file_ref idref="fl-53"/>
      </object_component>
      <object_component id="oc-65f">
         <name>.text:nwk_processSecurity</name>
         <load_address>0xae4e</load_address>
         <run_address>0xae4e</run_address>
         <size>0x4</size>
         <input_file_ref idref="fl-a"/>
      </object_component>
      <object_component id="oc-6b5">
         <name>.text:send_ping_reply</name>
         <load_address>0xae52</load_address>
         <run_address>0xae52</run_address>
         <size>0x4</size>
         <input_file_ref idref="fl-4"/>
      </object_component>
      <object_component id="oc-1bf">
         <name>.text:_system_post_cinit</name>
         <load_address>0xae56</load_address>
         <run_address>0xae56</run_address>
         <size>0x2</size>
         <input_file_ref idref="fl-5a"/>
      </object_component>
      <object_component id="oc-460">
         <name>.text:nwk_securityInit</name>
         <load_address>0xae58</load_address>
         <run_address>0xae58</run_address>
         <size>0x2</size>
         <input_file_ref idref="fl-a"/>
      </object_component>
      <object_component id="oc-70f">
         <name>.cinit..data.load</name>
         <load_address>0xaebc</load_address>
         <run_address>0xaebc</run_address>
         <size>0x1e</size>
      </object_component>
      <object_component id="oc-70c">
         <name>__TI_handler_table</name>
         <load_address>0xaeda</load_address>
         <run_address>0xaeda</run_address>
         <size>0x6</size>
      </object_component>
      <object_component id="oc-70e">
         <name>.cinit..bss.load</name>
         <load_address>0xaee0</load_address>
         <run_address>0xaee0</run_address>
         <size>0x4</size>
      </object_component>
      <object_component id="oc-70d">
         <name>__TI_cinit_table</name>
         <load_address>0xaee4</load_address>
         <run_address>0xaee4</run_address>
         <size>0x8</size>
      </object_component>
      <object_component id="oc-410">
         <name>.const:mrfiRadioCfg</name>
         <load_address>0xae5a</load_address>
         <run_address>0xae5a</run_address>
         <size>0x3e</size>
         <input_file_ref idref="fl-3"/>
      </object_component>
      <object_component id="oc-606">
         <name>.const:func</name>
         <load_address>0xae98</load_address>
         <run_address>0xae98</run_address>
         <size>0xc</size>
         <input_file_ref idref="fl-e"/>
      </object_component>
      <object_component id="oc-38d">
         <name>.const:sVersionInfo</name>
         <load_address>0xaea4</load_address>
         <run_address>0xaea4</run_address>
         <size>0x5</size>
         <input_file_ref idref="fl-f"/>
      </object_component>
      <object_component id="oc-62b">
         <name>.const:$P$T0$1</name>
         <load_address>0xaea9</load_address>
         <run_address>0xaea9</run_address>
         <size>0x4</size>
         <input_file_ref idref="fl-f"/>
      </object_component>
      <object_component id="oc-47d">
         <name>.const:.string:mrfiBroadcastAddr</name>
         <load_address>0xaeae</load_address>
         <run_address>0xaeae</run_address>
         <size>0x4</size>
         <input_file_ref idref="fl-3"/>
      </object_component>
      <object_component id="oc-58d">
         <name>.const:.string:mrfiLogicalChanTable</name>
         <load_address>0xaeb2</load_address>
         <run_address>0xaeb2</run_address>
         <size>0x4</size>
         <input_file_ref idref="fl-3"/>
      </object_component>
      <object_component id="oc-479">
         <name>.const:sMyROMAddress</name>
         <load_address>0xaeb6</load_address>
         <run_address>0xaeb6</run_address>
         <size>0x4</size>
         <input_file_ref idref="fl-f"/>
      </object_component>
      <object_component id="oc-1f3">
         <name>.const:.string</name>
         <load_address>0xaeba</load_address>
         <run_address>0xaeba</run_address>
         <size>0x2</size>
         <input_file_ref idref="fl-10"/>
      </object_component>
      <object_component id="oc-6d6">
         <name>.binit</name>
         <load_address>0x8000</load_address>
         <run_address>0x8000</run_address>
         <size>0x0</size>
      </object_component>
      <object_component id="oc-3e">
         <name>.int02</name>
         <load_address>0xffe4</load_address>
         <run_address>0xffe4</run_address>
         <size>0x2</size>
         <input_file_ref idref="fl-10"/>
      </object_component>
      <object_component id="oc-3f">
         <name>.int03</name>
         <load_address>0xffe6</load_address>
         <run_address>0xffe6</run_address>
         <size>0x2</size>
         <input_file_ref idref="fl-3"/>
      </object_component>
      <object_component id="oc-40">
         <name>.int05</name>
         <load_address>0xffea</load_address>
         <run_address>0xffea</run_address>
         <size>0x2</size>
         <input_file_ref idref="fl-10"/>
      </object_component>
      <object_component id="oc-41">
         <name>.int06</name>
         <load_address>0xffec</load_address>
         <run_address>0xffec</run_address>
         <size>0x2</size>
         <input_file_ref idref="fl-10"/>
      </object_component>
      <object_component id="oc-42">
         <name>.int07</name>
         <load_address>0xffee</load_address>
         <run_address>0xffee</run_address>
         <size>0x2</size>
         <input_file_ref idref="fl-10"/>
      </object_component>
      <object_component id="oc-43">
         <name>.int08</name>
         <load_address>0xfff0</load_address>
         <run_address>0xfff0</run_address>
         <size>0x2</size>
         <input_file_ref idref="fl-41"/>
      </object_component>
      <object_component id="oc-44">
         <name>.int09</name>
         <load_address>0xfff2</load_address>
         <run_address>0xfff2</run_address>
         <size>0x2</size>
         <input_file_ref idref="fl-42"/>
      </object_component>
      <object_component id="oc-45">
         <name>.int10</name>
         <load_address>0xfff4</load_address>
         <run_address>0xfff4</run_address>
         <size>0x2</size>
         <input_file_ref idref="fl-43"/>
      </object_component>
      <object_component id="oc-46">
         <name>.int12</name>
         <load_address>0xfff8</load_address>
         <run_address>0xfff8</run_address>
         <size>0x2</size>
         <input_file_ref idref="fl-44"/>
      </object_component>
      <object_component id="oc-47">
         <name>.int13</name>
         <load_address>0xfffa</load_address>
         <run_address>0xfffa</run_address>
         <size>0x2</size>
         <input_file_ref idref="fl-10"/>
      </object_component>
      <object_component id="oc-48">
         <name>.int14</name>
         <load_address>0xfffc</load_address>
         <run_address>0xfffc</run_address>
         <size>0x2</size>
         <input_file_ref idref="fl-45"/>
      </object_component>
      <object_component id="oc-ef">
         <name>.reset</name>
         <load_address>0xfffe</load_address>
         <run_address>0xfffe</run_address>
         <size>0x2</size>
         <input_file_ref idref="fl-2f"/>
      </object_component>
      <object_component id="oc-1e8">
         <name>.debug_info</name>
         <load_address>0x0</load_address>
         <run_address>0x0</run_address>
         <size>0x175</size>
         <input_file_ref idref="fl-2"/>
      </object_component>
      <object_component id="oc-28d">
         <name>.debug_info</name>
         <load_address>0x175</load_address>
         <run_address>0x175</run_address>
         <size>0x1cf</size>
         <input_file_ref idref="fl-2"/>
      </object_component>
      <object_component id="oc-584">
         <name>.debug_info</name>
         <load_address>0x344</load_address>
         <run_address>0x344</run_address>
         <size>0x1e9</size>
         <input_file_ref idref="fl-2"/>
      </object_component>
      <object_component id="oc-293">
         <name>.debug_info</name>
         <load_address>0x52d</load_address>
         <run_address>0x52d</run_address>
         <size>0x200</size>
         <input_file_ref idref="fl-2"/>
      </object_component>
      <object_component id="oc-3f0">
         <name>.debug_info</name>
         <load_address>0x72d</load_address>
         <run_address>0x72d</run_address>
         <size>0x1c7</size>
         <input_file_ref idref="fl-2"/>
      </object_component>
      <object_component id="oc-3f6">
         <name>.debug_info</name>
         <load_address>0x8f4</load_address>
         <run_address>0x8f4</run_address>
         <size>0x1d3</size>
         <input_file_ref idref="fl-2"/>
      </object_component>
      <object_component id="oc-105">
         <name>.debug_info</name>
         <load_address>0xac7</load_address>
         <run_address>0xac7</run_address>
         <size>0x84</size>
         <input_file_ref idref="fl-2"/>
      </object_component>
      <object_component id="oc-218">
         <name>.debug_info</name>
         <load_address>0xb4b</load_address>
         <run_address>0xb4b</run_address>
         <size>0x6d</size>
         <input_file_ref idref="fl-2"/>
      </object_component>
      <object_component id="oc-37a">
         <name>.debug_info</name>
         <load_address>0xbb8</load_address>
         <run_address>0xbb8</run_address>
         <size>0x2c</size>
         <input_file_ref idref="fl-2"/>
      </object_component>
      <object_component id="oc-348">
         <name>.debug_info</name>
         <load_address>0xbe4</load_address>
         <run_address>0xbe4</run_address>
         <size>0x488</size>
         <input_file_ref idref="fl-3"/>
      </object_component>
      <object_component id="oc-411">
         <name>.debug_info</name>
         <load_address>0x106c</load_address>
         <run_address>0x106c</run_address>
         <size>0xfc</size>
         <input_file_ref idref="fl-3"/>
      </object_component>
      <object_component id="oc-34a">
         <name>.debug_info</name>
         <load_address>0x1168</load_address>
         <run_address>0x1168</run_address>
         <size>0x158</size>
         <input_file_ref idref="fl-3"/>
      </object_component>
      <object_component id="oc-359">
         <name>.debug_info</name>
         <load_address>0x12c0</load_address>
         <run_address>0x12c0</run_address>
         <size>0x109</size>
         <input_file_ref idref="fl-3"/>
      </object_component>
      <object_component id="oc-41a">
         <name>.debug_info</name>
         <load_address>0x13c9</load_address>
         <run_address>0x13c9</run_address>
         <size>0x190</size>
         <input_file_ref idref="fl-3"/>
      </object_component>
      <object_component id="oc-47e">
         <name>.debug_info</name>
         <load_address>0x1559</load_address>
         <run_address>0x1559</run_address>
         <size>0x107</size>
         <input_file_ref idref="fl-3"/>
      </object_component>
      <object_component id="oc-58e">
         <name>.debug_info</name>
         <load_address>0x1660</load_address>
         <run_address>0x1660</run_address>
         <size>0x10c</size>
         <input_file_ref idref="fl-3"/>
      </object_component>
      <object_component id="oc-481">
         <name>.debug_info</name>
         <load_address>0x176c</load_address>
         <run_address>0x176c</run_address>
         <size>0x104</size>
         <input_file_ref idref="fl-3"/>
      </object_component>
      <object_component id="oc-29d">
         <name>.debug_info</name>
         <load_address>0x1870</load_address>
         <run_address>0x1870</run_address>
         <size>0x3b4</size>
         <input_file_ref idref="fl-3"/>
      </object_component>
      <object_component id="oc-558">
[...]
         <object_component_ref idref="oc-2f0"/>
      </symbol>
      <symbol id="sm-7d1">
         <name>I2C_Read_Init</name>
         <value>0xac46</value>
         <object_component_ref idref="oc-4cf"/>
      </symbol>
      <symbol id="sm-7d2">
         <name>Start_OA0_Slow</name>
         <value>0xae20</value>
         <object_component_ref idref="oc-4ec"/>
      </symbol>
      <symbol id="sm-7d3">
         <name>UCB0_MODE</name>
         <value>0x372</value>
         <object_component_ref idref="oc-194"/>
      </symbol>
      <symbol id="sm-7e2">
         <name>TI_getRandomIntegerFromVLO</name>
         <value>0x91b6</value>
         <object_component_ref idref="oc-254"/>
      </symbol>
      <symbol id="sm-7e3">
         <name>TI_getRandomIntegerFromADC</name>
         <value>0x918e</value>
         <object_component_ref idref="oc-254"/>
      </symbol>
      <symbol id="sm-7f5">
         <name>__mspabi_sral</name>
         <value>0xad28</value>
         <object_component_ref idref="oc-422"/>
      </symbol>
      <symbol id="sm-7f6">
         <name>__mspabi_sral_15</name>
         <value>0xa210</value>
         <object_component_ref idref="oc-2d2"/>
      </symbol>
      <symbol id="sm-7f7">
         <name>__mspabi_sral_14</name>
         <value>0xa214</value>
         <object_component_ref idref="oc-2d2"/>
      </symbol>
      <symbol id="sm-7f8">
         <name>__mspabi_sral_13</name>
         <value>0xa218</value>
         <object_component_ref idref="oc-2d2"/>
      </symbol>
      <symbol id="sm-7f9">
         <name>__mspabi_sral_12</name>
         <value>0xa21c</value>
         <object_component_ref idref="oc-2d2"/>
      </symbol>
      <symbol id="sm-7fa">
         <name>__mspabi_sral_11</name>
         <value>0xa220</value>
         <object_component_ref idref="oc-2d2"/>
      </symbol>
      <symbol id="sm-7fb">
         <name>__mspabi_sral_10</name>
         <value>0xa224</value>
         <object_component_ref idref="oc-2d2"/>
      </symbol>
      <symbol id="sm-7fc">
         <name>__mspabi_sral_8</name>
         <value>0xa22c</value>
         <object_component_ref idref="oc-2d2"/>
      </symbol>
      <symbol id="sm-7fd">
         <name>__mspabi_sral_9</name>
         <value>0xa228</value>
         <object_component_ref idref="oc-2d2"/>
      </symbol>
      <symbol id="sm-7fe">
         <name>__mspabi_sral_6</name>
         <value>0xa234</value>
         <object_component_ref idref="oc-2d2"/>
      </symbol>
      <symbol id="sm-7ff">
         <name>__mspabi_sral_7</name>
         <value>0xa230</value>
         <object_component_ref idref="oc-2d2"/>
      </symbol>
      <symbol id="sm-800">
         <name>__mspabi_sral_4</name>
         <value>0xa23c</value>
         <object_component_ref idref="oc-2d2"/>
      </symbol>
      <symbol id="sm-801">
         <name>__mspabi_sral_5</name>
         <value>0xa238</value>
         <object_component_ref idref="oc-2d2"/>
      </symbol>
      <symbol id="sm-802">
         <name>__mspabi_sral_2</name>
         <value>0xa244</value>
         <object_component_ref idref="oc-2d2"/>
      </symbol>
      <symbol id="sm-803">
         <name>__mspabi_sral_3</name>
         <value>0xa240</value>
         <object_component_ref idref="oc-2d2"/>
      </symbol>
      <symbol id="sm-804">
         <name>__mspabi_sral_1</name>
         <value>0xa248</value>
         <object_component_ref idref="oc-2d2"/>
      </symbol>
      <symbol id="sm-80c">
         <name>_stack</name>
         <value>0x5b0</value>
         <object_component_ref idref="oc-ec"/>
      </symbol>
      <symbol id="sm-80d">
         <name>_reset_vector</name>
         <value>0xfffe</value>
         <object_component_ref idref="oc-ef"/>
      </symbol>
      <symbol id="sm-817">
         <name>_c_int00_noargs_noexit</name>
         <value>0xab9c</value>
         <object_component_ref idref="oc-67"/>
      </symbol>
      <symbol id="sm-835">
         <name>__TI_decompress_lzss</name>
         <value>0x9832</value>
         <object_component_ref idref="oc-32"/>
      </symbol>
      <symbol id="sm-84b">
         <name>__TI_decompress_none</name>
         <value>0xace0</value>
         <object_component_ref idref="oc-38"/>
      </symbol>
      <symbol id="sm-85e">
         <name>__TI_zero_init</name>
         <value>0xac6e</value>
         <object_component_ref idref="oc-49"/>
      </symbol>
      <symbol id="sm-86c">
         <name>__mspabi_remi</name>
         <value>0xa812</value>
         <object_component_ref idref="oc-51a"/>
      </symbol>
      <symbol id="sm-86d">
         <name>__mspabi_divi</name>
         <value>0xa812</value>
         <object_component_ref idref="oc-51a"/>
      </symbol>
      <symbol id="sm-877">
         <name>__mspabi_remu</name>
         <value>0xac30</value>
         <object_component_ref idref="oc-5fd"/>
      </symbol>
      <symbol id="sm-878">
         <name>__mspabi_divu</name>
         <value>0xac30</value>
         <object_component_ref idref="oc-5fd"/>
      </symbol>
      <symbol id="sm-886">
         <name>__mspabi_remul</name>
         <value>0x9d2a</value>
         <object_component_ref idref="oc-427"/>
      </symbol>
      <symbol id="sm-887">
         <name>__mspabi_divul</name>
         <value>0x9d2a</value>
         <object_component_ref idref="oc-427"/>
      </symbol>
      <symbol id="sm-890">
         <name>__mspabi_func_epilog_2</name>
         <value>0xad42</value>
         <object_component_ref idref="oc-fa"/>
      </symbol>
      <symbol id="sm-891">
         <name>__mspabi_func_epilog_3</name>
         <value>0xad40</value>
         <object_component_ref idref="oc-fa"/>
      </symbol>
      <symbol id="sm-892">
         <name>__mspabi_func_epilog_1</name>
         <value>0xad44</value>
         <object_component_ref idref="oc-fa"/>
      </symbol>
      <symbol id="sm-893">
         <name>__mspabi_func_epilog_6</name>
         <value>0xad3a</value>
         <object_component_ref idref="oc-fa"/>
      </symbol>
      <symbol id="sm-894">
         <name>__mspabi_func_epilog_7</name>
         <value>0xad38</value>
         <object_component_ref idref="oc-fa"/>
      </symbol>
      <symbol id="sm-895">
         <name>__mspabi_func_epilog_4</name>
         <value>0xad3e</value>
         <object_component_ref idref="oc-fa"/>
      </symbol>
      <symbol id="sm-896">
         <name>__mspabi_func_epilog_5</name>
         <value>0xad3c</value>
         <object_component_ref idref="oc-fa"/>
      </symbol>
      <symbol id="sm-8a0">
         <name>C$$EXIT</name>
         <value>0xae26</value>
         <object_component_ref idref="oc-16f"/>
      </symbol>
      <symbol id="sm-8a1">
         <name>abort</name>
         <value>0xae26</value>
         <object_component_ref idref="oc-16f"/>
      </symbol>
      <symbol id="sm-8aa">
         <name>__TI_int08</name>
         <value>0xfff0</value>
         <object_component_ref idref="oc-43"/>
      </symbol>
      <symbol id="sm-8ad">
         <name>__TI_int09</name>
         <value>0xfff2</value>
         <object_component_ref idref="oc-44"/>
      </symbol>
      <symbol id="sm-8b0">
         <name>__TI_int10</name>
         <value>0xfff4</value>
         <object_component_ref idref="oc-45"/>
      </symbol>
      <symbol id="sm-8b3">
         <name>__TI_int12</name>
         <value>0xfff8</value>
         <object_component_ref idref="oc-46"/>
      </symbol>
      <symbol id="sm-8b6">
         <name>__TI_int14</name>
         <value>0xfffc</value>
         <object_component_ref idref="oc-48"/>
      </symbol>
      <symbol id="sm-8be">
         <name>__TI_ISR_TRAP</name>
         <value>0xae0a</value>
         <object_component_ref idref="oc-135"/>
      </symbol>
      <symbol id="sm-8c6">
         <name>__mspabi_slli</name>
         <value>0xa83e</value>
         <object_component_ref idref="oc-f0"/>
      </symbol>
      <symbol id="sm-8c7">
         <name>__mspabi_slli_9</name>
         <value>0xa856</value>
         <object_component_ref idref="oc-f0"/>
      </symbol>
      <symbol id="sm-8c8">
         <name>__mspabi_slli_8</name>
         <value>0xa858</value>
         <object_component_ref idref="oc-f0"/>
      </symbol>
      <symbol id="sm-8c9">
         <name>__mspabi_slli_7</name>
         <value>0xa85a</value>
         <object_component_ref idref="oc-f0"/>
      </symbol>
      <symbol id="sm-8ca">
         <name>__mspabi_slli_6</name>
         <value>0xa85c</value>
         <object_component_ref idref="oc-f0"/>
      </symbol>
      <symbol id="sm-8cb">
         <name>__mspabi_slli_5</name>
         <value>0xa85e</value>
         <object_component_ref idref="oc-f0"/>
      </symbol>
      <symbol id="sm-8cc">
         <name>__mspabi_slli_4</name>
         <value>0xa860</value>
         <object_component_ref idref="oc-f0"/>
      </symbol>
      <symbol id="sm-8cd">
         <name>__mspabi_slli_3</name>
         <value>0xa862</value>
         <object_component_ref idref="oc-f0"/>
      </symbol>
      <symbol id="sm-8ce">
         <name>__mspabi_slli_2</name>
         <value>0xa864</value>
         <object_component_ref idref="oc-f0"/>
      </symbol>
      <symbol id="sm-8cf">
         <name>__mspabi_slli_1</name>
         <value>0xa866</value>
         <object_component_ref idref="oc-f0"/>
      </symbol>
      <symbol id="sm-8d0">
         <name>__mspabi_slli_15</name>
         <value>0xa84a</value>
         <object_component_ref idref="oc-f0"/>
      </symbol>
      <symbol id="sm-8d1">
         <name>__mspabi_slli_14</name>
         <value>0xa84c</value>
         <object_component_ref idref="oc-f0"/>
      </symbol>
      <symbol id="sm-8d2">
         <name>__mspabi_slli_13</name>
         <value>0xa84e</value>
         <object_component_ref idref="oc-f0"/>
      </symbol>
      <symbol id="sm-8d3">
         <name>__mspabi_slli_12</name>
         <value>0xa850</value>
         <object_component_ref idref="oc-f0"/>
      </symbol>
      <symbol id="sm-8d4">
         <name>__mspabi_slli_11</name>
         <value>0xa852</value>
         <object_component_ref idref="oc-f0"/>
      </symbol>
      <symbol id="sm-8d5">
         <name>__mspabi_slli_10</name>
         <value>0xa854</value>
         <object_component_ref idref="oc-f0"/>
      </symbol>
      <symbol id="sm-8dd">
         <name>__mspabi_slll_9</name>
         <value>0xa266</value>
         <object_component_ref idref="oc-4df"/>
      </symbol>
      <symbol id="sm-8de">
         <name>__mspabi_slll_8</name>
         <value>0xa26a</value>
         <object_component_ref idref="oc-4df"/>
      </symbol>
      <symbol id="sm-8df">
         <name>__mspabi_slll_7</name>
         <value>0xa26e</value>
         <object_component_ref idref="oc-4df"/>
      </symbol>
      <symbol id="sm-8e0">
         <name>__mspabi_slll_6</name>
         <value>0xa272</value>
         <object_component_ref idref="oc-4df"/>
      </symbol>
      <symbol id="sm-8e1">
         <name>__mspabi_slll_5</name>
         <value>0xa276</value>
         <object_component_ref idref="oc-4df"/>
      </symbol>
      <symbol id="sm-8e2">
         <name>__mspabi_slll_4</name>
         <value>0xa27a</value>
         <object_component_ref idref="oc-4df"/>
      </symbol>
      <symbol id="sm-8e3">
         <name>__mspabi_slll_3</name>
         <value>0xa27e</value>
         <object_component_ref idref="oc-4df"/>
      </symbol>
      <symbol id="sm-8e4">
         <name>__mspabi_slll_2</name>
         <value>0xa282</value>
         <object_component_ref idref="oc-4df"/>
      </symbol>
      <symbol id="sm-8e5">
         <name>__mspabi_slll_1</name>
         <value>0xa286</value>
         <object_component_ref idref="oc-4df"/>
      </symbol>
      <symbol id="sm-8e6">
         <name>__mspabi_slll_15</name>
         <value>0xa24e</value>
         <object_component_ref idref="oc-4df"/>
      </symbol>
      <symbol id="sm-8e7">
         <name>__mspabi_slll_14</name>
         <value>0xa252</value>
         <object_component_ref idref="oc-4df"/>
      </symbol>
      <symbol id="sm-8e8">
         <name>__mspabi_slll_13</name>
         <value>0xa256</value>
         <object_component_ref idref="oc-4df"/>
      </symbol>
      <symbol id="sm-8e9">
         <name>__mspabi_slll_12</name>
         <value>0xa25a</value>
         <object_component_ref idref="oc-4df"/>
      </symbol>
      <symbol id="sm-8ea">
         <name>__mspabi_slll_11</name>
         <value>0xa25e</value>
         <object_component_ref idref="oc-4df"/>
      </symbol>
      <symbol id="sm-8eb">
         <name>__mspabi_slll_10</name>
         <value>0xa262</value>
         <object_component_ref idref="oc-4df"/>
      </symbol>
      <symbol id="sm-8f3">
         <name>__mspabi_srli_8</name>
         <value>0x9ea8</value>
         <object_component_ref idref="oc-f5"/>
      </symbol>
      <symbol id="sm-8f4">
         <name>__mspabi_srli_9</name>
         <value>0x9ea4</value>
         <object_component_ref idref="oc-f5"/>
      </symbol>
      <symbol id="sm-8f5">
         <name>__mspabi_srli_6</name>
         <value>0x9eb0</value>
         <object_component_ref idref="oc-f5"/>
      </symbol>
      <symbol id="sm-8f6">
         <name>__mspabi_srli_7</name>
         <value>0x9eac</value>
         <object_component_ref idref="oc-f5"/>
      </symbol>
      <symbol id="sm-8f7">
         <name>__mspabi_srli_4</name>
         <value>0x9eb8</value>
         <object_component_ref idref="oc-f5"/>
      </symbol>
      <symbol id="sm-8f8">
         <name>__mspabi_srli_5</name>
         <value>0x9eb4</value>
         <object_component_ref idref="oc-f5"/>
      </symbol>
      <symbol id="sm-8f9">
         <name>__mspabi_srli_2</name>
         <value>0x9ec0</value>
         <object_component_ref idref="oc-f5"/>
      </symbol>
      <symbol id="sm-8fa">
         <name>__mspabi_srli_3</name>
         <value>0x9ebc</value>
         <object_component_ref idref="oc-f5"/>
      </symbol>
      <symbol id="sm-8fb">
         <name>__mspabi_srli_1</name>
         <value>0x9ec4</value>
         <object_component_ref idref="oc-f5"/>
      </symbol>
      <symbol id="sm-8fc">
         <name>__mspabi_srli</name>
         <value>0x9e7e</value>
         <object_component_ref idref="oc-f5"/>
      </symbol>
      <symbol id="sm-8fd">
         <name>__mspabi_srli_15</name>
         <value>0x9e8c</value>
         <object_component_ref idref="oc-f5"/>
      </symbol>
      <symbol id="sm-8fe">
         <name>__mspabi_srli_14</name>
         <value>0x9e90</value>
         <object_component_ref idref="oc-f5"/>
      </symbol>
      <symbol id="sm-8ff">
         <name>__mspabi_srli_13</name>
         <value>0x9e94</value>
         <object_component_ref idref="oc-f5"/>
      </symbol>
      <symbol id="sm-900">
         <name>__mspabi_srli_12</name>
         <value>0x9e98</value>
         <object_component_ref idref="oc-f5"/>
      </symbol>
      <symbol id="sm-901">
         <name>__mspabi_srli_11</name>
         <value>0x9e9c</value>
         <object_component_ref idref="oc-f5"/>
      </symbol>
      <symbol id="sm-902">
         <name>__mspabi_srli_10</name>
         <value>0x9ea0</value>
         <object_component_ref idref="oc-f5"/>
      </symbol>
      <symbol id="sm-90a">
         <name>__mspabi_srll_8</name>
         <value>0x9c9e</value>
         <object_component_ref idref="oc-33b"/>
      </symbol>
      <symbol id="sm-90b">
         <name>__mspabi_srll_9</name>
         <value>0x9c98</value>
         <object_component_ref idref="oc-33b"/>
      </symbol>
      <symbol id="sm-90c">
         <name>__mspabi_srll_6</name>
         <value>0x9caa</value>
         <object_component_ref idref="oc-33b"/>
      </symbol>
      <symbol id="sm-90d">
         <name>__mspabi_srll_7</name>
         <value>0x9ca4</value>
         <object_component_ref idref="oc-33b"/>
      </symbol>
      <symbol id="sm-90e">
         <name>__mspabi_srll_4</name>
         <value>0x9cb6</value>
         <object_component_ref idref="oc-33b"/>
      </symbol>
      <symbol id="sm-90f">
         <name>__mspabi_srll_5</name>
         <value>0x9cb0</value>
         <object_component_ref idref="oc-33b"/>
      </symbol>
      <symbol id="sm-910">
         <name>__mspabi_srll_2</name>
         <value>0x9cc2</value>
         <object_component_ref idref="oc-33b"/>
      </symbol>
      <symbol id="sm-911">
         <name>__mspabi_srll_3</name>
         <value>0x9cbc</value>
         <object_component_ref idref="oc-33b"/>
      </symbol>
      <symbol id="sm-912">
         <name>__mspabi_srll_1</name>
         <value>0x9cc8</value>
         <object_component_ref idref="oc-33b"/>
      </symbol>
      <symbol id="sm-913">
         <name>__mspabi_srll_15</name>
         <value>0x9c74</value>
         <object_component_ref idref="oc-33b"/>
      </symbol>
      <symbol id="sm-914">
         <name>__mspabi_srll_14</name>
         <value>0x9c7a</value>
         <object_component_ref idref="oc-33b"/>
      </symbol>
      <symbol id="sm-915">
         <name>__mspabi_srll_13</name>
         <value>0x9c80</value>
         <object_component_ref idref="oc-33b"/>
      </symbol>
      <symbol id="sm-916">
         <name>__mspabi_srll_12</name>
         <value>0x9c86</value>
         <object_component_ref idref="oc-33b"/>
      </symbol>
      <symbol id="sm-917">
         <name>__mspabi_srll_11</name>
         <value>0x9c8c</value>
         <object_component_ref idref="oc-33b"/>
      </symbol>
      <symbol id="sm-918">
         <name>__mspabi_srll_10</name>
         <value>0x9c92</value>
         <object_component_ref idref="oc-33b"/>
      </symbol>
      <symbol id="sm-928">
         <name>memcmp</name>
         <value>0xaa50</value>
         <object_component_ref idref="oc-574"/>
      </symbol>
      <symbol id="sm-936">
         <name>memcpy</name>
         <value>0xacf2</value>
         <object_component_ref idref="oc-10a"/>
      </symbol>
      <symbol id="sm-944">
         <name>memset</name>
         <value>0xac82</value>
         <object_component_ref idref="oc-35b"/>
      </symbol>
      <symbol id="sm-950">
         <name>__mspabi_mpyi_sw</name>
         <value>0xac96</value>
         <object_component_ref idref="oc-225"/>
      </symbol>
      <symbol id="sm-951">
         <name>__mspabi_mpyi</name>
         <value>0xac96</value>
         <object_component_ref idref="oc-225"/>
      </symbol>
      <symbol id="sm-95b">
         <name>__mspabi_mpyl_sw</name>
         <value>0xa9a2</value>
         <object_component_ref idref="oc-2cd"/>
      </symbol>
      <symbol id="sm-95c">
         <name>__mspabi_mpyl</name>
         <value>0xa9a2</value>
         <object_component_ref idref="oc-2cd"/>
      </symbol>
      <symbol id="sm-965">
         <name>_system_pre_init</name>
         <value>0xae4a</value>
         <object_component_ref idref="oc-147"/>
      </symbol>
      <symbol id="sm-984">
         <name>_auto_init</name>
         <value>0x9998</value>
         <object_component_ref idref="oc-14d"/>
      </symbol>
      <symbol id="sm-99a">
         <name>copy_in</name>
         <value>0x9cd0</value>
         <object_component_ref idref="oc-1b9"/>
      </symbol>
      <symbol id="sm-9a4">
         <name>_system_post_cinit</name>
         <value>0xae56</value>
         <object_component_ref idref="oc-1bf"/>
      </symbol>
      <symbol id="sm-9a7">
         <name>__TI_BINIT_Base</name>
         <value>0x0</value>
      </symbol>
      <symbol id="sm-9a8">
         <name>__TI_BINIT_Limit</name>
         <value>0x0</value>
      </symbol>
      <symbol id="sm-9a9">
         <name>__TI_INITARRAY_Base</name>
         <value>0x0</value>
      </symbol>
      <symbol id="sm-9aa">
         <name>__TI_INITARRAY_Limit</name>
         <value>0x0</value>
      </symbol>
      <symbol id="sm-9ab">
         <name>SMPL_Link</name>
         <value>0x8a3a</value>
      </symbol>
   </symbol_table>
   <title>Link successful</title>
</link_info>
