<?xml version="1.0"?>
<link_info>
   <banner>MSP430 Linker Unix v15.12.1.LTS</banner>
   <copyright>Copyright (c) 2003-2015 Texas Instruments Incorporated</copyright>
   <link_time>0x58946979</link_time>
   <link_errors>0x0</link_errors>
   <output_file>APasdatahub.out</output_file>
   <entry_point>
      <name>_c_int00_noargs_noexit</name>
      <address>0xabb0</address>
   </entry_point>
   <input_file_list>
      <input_file id="fl-2">
         <path>./Components/bsp/</path>
         <kind>object</kind>
         <file>bsp.obj</file>
         <name>bsp.obj</name>
      </input_file>
      <input_file id="fl-3">
         <path>./Components/mrfi/</path>
         <kind>object</kind>
         <file>mrfi.obj</file>
         <name>mrfi.obj</name>
      </input_file>
      <input_file id="fl-4">
         <path>./Components/simpliciti/network_applications/</path>
         <kind>object</kind>
         <file>nwk_freq.obj</file>
         <name>nwk_freq.obj</name>
      </input_file>
      <input_file id="fl-5">
         <path>./Components/simpliciti/network_applications/</path>
         <kind>object</kind>
         <file>nwk_ioctl.obj</file>
         <name>nwk_ioctl.obj</name>
      </input_file>
      <input_file id="fl-6">
         <path>./Components/simpliciti/network_applications/</path>
         <kind>object</kind>
         <file>nwk_join.obj</file>
         <name>nwk_join.obj</name>
      </input_file>
      <input_file id="fl-7">
         <path>./Components/simpliciti/network_applications/</path>
         <kind>object</kind>
         <file>nwk_link.obj</file>
         <name>nwk_link.obj</name>
      </input_file>
      <input_file id="fl-8">
         <path>./Components/simpliciti/network_applications/</path>
         <kind>object</kind>
         <file>nwk_mgmt.obj</file>
         <name>nwk_mgmt.obj</name>
      </input_file>
      <input_file id="fl-9">
         <path>./Components/simpliciti/network_applications/</path>
         <kind>object</kind>
         <file>nwk_ping.obj</file>
         <name>nwk_ping.obj</name>
      </input_file>
      <input_file id="fl-a">
         <path>./Components/simpliciti/network_applications/</path>
         <kind>object</kind>
         <file>nwk_security.obj</file>
         <name>nwk_security.obj</name>
      </input_file>
      <input_file id="fl-b">
         <path>./Components/simpliciti/nwk/</path>
         <kind>object</kind>
         <file>nwk.obj</file>
         <name>nwk.obj</name>
      </input_file>
      <input_file id="fl-c">
         <path>./Components/simpliciti/nwk/</path>
         <kind>object</kind>
         <file>nwk_QMgmt.obj</file>
         <name>nwk_QMgmt.obj</name>
      </input_file>
      <input_file id="fl-d">
         <path>./Components/simpliciti/nwk/</path>
         <kind>object</kind>
         <file>nwk_api.obj</file>
         <name>nwk_api.obj</name>
      </input_file>
      <input_file id="fl-e">
         <path>./Components/simpliciti/nwk/</path>
         <kind>object</kind>
         <file>nwk_frame.obj</file>
         <name>nwk_frame.obj</name>
      </input_file>
      <input_file id="fl-f">
         <path>./Components/simpliciti/nwk/</path>
         <kind>object</kind>
         <file>nwk_globals.obj</file>
         <name>nwk_globals.obj</name>
      </input_file>
      <input_file id="fl-10">
         <path>./Peer Applications/</path>
         <kind>object</kind>
         <file>SEH_ED_v1.5.obj</file>
         <name>SEH_ED_v1.5.obj</name>
      </input_file>
      <input_file id="fl-11">
         <path>./Peer Applications/</path>
         <kind>object</kind>
         <file>vlo_rand.obj</file>
         <name>vlo_rand.obj</name>
      </input_file>
      <input_file id="fl-2c">
         <path>/Applications/ti/ccsv6/tools/compiler/ti-cgt-msp430_15.12.1.LTS/lib/</path>
         <kind>archive</kind>
         <file>rts430_eabi.lib</file>
         <name>addd.obj</name>
      </input_file>
      <input_file id="fl-2d">
         <path>/Applications/ti/ccsv6/tools/compiler/ti-cgt-msp430_15.12.1.LTS/lib/</path>
         <kind>archive</kind>
         <file>rts430_eabi.lib</file>
         <name>asr16.obj</name>
      </input_file>
      <input_file id="fl-2e">
         <path>/Applications/ti/ccsv6/tools/compiler/ti-cgt-msp430_15.12.1.LTS/lib/</path>
         <kind>archive</kind>
         <file>rts430_eabi.lib</file>
         <name>asr32.obj</name>
      </input_file>
      <input_file id="fl-2f">
         <path>/Applications/ti/ccsv6/tools/compiler/ti-cgt-msp430_15.12.1.LTS/lib/</path>
         <kind>archive</kind>
         <file>rts430_eabi.lib</file>
         <name>boot.obj</name>
      </input_file>
      <input_file id="fl-30">
         <path>/Applications/ti/ccsv6/tools/compiler/ti-cgt-msp430_15.12.1.LTS/lib/</path>
         <kind>archive</kind>
         <file>rts430_eabi.lib</file>
         <name>boot_special.obj</name>
      </input_file>
      <input_file id="fl-31">
         <path>/Applications/ti/ccsv6/tools/compiler/ti-cgt-msp430_15.12.1.LTS/lib/</path>
         <kind>archive</kind>
         <file>rts430_eabi.lib</file>
         <name>copy_decompress_none.obj</name>
      </input_file>
      <input_file id="fl-32">
         <path>/Applications/ti/ccsv6/tools/compiler/ti-cgt-msp430_15.12.1.LTS/lib/</path>
         <kind>archive</kind>
         <file>rts430_eabi.lib</file>
         <name>copy_decompress_rle.obj</name>
      </input_file>
      <input_file id="fl-33">
         <path>/Applications/ti/ccsv6/tools/compiler/ti-cgt-msp430_15.12.1.LTS/lib/</path>
         <kind>archive</kind>
         <file>rts430_eabi.lib</file>
         <name>copy_zero_init.obj</name>
      </input_file>
      <input_file id="fl-34">
         <path>/Applications/ti/ccsv6/tools/compiler/ti-cgt-msp430_15.12.1.LTS/lib/</path>
         <kind>archive</kind>
         <file>rts430_eabi.lib</file>
         <name>cvtdf.obj</name>
      </input_file>
      <input_file id="fl-35">
         <path>/Applications/ti/ccsv6/tools/compiler/ti-cgt-msp430_15.12.1.LTS/lib/</path>
         <kind>archive</kind>
         <file>rts430_eabi.lib</file>
         <name>cvtfd.obj</name>
      </input_file>
      <input_file id="fl-36">
         <path>/Applications/ti/ccsv6/tools/compiler/ti-cgt-msp430_15.12.1.LTS/lib/</path>
         <kind>archive</kind>
         <file>rts430_eabi.lib</file>
         <name>div16s.obj</name>
      </input_file>
      <input_file id="fl-37">
         <path>/Applications/ti/ccsv6/tools/compiler/ti-cgt-msp430_15.12.1.LTS/lib/</path>
         <kind>archive</kind>
         <file>rts430_eabi.lib</file>
         <name>div16u.obj</name>
      </input_file>
      <input_file id="fl-38">
         <path>/Applications/ti/ccsv6/tools/compiler/ti-cgt-msp430_15.12.1.LTS/lib/</path>
         <kind>archive</kind>
         <file>rts430_eabi.lib</file>
         <name>div32u.obj</name>
      </input_file>
      <input_file id="fl-39">
         <path>/Applications/ti/ccsv6/tools/compiler/ti-cgt-msp430_15.12.1.LTS/lib/</path>
         <kind>archive</kind>
         <file>rts430_eabi.lib</file>
         <name>epilog.obj</name>
      </input_file>
      <input_file id="fl-3a">
         <path>/Applications/ti/ccsv6/tools/compiler/ti-cgt-msp430_15.12.1.LTS/lib/</path>
         <kind>archive</kind>
         <file>rts430_eabi.lib</file>
         <name>exit.obj</name>
      </input_file>
      <input_file id="fl-3b">
         <path>/Applications/ti/ccsv6/tools/compiler/ti-cgt-msp430_15.12.1.LTS/lib/</path>
         <kind>archive</kind>
         <file>rts430_eabi.lib</file>
         <name>exit_gvars.obj</name>
      </input_file>
      <input_file id="fl-3c">
         <path>/Applications/ti/ccsv6/tools/compiler/ti-cgt-msp430_15.12.1.LTS/lib/</path>
         <kind>archive</kind>
         <file>rts430_eabi.lib</file>
         <name>frcaddd.obj</name>
      </input_file>
      <input_file id="fl-3d">
         <path>/Applications/ti/ccsv6/tools/compiler/ti-cgt-msp430_15.12.1.LTS/lib/</path>
         <kind>archive</kind>
         <file>rts430_eabi.lib</file>
         <name>fs_mpy.obj</name>
      </input_file>
      <input_file id="fl-3e">
         <path>/Applications/ti/ccsv6/tools/compiler/ti-cgt-msp430_15.12.1.LTS/lib/</path>
         <kind>archive</kind>
         <file>rts430_eabi.lib</file>
         <name>fs_toi.obj</name>
      </input_file>
      <input_file id="fl-3f">
         <path>/Applications/ti/ccsv6/tools/compiler/ti-cgt-msp430_15.12.1.LTS/lib/</path>
         <kind>archive</kind>
         <file>rts430_eabi.lib</file>
         <name>fs_tou.obj</name>
      </input_file>
      <input_file id="fl-40">
         <path>/Applications/ti/ccsv6/tools/compiler/ti-cgt-msp430_15.12.1.LTS/lib/</path>
         <kind>archive</kind>
         <file>rts430_eabi.lib</file>
         <name>fs_utof.obj</name>
      </input_file>
      <input_file id="fl-41">
         <path>/Applications/ti/ccsv6/tools/compiler/ti-cgt-msp430_15.12.1.LTS/lib/</path>
         <kind>archive</kind>
         <file>rts430_eabi.lib</file>
         <name>int08.obj</name>
      </input_file>
      <input_file id="fl-42">
         <path>/Applications/ti/ccsv6/tools/compiler/ti-cgt-msp430_15.12.1.LTS/lib/</path>
         <kind>archive</kind>
         <file>rts430_eabi.lib</file>
         <name>int09.obj</name>
      </input_file>
      <input_file id="fl-43">
         <path>/Applications/ti/ccsv6/tools/compiler/ti-cgt-msp430_15.12.1.LTS/lib/</path>
         <kind>archive</kind>
         <file>rts430_eabi.lib</file>
         <name>int10.obj</name>
      </input_file>
      <input_file id="fl-44">
         <path>/Applications/ti/ccsv6/tools/compiler/ti-cgt-msp430_15.12.1.LTS/lib/</path>
         <kind>archive</kind>
         <file>rts430_eabi.lib</file>
         <name>int12.obj</name>
      </input_file>
      <input_file id="fl-45">
         <path>/Applications/ti/ccsv6/tools/compiler/ti-cgt-msp430_15.12.1.LTS/lib/</path>
         <kind>archive</kind>
         <file>rts430_eabi.lib</file>
         <name>int14.obj</name>
      </input_file>
      <input_file id="fl-46">
         <path>/Applications/ti/ccsv6/tools/compiler/ti-cgt-msp430_15.12.1.LTS/lib/</path>
         <kind>archive</kind>
         <file>rts430_eabi.lib</file>
         <name>isr_trap.obj</name>
      </input_file>
      <input_file id="fl-47">
         <path>/Applications/ti/ccsv6/tools/compiler/ti-cgt-msp430_15.12.1.LTS/lib/</path>
         <kind>archive</kind>
         <file>rts430_eabi.lib</file>
         <name>lsl16.obj</name>
      </input_file>
      <input_file id="fl-48">
         <path>/Applications/ti/ccsv6/tools/compiler/ti-cgt-msp430_15.12.1.LTS/lib/</path>
         <kind>archive</kind>
         <file>rts430_eabi.lib</file>
         <name>lsl32.obj</name>
      </input_file>
      <input_file id="fl-49">
         <path>/Applications/ti/ccsv6/tools/compiler/ti-cgt-msp430_15.12.1.LTS/lib/</path>
         <kind>archive</kind>
         <file>rts430_eabi.lib</file>
         <name>lsr16.obj</name>
      </input_file>
      <input_file id="fl-4a">
         <path>/Applications/ti/ccsv6/tools/compiler/ti-cgt-msp430_15.12.1.LTS/lib/</path>
         <kind>archive</kind>
         <file>rts430_eabi.lib</file>
         <name>lsr32.obj</name>
      </input_file>
      <input_file id="fl-4b">
         <path>/Applications/ti/ccsv6/tools/compiler/ti-cgt-msp430_15.12.1.LTS/lib/</path>
         <kind>archive</kind>
         <file>rts430_eabi.lib</file>
         <name>lsr64.obj</name>
      </input_file>
      <input_file id="fl-4c">
         <path>/Applications/ti/ccsv6/tools/compiler/ti-cgt-msp430_15.12.1.LTS/lib/</path>
         <kind>archive</kind>
         <file>rts430_eabi.lib</file>
         <name>memcmp.obj</name>
      </input_file>
      <input_file id="fl-4d">
         <path>/Applications/ti/ccsv6/tools/compiler/ti-cgt-msp430_15.12.1.LTS/lib/</path>
         <kind>archive</kind>
         <file>rts430_eabi.lib</file>
         <name>memcpy.obj</name>
      </input_file>
      <input_file id="fl-4e">
         <path>/Applications/ti/ccsv6/tools/compiler/ti-cgt-msp430_15.12.1.LTS/lib/</path>
         <kind>archive</kind>
         <file>rts430_eabi.lib</file>
         <name>memset.obj</name>
      </input_file>
      <input_file id="fl-4f">
         <path>/Applications/ti/ccsv6/tools/compiler/ti-cgt-msp430_15.12.1.LTS/lib/</path>
         <kind>archive</kind>
         <file>rts430_eabi.lib</file>
         <name>mpu_init.obj</name>
      </input_file>
      <input_file id="fl-50">
         <path>/Applications/ti/ccsv6/tools/compiler/ti-cgt-msp430_15.12.1.LTS/lib/</path>
         <kind>archive</kind>
         <file>rts430_eabi.lib</file>
         <name>mpyd.obj</name>
      </input_file>
      <input_file id="fl-51">
         <path>/Applications/ti/ccsv6/tools/compiler/ti-cgt-msp430_15.12.1.LTS/lib/</path>
         <kind>archive</kind>
         <file>rts430_eabi.lib</file>
         <name>mult16.obj</name>
      </input_file>
      <input_file id="fl-52">
         <path>/Applications/ti/ccsv6/tools/compiler/ti-cgt-msp430_15.12.1.LTS/lib/</path>
         <kind>archive</kind>
         <file>rts430_eabi.lib</file>
         <name>mult32.obj</name>
      </input_file>
      <input_file id="fl-53">
         <path>/Applications/ti/ccsv6/tools/compiler/ti-cgt-msp430_15.12.1.LTS/lib/</path>
         <kind>archive</kind>
         <file>rts430_eabi.lib</file>
         <name>pre_init.obj</name>
      </input_file>
      <input_file id="fl-54">
         <path>/Applications/ti/ccsv6/tools/compiler/ti-cgt-msp430_15.12.1.LTS/lib/</path>
         <kind>archive</kind>
         <file>rts430_eabi.lib</file>
         <name>renormd.obj</name>
      </input_file>
      <input_file id="fl-55">
         <path>/Applications/ti/ccsv6/tools/compiler/ti-cgt-msp430_15.12.1.LTS/lib/</path>
         <kind>archive</kind>
         <file>rts430_eabi.lib</file>
         <name>_lock.obj</name>
      </input_file>
      <input_file id="fl-56">
         <path>/Applications/ti/ccsv6/tools/compiler/ti-cgt-msp430_15.12.1.LTS/lib/</path>
         <kind>archive</kind>
         <file>rts430_eabi.lib</file>
         <name>args_main.obj</name>
      </input_file>
      <input_file id="fl-57">
         <path>/Applications/ti/ccsv6/tools/compiler/ti-cgt-msp430_15.12.1.LTS/lib/</path>
         <kind>archive</kind>
         <file>rts430_eabi.lib</file>
         <name>autoinit.obj</name>
      </input_file>
      <input_file id="fl-58">
         <path>/Applications/ti/ccsv6/tools/compiler/ti-cgt-msp430_15.12.1.LTS/lib/</path>
         <kind>archive</kind>
         <file>rts430_eabi.lib</file>
         <name>cpy_tbl.obj</name>
      </input_file>
      <input_file id="fl-59">
         <path>/Applications/ti/ccsv6/tools/compiler/ti-cgt-msp430_15.12.1.LTS/lib/</path>
         <kind>archive</kind>
         <file>rts430_eabi.lib</file>
         <name>frcmpyd.obj</name>
      </input_file>
      <input_file id="fl-5a">
         <path>/Applications/ti/ccsv6/tools/compiler/ti-cgt-msp430_15.12.1.LTS/lib/</path>
         <kind>archive</kind>
         <file>rts430_eabi.lib</file>
         <name>startup.obj</name>
      </input_file>
   </input_file_list>
   <object_component_list>
      <object_component id="oc-34e">
         <name>.bss:mrfiIncomingPacket</name>
         <uninitialized>true</uninitialized>
         <run_address>0x2a4</run_address>
         <size>0x27</size>
         <input_file_ref idref="fl-3"/>
      </object_component>
      <object_component id="oc-40f">
         <name>.bss</name>
         <uninitialized>true</uninitialized>
         <run_address>0x2e0</run_address>
         <size>0x6</size>
         <input_file_ref idref="fl-3"/>
      </object_component>
      <object_component id="oc-5a7">
         <name>.bss:sInFrameQ</name>
         <uninitialized>true</uninitialized>
         <run_address>0x200</run_address>
         <size>0x52</size>
         <input_file_ref idref="fl-c"/>
      </object_component>
      <object_component id="oc-5aa">
         <name>.bss:sOutFrameQ</name>
         <uninitialized>true</uninitialized>
         <run_address>0x252</run_address>
         <size>0x52</size>
         <input_file_ref idref="fl-c"/>
      </object_component>
      <object_component id="oc-54e">
         <name>.bss</name>
         <uninitialized>true</uninitialized>
         <run_address>0x2e6</run_address>
         <size>0x6</size>
         <input_file_ref idref="fl-e"/>
      </object_component>
      <object_component id="oc-592">
         <name>.bss:sAPAddress</name>
         <uninitialized>true</uninitialized>
         <run_address>0x2fe</run_address>
         <size>0x4</size>
         <input_file_ref idref="fl-f"/>
      </object_component>
      <object_component id="oc-471">
         <name>.bss:sMyRAMAddress</name>
         <uninitialized>true</uninitialized>
         <run_address>0x302</run_address>
         <size>0x4</size>
         <input_file_ref idref="fl-f"/>
      </object_component>
      <object_component id="oc-18e">
         <name>.common:timer_state</name>
         <uninitialized>true</uninitialized>
         <run_address>0x332</run_address>
         <size>0x2</size>
      </object_component>
      <object_component id="oc-1ec">
         <name>.common:change_mode</name>
         <uninitialized>true</uninitialized>
         <run_address>0x339</run_address>
         <size>0x1</size>
      </object_component>
      <object_component id="oc-1eb">
         <name>.common:ftt_flag</name>
         <uninitialized>true</uninitialized>
         <run_address>0x33a</run_address>
         <size>0x1</size>
      </object_component>
      <object_component id="oc-306">
         <name>.common:Vcc</name>
         <uninitialized>true</uninitialized>
         <run_address>0x328</run_address>
         <size>0x2</size>
      </object_component>
      <object_component id="oc-307">
         <name>.common:Vcc_last</name>
         <uninitialized>true</uninitialized>
         <run_address>0x32c</run_address>
         <size>0x2</size>
      </object_component>
      <object_component id="oc-308">
         <name>.common:Temperature_last</name>
         <uninitialized>true</uninitialized>
         <run_address>0x324</run_address>
         <size>0x2</size>
      </object_component>
      <object_component id="oc-309">
         <name>.common:Humidity_last</name>
         <uninitialized>true</uninitialized>
         <run_address>0x314</run_address>
         <size>0x2</size>
      </object_component>
      <object_component id="oc-30a">
         <name>.common:Pressure_last</name>
         <uninitialized>true</uninitialized>
         <run_address>0x30e</run_address>
         <size>0x4</size>
      </object_component>
      <object_component id="oc-314">
         <name>.common:Acceleration_last</name>
         <uninitialized>true</uninitialized>
         <run_address>0x2f8</run_address>
         <size>0x6</size>
      </object_component>
      <object_component id="oc-315">
         <name>.common:Vcc_diff</name>
         <uninitialized>true</uninitialized>
         <run_address>0x32a</run_address>
         <size>0x2</size>
      </object_component>
      <object_component id="oc-322">
         <name>.common:Pressure_diff</name>
         <uninitialized>true</uninitialized>
         <run_address>0x30a</run_address>
         <size>0x4</size>
      </object_component>
      <object_component id="oc-329">
         <name>.common:Acceleration_diff</name>
         <uninitialized>true</uninitialized>
         <run_address>0x2f2</run_address>
         <size>0x6</size>
      </object_component>
      <object_component id="oc-4c2">
         <name>.common:I2C_TXData</name>
         <uninitialized>true</uninitialized>
         <run_address>0x31a</run_address>
         <size>0x2</size>
      </object_component>
      <object_component id="oc-4c3">
         <name>.common:I2C_RXData</name>
         <uninitialized>true</uninitialized>
         <run_address>0x306</run_address>
         <size>0x4</size>
      </object_component>
      <object_component id="oc-1a4">
         <name>.common:I2C_TXCntr</name>
         <uninitialized>true</uninitialized>
         <run_address>0x318</run_address>
         <size>0x2</size>
      </object_component>
      <object_component id="oc-1a0">
         <name>.common:I2C_RXCntr</name>
         <uninitialized>true</uninitialized>
         <run_address>0x316</run_address>
         <size>0x2</size>
      </object_component>
      <object_component id="oc-1a2">
         <name>.common:I2C_TXByteCtr</name>
         <uninitialized>true</uninitialized>
         <run_address>0x334</run_address>
         <size>0x1</size>
      </object_component>
      <object_component id="oc-1a1">
         <name>.common:I2C_RXByteCtr</name>
         <uninitialized>true</uninitialized>
         <run_address>0x2cb</run_address>
         <size>0x1</size>
      </object_component>
      <object_component id="oc-1a3">
         <name>.common:READ</name>
         <uninitialized>true</uninitialized>
         <run_address>0x336</run_address>
         <size>0x1</size>
      </object_component>
      <object_component id="oc-4d3">
         <name>.common:SPI_TXData</name>
         <uninitialized>true</uninitialized>
         <run_address>0x2d6</run_address>
         <size>0xa</size>
      </object_component>
      <object_component id="oc-4d5">
         <name>.common:SPI_RXData</name>
         <uninitialized>true</uninitialized>
         <run_address>0x2cc</run_address>
         <size>0xa</size>
      </object_component>
      <object_component id="oc-1a5">
         <name>.common:SPI_TXCntr</name>
         <uninitialized>true</uninitialized>
         <run_address>0x31e</run_address>
         <size>0x2</size>
      </object_component>
      <object_component id="oc-1a8">
         <name>.common:SPI_RXCntr</name>
         <uninitialized>true</uninitialized>
         <run_address>0x31c</run_address>
         <size>0x2</size>
      </object_component>
      <object_component id="oc-1a6">
         <name>.common:SPI_TXByteCtr</name>
         <uninitialized>true</uninitialized>
         <run_address>0x338</run_address>
         <size>0x1</size>
      </object_component>
      <object_component id="oc-1a9">
         <name>.common:SPI_RXByteCtr</name>
         <uninitialized>true</uninitialized>
         <run_address>0x337</run_address>
         <size>0x1</size>
      </object_component>
      <object_component id="oc-2ff">
         <name>.common:ID_adxl</name>
         <uninitialized>true</uninitialized>
         <run_address>0x335</run_address>
         <size>0x1</size>
      </object_component>
      <object_component id="oc-2f2">
         <name>.common:SlavePresent</name>
         <uninitialized>true</uninitialized>
         <run_address>0x320</run_address>
         <size>0x2</size>
      </object_component>
      <object_component id="oc-1f4">
         <name>.common:Humidity</name>
         <uninitialized>true</uninitialized>
         <run_address>0x312</run_address>
         <size>0x2</size>
      </object_component>
      <object_component id="oc-1f3">
         <name>.common:Temperature</name>
         <uninitialized>true</uninitialized>
         <run_address>0x322</run_address>
         <size>0x2</size>
      </object_component>
      <object_component id="oc-313">
         <name>.common:Acceleration_Hi_Res</name>
         <uninitialized>true</uninitialized>
         <run_address>0x2ec</run_address>
         <size>0x6</size>
      </object_component>
      <object_component id="oc-330">
         <name>.common:Vpd</name>
         <uninitialized>true</uninitialized>
         <run_address>0x32e</run_address>
         <size>0x2</size>
      </object_component>
      <object_component id="oc-311">
         <name>.common:adc_read</name>
         <uninitialized>true</uninitialized>
         <run_address>0x330</run_address>
         <size>0x2</size>
      </object_component>
      <object_component id="oc-312">
         <name>.common:Vbat</name>
         <uninitialized>true</uninitialized>
         <run_address>0x326</run_address>
         <size>0x2</size>
      </object_component>
      <object_component id="oc-33f">
         <name>.data</name>
         <load_address>0x38e</load_address>
         <run_address>0x38e</run_address>
         <size>0x3</size>
         <input_file_ref idref="fl-3"/>
      </object_component>
      <object_component id="oc-47b">
         <name>.data:mrfiRxFilterAddr</name>
         <load_address>0x38a</load_address>
         <run_address>0x38a</run_address>
         <size>0x4</size>
         <input_file_ref idref="fl-3"/>
      </object_component>
      <object_component id="oc-46a">
         <name>.data:sCurLogicalChan</name>
         <load_address>0x396</load_address>
         <run_address>0x396</run_address>
         <size>0x1</size>
         <input_file_ref idref="fl-4"/>
      </object_component>
      <object_component id="oc-56c">
         <name>.data</name>
         <load_address>0x389</load_address>
         <run_address>0x389</run_address>
         <size>0x1</size>
         <input_file_ref idref="fl-4"/>
      </object_component>
      <object_component id="oc-486">
         <name>.data</name>
         <load_address>0x37a</load_address>
         <run_address>0x37a</run_address>
         <size>0x7</size>
         <input_file_ref idref="fl-6"/>
      </object_component>
      <object_component id="oc-4af">
         <name>.data</name>
         <load_address>0x382</load_address>
         <run_address>0x382</run_address>
         <size>0x7</size>
         <input_file_ref idref="fl-7"/>
      </object_component>
      <object_component id="oc-5b4">
         <name>.data</name>
         <load_address>0x394</load_address>
         <run_address>0x394</run_address>
         <size>0x1</size>
         <input_file_ref idref="fl-8"/>
      </object_component>
      <object_component id="oc-5af">
         <name>.data</name>
         <load_address>0x395</load_address>
         <run_address>0x395</run_address>
         <size>0x1</size>
         <input_file_ref idref="fl-9"/>
      </object_component>
      <object_component id="oc-434">
         <name>.data:sConTable</name>
         <load_address>0x33c</load_address>
         <run_address>0x33c</run_address>
         <size>0x25</size>
         <input_file_ref idref="fl-b"/>
      </object_component>
      <object_component id="oc-5d7">
         <name>.data</name>
         <load_address>0x361</load_address>
         <run_address>0x361</run_address>
         <size>0x1</size>
         <input_file_ref idref="fl-b"/>
      </object_component>
      <object_component id="oc-28f">
         <name>.data</name>
         <load_address>0x381</load_address>
         <run_address>0x381</run_address>
         <size>0x1</size>
         <input_file_ref idref="fl-d"/>
      </object_component>
      <object_component id="oc-596">
         <name>.data</name>
         <load_address>0x392</load_address>
         <run_address>0x392</run_address>
         <size>0x2</size>
         <input_file_ref idref="fl-e"/>
      </object_component>
      <object_component id="oc-46e">
         <name>.data</name>
         <load_address>0x391</load_address>
         <run_address>0x391</run_address>
         <size>0x1</size>
         <input_file_ref idref="fl-f"/>
      </object_component>
      <object_component id="oc-18b">
         <name>.data</name>
         <load_address>0x362</load_address>
         <run_address>0x362</run_address>
         <size>0x18</size>
         <input_file_ref idref="fl-10"/>
      </object_component>
      <object_component id="oc-ec">
         <name>.stack</name>
         <uninitialized>true</uninitialized>
         <run_address>0x5b0</run_address>
         <size>0x2</size>
         <input_file_ref idref="fl-2f"/>
      </object_component>
      <object_component id="oc-70c">
         <name>.stack</name>
         <uninitialized>true</uninitialized>
         <run_address>0x5b0</run_address>
         <size>0x0</size>
      </object_component>
      <object_component id="oc-1f5">
         <name>.text:linkTo</name>
         <load_address>0x8000</load_address>
         <run_address>0x8000</run_address>
         <size>0x44e</size>
         <input_file_ref idref="fl-10"/>
      </object_component>
      <object_component id="oc-4bb">
         <name>.text:status_indicator</name>
         <load_address>0x844e</load_address>
         <run_address>0x844e</run_address>
         <size>0x1a2</size>
         <input_file_ref idref="fl-10"/>
      </object_component>
      <object_component id="oc-15a">
         <name>.text:main</name>
         <load_address>0x85f0</load_address>
         <run_address>0x85f0</run_address>
         <size>0x19c</size>
         <input_file_ref idref="fl-10"/>
      </object_component>
      <object_component id="oc-292">
         <name>.text:MRFI_Init</name>
         <load_address>0x878c</load_address>
         <run_address>0x878c</run_address>
         <size>0x196</size>
         <input_file_ref idref="fl-3"/>
      </object_component>
      <object_component id="oc-6a8">
         <name>.text:smpl_send_link_reply</name>
         <load_address>0x8922</load_address>
         <run_address>0x8922</run_address>
         <size>0x16c</size>
         <input_file_ref idref="fl-7"/>
      </object_component>
      <object_component id="oc-2ce">
         <name>.text:nwk_link</name>
         <load_address>0x8a8e</load_address>
         <run_address>0x8a8e</run_address>
         <size>0x14a</size>
         <input_file_ref idref="fl-7"/>
      </object_component>
      <object_component id="oc-559">
         <name>.text:nwk_QfindOldest</name>
         <load_address>0x8bd8</load_address>
         <run_address>0x8bd8</run_address>
         <size>0x138</size>
         <input_file_ref idref="fl-c"/>
      </object_component>
      <object_component id="oc-2bc">
         <name>.text:nwk_join</name>
         <load_address>0x8d10</load_address>
         <run_address>0x8d10</run_address>
         <size>0x12c</size>
         <input_file_ref idref="fl-6"/>
      </object_component>
      <object_component id="oc-552">
         <name>.text:MRFI_Transmit</name>
         <load_address>0x8e3c</load_address>
         <run_address>0x8e3c</run_address>
         <size>0x102</size>
         <input_file_ref idref="fl-3"/>
      </object_component>
      <object_component id="oc-3cb">
         <name>.text:nwk_scanForChannels</name>
         <load_address>0x8f3e</load_address>
         <run_address>0x8f3e</run_address>
         <size>0xfe</size>
         <input_file_ref idref="fl-4"/>
      </object_component>
      <object_component id="oc-214">
         <name>.text:Mrfi_SyncPinRxIsr</name>
         <load_address>0x903c</load_address>
         <run_address>0x903c</run_address>
         <size>0xda</size>
         <input_file_ref idref="fl-3"/>
      </object_component>
      <object_component id="oc-4a9">
         <name>.text:nwk_allocateLocalRxPort</name>
         <load_address>0x9116</load_address>
         <run_address>0x9116</run_address>
         <size>0xd0</size>
         <input_file_ref idref="fl-b"/>
      </object_component>
      <object_component id="oc-24a">
         <name>.text</name>
         <load_address>0x91e6</load_address>
         <run_address>0x91e6</run_address>
         <size>0xba</size>
         <input_file_ref idref="fl-11"/>
      </object_component>
      <object_component id="oc-11c">
         <name>.text:USCIAB0TX_ISR</name>
         <load_address>0x92a0</load_address>
         <run_address>0x92a0</run_address>
         <size>0xb0</size>
         <input_file_ref idref="fl-10"/>
      </object_component>
      <object_component id="oc-3c4">
         <name>.text:nwk_retrieveFrame</name>
         <load_address>0x9350</load_address>
         <run_address>0x9350</run_address>
         <size>0xac</size>
         <input_file_ref idref="fl-e"/>
      </object_component>
      <object_component id="oc-527">
         <name>.text:dispatchFrame</name>
         <load_address>0x93fc</load_address>
         <run_address>0x93fc</run_address>
         <size>0xaa</size>
         <input_file_ref idref="fl-e"/>
      </object_component>
      <object_component id="oc-1d8">
         <name>.text:SMPL_Ioctl</name>
         <load_address>0x94a6</load_address>
         <run_address>0x94a6</run_address>
         <size>0xa2</size>
         <input_file_ref idref="fl-d"/>
      </object_component>
      <object_component id="oc-4a3">
         <name>.text:nwk_getNextConnection</name>
         <load_address>0x9548</load_address>
         <run_address>0x9548</run_address>
         <size>0x98</size>
         <input_file_ref idref="fl-b"/>
      </object_component>
      <object_component id="oc-10a">
         <name>.text:Port_1</name>
         <load_address>0x95e0</load_address>
         <run_address>0x95e0</run_address>
         <size>0x96</size>
         <input_file_ref idref="fl-10"/>
      </object_component>
      <object_component id="oc-3b7">
         <name>.text:nwk_buildFrame</name>
         <load_address>0x9676</load_address>
         <run_address>0x9676</run_address>
         <size>0x8c</size>
         <input_file_ref idref="fl-e"/>
      </object_component>
      <object_component id="oc-509">
         <name>.text:spiBurstFifoAccess</name>
         <load_address>0x9702</load_address>
         <run_address>0x9702</run_address>
         <size>0x86</size>
         <input_file_ref idref="fl-3"/>
      </object_component>
      <object_component id="oc-51b">
         <name>.text:nwk_QfindSlot</name>
         <load_address>0x9788</load_address>
         <run_address>0x9788</run_address>
         <size>0x82</size>
         <input_file_ref idref="fl-c"/>
      </object_component>
      <object_component id="oc-323">
         <name>.text:ADXL362_Read_XYZ_Reg_Hi_Res</name>
         <load_address>0x980a</load_address>
         <run_address>0x980a</run_address>
         <size>0x80</size>
         <input_file_ref idref="fl-10"/>
      </object_component>
      <object_component id="oc-268">
         <name>.text:nwk_radioControl</name>
         <load_address>0x988a</load_address>
         <run_address>0x988a</run_address>
         <size>0x78</size>
         <input_file_ref idref="fl-5"/>
      </object_component>
      <object_component id="oc-31c">
         <name>.text:ReadPressure</name>
         <load_address>0x9902</load_address>
         <run_address>0x9902</run_address>
         <size>0x72</size>
         <input_file_ref idref="fl-10"/>
      </object_component>
      <object_component id="oc-140">
         <name>.text:_auto_init</name>
         <load_address>0x9974</load_address>
         <run_address>0x9974</run_address>
         <size>0x6e</size>
         <input_file_ref idref="fl-57"/>
      </object_component>
      <object_component id="oc-6a2">
         <name>.text:smpl_send_unlink_reply</name>
         <load_address>0x99e2</load_address>
         <run_address>0x99e2</run_address>
         <size>0x6e</size>
         <input_file_ref idref="fl-7"/>
      </object_component>
      <object_component id="oc-1d2">
         <name>.text:createRandomAddress</name>
         <load_address>0x9a50</load_address>
         <run_address>0x9a50</run_address>
         <size>0x6a</size>
         <input_file_ref idref="fl-10"/>
      </object_component>
      <object_component id="oc-298">
         <name>.text:nwk_nwkInit</name>
         <load_address>0x9aba</load_address>
         <run_address>0x9aba</run_address>
         <size>0x6a</size>
         <input_file_ref idref="fl-b"/>
      </object_component>
      <object_component id="oc-336">
         <name>.text:SMPL_Send</name>
         <load_address>0x9b24</load_address>
         <run_address>0x9b24</run_address>
         <size>0x68</size>
         <input_file_ref idref="fl-d"/>
      </object_component>
      <object_component id="oc-fd">
         <name>.text:__TI_decompress_rle_core</name>
         <load_address>0x9b8c</load_address>
         <run_address>0x9b8c</run_address>
         <size>0x64</size>
         <input_file_ref idref="fl-32"/>
      </object_component>
      <object_component id="oc-605">
         <name>.text:nwk_isConnectionValid</name>
         <load_address>0x9bf0</load_address>
         <run_address>0x9bf0</run_address>
         <size>0x64</size>
         <input_file_ref idref="fl-b"/>
      </object_component>
      <object_component id="oc-2da">
         <name>.text:I2C_Slave_Test</name>
         <load_address>0x9c54</load_address>
         <run_address>0x9c54</run_address>
         <size>0x60</size>
         <input_file_ref idref="fl-10"/>
      </object_component>
      <object_component id="oc-331">
         <name>.text:l_lsr_const</name>
         <load_address>0x9cb4</load_address>
         <run_address>0x9cb4</run_address>
         <size>0x5c</size>
         <input_file_ref idref="fl-4a"/>
      </object_component>
      <object_component id="oc-1b0">
         <name>.text:copy_in</name>
         <load_address>0x9d10</load_address>
         <run_address>0x9d10</run_address>
         <size>0x5a</size>
         <input_file_ref idref="fl-58"/>
      </object_component>
      <object_component id="oc-41d">
         <name>.text</name>
         <load_address>0x9d6a</load_address>
         <run_address>0x9d6a</run_address>
         <size>0x58</size>
         <input_file_ref idref="fl-38"/>
      </object_component>
      <object_component id="oc-2f9">
         <name>.text:ADXL362_ReadID</name>
         <load_address>0x9dc2</load_address>
         <run_address>0x9dc2</run_address>
         <size>0x54</size>
         <input_file_ref idref="fl-10"/>
      </object_component>
      <object_component id="oc-29e">
         <name>.text:MRFI_WakeUp</name>
         <load_address>0x9e16</load_address>
         <run_address>0x9e16</run_address>
         <size>0x54</size>
         <input_file_ref idref="fl-3"/>
      </object_component>
      <object_component id="oc-26e">
         <name>.text:nwk_rawSend</name>
         <load_address>0x9e6a</load_address>
         <run_address>0x9e6a</run_address>
         <size>0x54</size>
         <input_file_ref idref="fl-5"/>
      </object_component>
      <object_component id="oc-422">
         <name>.text</name>
         <load_address>0x9ebe</load_address>
         <run_address>0x9ebe</run_address>
         <size>0x4c</size>
         <input_file_ref idref="fl-49"/>
      </object_component>
      <object_component id="oc-2e0">
         <name>.text:I2C_Read_Register</name>
         <load_address>0x9f0a</load_address>
         <run_address>0x9f0a</run_address>
         <size>0x4a</size>
         <input_file_ref idref="fl-10"/>
      </object_component>
      <object_component id="oc-369">
         <name>.text:mrfiSpiCmdStrobe</name>
         <load_address>0x9f54</load_address>
         <run_address>0x9f54</run_address>
         <size>0x4a</size>
         <input_file_ref idref="fl-3"/>
      </object_component>
      <object_component id="oc-6bf">
         <name>.text:nwk_findPeer</name>
         <load_address>0x9f9e</load_address>
         <run_address>0x9f9e</run_address>
         <size>0x4a</size>
         <input_file_ref idref="fl-b"/>
      </object_component>
      <object_component id="oc-191">
         <name>.text:display_mode</name>
         <load_address>0x9fe8</load_address>
         <run_address>0x9fe8</run_address>
         <size>0x48</size>
         <input_file_ref idref="fl-10"/>
      </object_component>
      <object_component id="oc-357">
         <name>.text:MRFI_RxAddrIsFiltered</name>
         <load_address>0xa030</load_address>
         <run_address>0xa030</run_address>
         <size>0x46</size>
         <input_file_ref idref="fl-3"/>
      </object_component>
      <object_component id="oc-6c6">
         <name>.text:nwk_isLinkDuplicate</name>
         <load_address>0xa076</load_address>
         <run_address>0xa076</run_address>
         <size>0x46</size>
         <input_file_ref idref="fl-b"/>
      </object_component>
      <object_component id="oc-69b">
         <name>.text:smpl_send_ping_reply</name>
         <load_address>0xa0bc</load_address>
         <run_address>0xa0bc</run_address>
         <size>0x46</size>
         <input_file_ref idref="fl-9"/>
      </object_component>
      <object_component id="oc-3aa">
         <name>.text:MRFI_Rssi</name>
         <load_address>0xa102</load_address>
         <run_address>0xa102</run_address>
         <size>0x44</size>
         <input_file_ref idref="fl-3"/>
      </object_component>
      <object_component id="oc-1ed">
         <name>.text:get_voltage</name>
         <load_address>0xa146</load_address>
         <run_address>0xa146</run_address>
         <size>0x44</size>
         <input_file_ref idref="fl-10"/>
      </object_component>
      <object_component id="oc-502">
         <name>.text:spiRegAccess</name>
         <load_address>0xa18a</load_address>
         <run_address>0xa18a</run_address>
         <size>0x44</size>
         <input_file_ref idref="fl-3"/>
      </object_component>
      <object_component id="oc-1e4">
         <name>.text:SMPL_Init</name>
         <load_address>0xa1ce</load_address>
         <run_address>0xa1ce</run_address>
         <size>0x42</size>
         <input_file_ref idref="fl-d"/>
      </object_component>
      <object_component id="oc-489">
         <name>.text:MRFI_ReplyDelay</name>
         <load_address>0xa210</load_address>
         <run_address>0xa210</run_address>
         <size>0x40</size>
         <input_file_ref idref="fl-3"/>
      </object_component>
      <object_component id="oc-2c8">
         <name>.text:l_asr_const</name>
         <load_address>0xa250</load_address>
         <run_address>0xa250</run_address>
         <size>0x3e</size>
         <input_file_ref idref="fl-2e"/>
      </object_component>
      <object_component id="oc-4da">
         <name>.text:l_lsl_const</name>
         <load_address>0xa28e</load_address>
         <run_address>0xa28e</run_address>
         <size>0x3e</size>
         <input_file_ref idref="fl-48"/>
      </object_component>
      <object_component id="oc-2e6">
         <name>.text:SPI_Init</name>
         <load_address>0xa2cc</load_address>
         <run_address>0xa2cc</run_address>
         <size>0x3c</size>
         <input_file_ref idref="fl-10"/>
      </object_component>
      <object_component id="oc-27a">
         <name>.text:nwk_freqControl</name>
         <load_address>0xa308</load_address>
         <run_address>0xa308</run_address>
         <size>0x3a</size>
         <input_file_ref idref="fl-4"/>
      </object_component>
      <object_component id="oc-67b">
         <name>.text:nwk_isValidReply</name>
         <load_address>0xa342</load_address>
         <run_address>0xa342</run_address>
         <size>0x3a</size>
         <input_file_ref idref="fl-b"/>
      </object_component>
      <object_component id="oc-667">
         <name>.text:nwk_processMgmt</name>
         <load_address>0xa37c</load_address>
         <run_address>0xa37c</run_address>
         <size>0x3a</size>
         <input_file_ref idref="fl-8"/>
      </object_component>
      <object_component id="oc-57e">
         <name>.text:BSP_Delay</name>
         <load_address>0xa3b6</load_address>
         <run_address>0xa3b6</run_address>
         <size>0x38</size>
         <input_file_ref idref="fl-2"/>
      </object_component>
      <object_component id="oc-2f3">
         <name>.text:ADXL362_Write_Register</name>
         <load_address>0xa3ee</load_address>
         <run_address>0xa3ee</run_address>
         <size>0x34</size>
         <input_file_ref idref="fl-10"/>
      </object_component>
      <object_component id="oc-2b0">
         <name>.text:MRFI_SetRxAddrFilter</name>
         <load_address>0xa422</load_address>
         <run_address>0xa422</run_address>
         <size>0x34</size>
         <input_file_ref idref="fl-3"/>
      </object_component>
      <object_component id="oc-5cc">
         <name>.text:Mrfi_DelayUsecSem</name>
         <load_address>0xa456</load_address>
         <run_address>0xa456</run_address>
         <size>0x34</size>
         <input_file_ref idref="fl-3"/>
      </object_component>
      <object_component id="oc-30b">
         <name>.text:ReadADC_1_5</name>
         <load_address>0xa48a</load_address>
         <run_address>0xa48a</run_address>
         <size>0x34</size>
         <input_file_ref idref="fl-10"/>
      </object_component>
      <object_component id="oc-3f4">
         <name>.text:mrfiSpiInit</name>
         <load_address>0xa4be</load_address>
         <run_address>0xa4be</run_address>
         <size>0x34</size>
         <input_file_ref idref="fl-3"/>
      </object_component>
      <object_component id="oc-55f">
         <name>.text:nwk_QadjustOrder</name>
         <load_address>0xa4f2</load_address>
         <run_address>0xa4f2</run_address>
         <size>0x34</size>
         <input_file_ref idref="fl-c"/>
      </object_component>
      <object_component id="oc-262">
         <name>.text:nwk_deviceAddress</name>
         <load_address>0xa526</load_address>
         <run_address>0xa526</run_address>
         <size>0x34</size>
         <input_file_ref idref="fl-5"/>
      </object_component>
      <object_component id="oc-566">
         <name>.text:nwk_getAPAddress</name>
         <load_address>0xa55a</load_address>
         <run_address>0xa55a</run_address>
         <size>0x34</size>
         <input_file_ref idref="fl-f"/>
      </object_component>
      <object_component id="oc-409">
         <name>.text:MRFI_SetLogicalChannel</name>
         <load_address>0xa58e</load_address>
         <run_address>0xa58e</run_address>
         <size>0x32</size>
         <input_file_ref idref="fl-3"/>
      </object_component>
      <object_component id="oc-122">
         <name>.text:USCIAB0RX_ISR</name>
         <load_address>0xa5c0</load_address>
         <run_address>0xa5c0</run_address>
         <size>0x32</size>
         <input_file_ref idref="fl-10"/>
      </object_component>
      <object_component id="oc-389">
         <name>.text:nwk_getConnInfo</name>
         <load_address>0xa5f2</load_address>
         <run_address>0xa5f2</run_address>
         <size>0x32</size>
         <input_file_ref idref="fl-b"/>
      </object_component>
      <object_component id="oc-661">
         <name>.text:nwk_processFreq</name>
         <load_address>0xa624</load_address>
         <run_address>0xa624</run_address>
         <size>0x32</size>
         <input_file_ref idref="fl-4"/>
      </object_component>
      <object_component id="oc-316">
         <name>.text:I2C_Write_Register</name>
         <load_address>0xa656</load_address>
         <run_address>0xa656</run_address>
         <size>0x30</size>
         <input_file_ref idref="fl-10"/>
      </object_component>
      <object_component id="oc-539">
         <name>.text:map_lid2idx</name>
         <load_address>0xa686</load_address>
         <run_address>0xa686</run_address>
         <size>0x30</size>
         <input_file_ref idref="fl-b"/>
      </object_component>
      <object_component id="oc-274">
         <name>.text:nwk_rawReceive</name>
         <load_address>0xa6b6</load_address>
         <run_address>0xa6b6</run_address>
         <size>0x30</size>
         <input_file_ref idref="fl-5"/>
      </object_component>
      <object_component id="oc-3bd">
         <name>.text:nwk_sendFrame</name>
         <load_address>0xa6e6</load_address>
         <run_address>0xa6e6</run_address>
         <size>0x30</size>
         <input_file_ref idref="fl-e"/>
      </object_component>
      <object_component id="oc-2d4">
         <name>.text:I2C_Init</name>
         <load_address>0xa716</load_address>
         <run_address>0xa716</run_address>
         <size>0x2e</size>
         <input_file_ref idref="fl-10"/>
      </object_component>
      <object_component id="oc-35d">
         <name>.text:Mrfi_CalculateRssi</name>
         <load_address>0xa744</load_address>
         <run_address>0xa744</run_address>
         <size>0x2e</size>
         <input_file_ref idref="fl-3"/>
      </object_component>
      <object_component id="oc-3fa">
         <name>.text:Mrfi_DelayUsec</name>
         <load_address>0xa772</load_address>
         <run_address>0xa772</run_address>
         <size>0x2e</size>
         <input_file_ref idref="fl-3"/>
      </object_component>
      <object_component id="oc-32a">
         <name>.text:Read_PD</name>
         <load_address>0xa7a0</load_address>
         <run_address>0xa7a0</run_address>
         <size>0x2e</size>
         <input_file_ref idref="fl-10"/>
      </object_component>
      <object_component id="oc-412">
         <name>.text:Mrfi_RxModeOff</name>
         <load_address>0xa7ce</load_address>
         <run_address>0xa7ce</run_address>
         <size>0x2c</size>
         <input_file_ref idref="fl-3"/>
      </object_component>
      <object_component id="oc-688">
         <name>.text:handleLinkRequest</name>
         <load_address>0xa7fa</load_address>
         <run_address>0xa7fa</run_address>
         <size>0x2c</size>
         <input_file_ref idref="fl-7"/>
      </object_component>
      <object_component id="oc-428">
         <name>.text:nwk_globalsInit</name>
         <load_address>0xa826</load_address>
         <run_address>0xa826</run_address>
         <size>0x2c</size>
         <input_file_ref idref="fl-f"/>
      </object_component>
      <object_component id="oc-515">
         <name>.text</name>
         <load_address>0xa852</load_address>
         <run_address>0xa852</run_address>
         <size>0x2c</size>
         <input_file_ref idref="fl-36"/>
      </object_component>
      <object_component id="oc-4f5">
         <name>.text:nwk_checkConnInfo</name>
         <load_address>0xa87e</load_address>
         <run_address>0xa87e</run_address>
         <size>0x2a</size>
         <input_file_ref idref="fl-b"/>
      </object_component>
      <object_component id="oc-300">
         <name>.text:delay</name>
         <load_address>0xa8a8</load_address>
         <run_address>0xa8a8</run_address>
         <size>0x28</size>
         <input_file_ref idref="fl-10"/>
      </object_component>
      <object_component id="oc-649">
         <name>.text:nwk_processPing</name>
         <load_address>0xa8d0</load_address>
         <run_address>0xa8d0</run_address>
         <size>0x28</size>
         <input_file_ref idref="fl-9"/>
      </object_component>
      <object_component id="oc-3b0">
         <name>.text:MRFI_Sleep</name>
         <load_address>0xa8f8</load_address>
         <run_address>0xa8f8</run_address>
         <size>0x26</size>
         <input_file_ref idref="fl-3"/>
      </object_component>
      <object_component id="oc-61e">
         <name>.text:Mrfi_RandomBackoffDelay</name>
         <load_address>0xa91e</load_address>
         <run_address>0xa91e</run_address>
         <size>0x26</size>
         <input_file_ref idref="fl-3"/>
      </object_component>
      <object_component id="oc-25c">
         <name>.text:nwk_connectionControl</name>
         <load_address>0xa944</load_address>
         <run_address>0xa944</run_address>
         <size>0x26</size>
         <input_file_ref idref="fl-5"/>
      </object_component>
      <object_component id="oc-455">
         <name>.text:nwk_linkInit</name>
         <load_address>0xa96a</load_address>
         <run_address>0xa96a</run_address>
         <size>0x26</size>
         <input_file_ref idref="fl-7"/>
      </object_component>
      <object_component id="oc-64f">
         <name>.text:nwk_processLink</name>
         <load_address>0xa990</load_address>
         <run_address>0xa990</run_address>
         <size>0x26</size>
         <input_file_ref idref="fl-7"/>
      </object_component>
      <object_component id="oc-2c3">
         <name>.text</name>
         <load_address>0xa9b6</load_address>
         <run_address>0xa9b6</run_address>
         <size>0x26</size>
         <input_file_ref idref="fl-52"/>
      </object_component>
      <object_component id="oc-282">
         <name>.text:BSP_InitBoard</name>
         <load_address>0xa9dc</load_address>
         <run_address>0xa9dc</run_address>
         <size>0x22</size>
         <input_file_ref idref="fl-2"/>
      </object_component>
      <object_component id="oc-2b6">
         <name>.text:MRFI_EnableRxAddrFilter</name>
         <load_address>0xa9fe</load_address>
         <run_address>0xa9fe</run_address>
         <size>0x22</size>
         <input_file_ref idref="fl-3"/>
      </object_component>
      <object_component id="oc-3a4">
         <name>.text:MRFI_RxOn</name>
         <load_address>0xaa20</load_address>
         <run_address>0xaa20</run_address>
         <size>0x22</size>
         <input_file_ref idref="fl-3"/>
      </object_component>
      <object_component id="oc-692">
         <name>.text:handle_freq_cmd</name>
         <load_address>0xaa42</load_address>
         <run_address>0xaa42</run_address>
         <size>0x22</size>
         <input_file_ref idref="fl-4"/>
      </object_component>
      <object_component id="oc-56f">
         <name>.text:memcmp</name>
         <load_address>0xaa64</load_address>
         <run_address>0xaa64</run_address>
         <size>0x22</size>
         <input_file_ref idref="fl-4c"/>
      </object_component>
      <object_component id="oc-1de">
         <name>.text:BSP_Init</name>
         <load_address>0xaa86</load_address>
         <run_address>0xaa86</run_address>
         <size>0x20</size>
         <input_file_ref idref="fl-2"/>
      </object_component>
      <object_component id="oc-363">
         <name>.text:MRFI_RxCompleteISR</name>
         <load_address>0xaaa6</load_address>
         <run_address>0xaaa6</run_address>
         <size>0x20</size>
         <input_file_ref idref="fl-e"/>
      </object_component>
      <object_component id="oc-39e">
         <name>.text:MRFI_RxIdle</name>
         <load_address>0xaac6</load_address>
         <run_address>0xaac6</run_address>
         <size>0x20</size>
         <input_file_ref idref="fl-3"/>
      </object_component>
      <object_component id="oc-655">
         <name>.text:nwk_processJoin</name>
         <load_address>0xaae6</load_address>
         <run_address>0xaae6</run_address>
         <size>0x20</size>
         <input_file_ref idref="fl-6"/>
      </object_component>
      <object_component id="oc-342">
         <name>.text:mrfiSpiReadReg</name>
         <load_address>0xab06</load_address>
         <run_address>0xab06</run_address>
         <size>0x1e</size>
         <input_file_ref idref="fl-3"/>
      </object_component>
      <object_component id="oc-437">
         <name>.text:nwk_QInit</name>
         <load_address>0xab24</load_address>
         <run_address>0xab24</run_address>
         <size>0x1e</size>
         <input_file_ref idref="fl-c"/>
      </object_component>
      <object_component id="oc-198">
         <name>.text:MRFI_GpioIsr</name>
         <load_address>0xab42</load_address>
         <run_address>0xab42</run_address>
         <size>0x1c</size>
         <input_file_ref idref="fl-3"/>
      </object_component>
      <object_component id="oc-2a4">
         <name>.text:nwk_setChannel</name>
         <load_address>0xab5e</load_address>
         <run_address>0xab5e</run_address>
         <size>0x1c</size>
         <input_file_ref idref="fl-4"/>
      </object_component>
      <object_component id="oc-397">
         <name>.text:nwk_setMyAddress</name>
         <load_address>0xab7a</load_address>
         <run_address>0xab7a</run_address>
         <size>0x1c</size>
         <input_file_ref idref="fl-f"/>
      </object_component>
      <object_component id="oc-110">
         <name>.text:BSP_GpioPort1Isr</name>
         <load_address>0xab96</load_address>
         <run_address>0xab96</run_address>
         <size>0x1a</size>
         <input_file_ref idref="fl-3"/>
      </object_component>
      <object_component id="oc-67">
         <name>.text:_c_int00_noargs_noexit</name>
         <load_address>0xabb0</load_address>
         <run_address>0xabb0</run_address>
         <size>0x1a</size>
         <input_file_ref idref="fl-30"/>
      </object_component>
      <object_component id="oc-400">
         <name>.text:mrfiSpiWriteReg</name>
         <load_address>0xabca</load_address>
         <run_address>0xabca</run_address>
         <size>0x1a</size>
         <input_file_ref idref="fl-3"/>
      </object_component>
      <object_component id="oc-42e">
         <name>.text:nwk_frameInit</name>
         <load_address>0xabe4</load_address>
         <run_address>0xabe4</run_address>
         <size>0x1a</size>
         <input_file_ref idref="fl-e"/>
      </object_component>
      <object_component id="oc-449">
         <name>.text:nwk_joinInit</name>
         <load_address>0xabfe</load_address>
         <run_address>0xabfe</run_address>
         <size>0x1a</size>
         <input_file_ref idref="fl-6"/>
      </object_component>
      <object_component id="oc-599">
         <name>.text:MRFI_RandomByte</name>
         <load_address>0xac18</load_address>
         <run_address>0xac18</run_address>
         <size>0x16</size>
         <input_file_ref idref="fl-3"/>
      </object_component>
      <object_component id="oc-545">
         <name>.text:Mrfi_RxModeOn</name>
         <load_address>0xac2e</load_address>
         <run_address>0xac2e</run_address>
         <size>0x16</size>
         <input_file_ref idref="fl-3"/>
      </object_component>
      <object_component id="oc-5f9">
         <name>.text</name>
         <load_address>0xac44</load_address>
         <run_address>0xac44</run_address>
         <size>0x16</size>
         <input_file_ref idref="fl-37"/>
      </object_component>
      <object_component id="oc-4ca">
         <name>.text:I2C_Read_Init</name>
         <load_address>0xac5a</load_address>
         <run_address>0xac5a</run_address>
         <size>0x14</size>
         <input_file_ref idref="fl-10"/>
      </object_component>
      <object_component id="oc-4c4">
         <name>.text:I2C_Write_Init</name>
         <load_address>0xac6e</load_address>
         <run_address>0xac6e</run_address>
         <size>0x14</size>
         <input_file_ref idref="fl-10"/>
      </object_component>
      <object_component id="oc-351">
         <name>.text:memset</name>
         <load_address>0xac82</load_address>
         <run_address>0xac82</run_address>
         <size>0x14</size>
         <input_file_ref idref="fl-4e"/>
      </object_component>
      <object_component id="oc-21b">
         <name>.text</name>
         <load_address>0xac96</load_address>
         <run_address>0xac96</run_address>
         <size>0x14</size>
         <input_file_ref idref="fl-51"/>
      </object_component>
      <object_component id="oc-2ec">
         <name>.text:ADXL362_Present</name>
         <load_address>0xacaa</load_address>
         <run_address>0xacaa</run_address>
         <size>0x12</size>
         <input_file_ref idref="fl-10"/>
      </object_component>
      <object_component id="oc-3e5">
         <name>.text:BSP_InitLeds</name>
         <load_address>0xacbc</load_address>
         <run_address>0xacbc</run_address>
         <size>0x12</size>
         <input_file_ref idref="fl-2"/>
      </object_component>
      <object_component id="oc-6b7">
         <name>.text:change_channel_cmd</name>
         <load_address>0xacce</load_address>
         <run_address>0xacce</run_address>
         <size>0x12</size>
         <input_file_ref idref="fl-4"/>
      </object_component>
      <object_component id="oc-32">
         <name>.text:decompress:none:__TI_decompress_none</name>
         <load_address>0xace0</load_address>
         <run_address>0xace0</run_address>
         <size>0x12</size>
         <input_file_ref idref="fl-31"/>
      </object_component>
      <object_component id="oc-f0">
         <name>.text:memcpy</name>
         <load_address>0xacf2</load_address>
         <run_address>0xacf2</run_address>
         <size>0x12</size>
         <input_file_ref idref="fl-4d"/>
      </object_component>
      <object_component id="oc-2aa">
         <name>.text:nwk_getMyAddress</name>
         <load_address>0xad04</load_address>
         <run_address>0xad04</run_address>
         <size>0x12</size>
         <input_file_ref idref="fl-f"/>
      </object_component>
      <object_component id="oc-48f">
         <name>.text:nwk_setLinkToken</name>
         <load_address>0xad16</load_address>
         <run_address>0xad16</run_address>
         <size>0x12</size>
         <input_file_ref idref="fl-7"/>
      </object_component>
      <object_component id="oc-418">
         <name>.text:l_asr</name>
         <load_address>0xad28</load_address>
         <run_address>0xad28</run_address>
         <size>0x10</size>
         <input_file_ref idref="fl-2e"/>
      </object_component>
      <object_component id="oc-183">
         <name>.text</name>
         <load_address>0xad38</load_address>
         <run_address>0xad38</run_address>
         <size>0x10</size>
         <input_file_ref idref="fl-39"/>
      </object_component>
      <object_component id="oc-521">
         <name>.text:MRFI_Receive</name>
         <load_address>0xad48</load_address>
         <run_address>0xad48</run_address>
         <size>0xe</size>
         <input_file_ref idref="fl-3"/>
      </object_component>
      <object_component id="oc-4e1">
         <name>.text:OA0_Config</name>
         <load_address>0xad56</load_address>
         <run_address>0xad56</run_address>
         <size>0xe</size>
         <input_file_ref idref="fl-10"/>
      </object_component>
      <object_component id="oc-5e1">
         <name>.text:StatusBlink_led1</name>
         <load_address>0xad64</load_address>
         <run_address>0xad64</run_address>
         <size>0xe</size>
         <input_file_ref idref="fl-10"/>
      </object_component>
      <object_component id="oc-5e7">
         <name>.text:StatusBlink_led2</name>
         <load_address>0xad72</load_address>
         <run_address>0xad72</run_address>
         <size>0xe</size>
         <input_file_ref idref="fl-10"/>
      </object_component>
      <object_component id="oc-618">
         <name>.text:mrfiSpiWriteTxFifo</name>
         <load_address>0xad80</load_address>
         <run_address>0xad80</run_address>
         <size>0xe</size>
         <input_file_ref idref="fl-3"/>
      </object_component>
      <object_component id="oc-495">
         <name>.text:nwk_setAPAddress</name>
         <load_address>0xad8e</load_address>
         <run_address>0xad8e</run_address>
         <size>0xe</size>
         <input_file_ref idref="fl-f"/>
      </object_component>
      <object_component id="oc-60b">
         <name>.text:MRFI_PostKillSem</name>
         <load_address>0xad9c</load_address>
         <run_address>0xad9c</run_address>
         <size>0xc</size>
         <input_file_ref idref="fl-3"/>
      </object_component>
      <object_component id="oc-681">
         <name>.text:handlePingRequest</name>
         <load_address>0xada8</load_address>
         <run_address>0xada8</run_address>
         <size>0xc</size>
         <input_file_ref idref="fl-9"/>
      </object_component>
      <object_component id="oc-348">
         <name>.text:mrfiSpiReadRxFifo</name>
         <load_address>0xadb4</load_address>
         <run_address>0xadb4</run_address>
         <size>0xc</size>
         <input_file_ref idref="fl-3"/>
      </object_component>
      <object_component id="oc-3eb">
         <name>.text:BSP_InitButtons</name>
         <load_address>0xadc0</load_address>
         <run_address>0xadc0</run_address>
         <size>0xa</size>
         <input_file_ref idref="fl-2"/>
      </object_component>
      <object_component id="oc-288">
         <name>.text:BSP_InitDrivers</name>
         <load_address>0xadca</load_address>
         <run_address>0xadca</run_address>
         <size>0xa</size>
         <input_file_ref idref="fl-2"/>
      </object_component>
      <object_component id="oc-43d">
         <name>.text:nwk_freqInit</name>
         <load_address>0xadd4</load_address>
         <run_address>0xadd4</run_address>
         <size>0xa</size>
         <input_file_ref idref="fl-4"/>
      </object_component>
      <object_component id="oc-44f">
         <name>.text:nwk_mgmtInit</name>
         <load_address>0xadde</load_address>
         <run_address>0xadde</run_address>
         <size>0xa</size>
         <input_file_ref idref="fl-8"/>
      </object_component>
      <object_component id="oc-443">
         <name>.text:nwk_pingInit</name>
         <load_address>0xade8</load_address>
         <run_address>0xade8</run_address>
         <size>0xa</size>
         <input_file_ref idref="fl-9"/>
      </object_component>
      <object_component id="oc-116">
         <name>.text:ADC10_ISR</name>
         <load_address>0xadf2</load_address>
         <run_address>0xadf2</run_address>
         <size>0x8</size>
         <input_file_ref idref="fl-10"/>
      </object_component>
      <object_component id="oc-4ed">
         <name>.text:Stop_OA0</name>
         <load_address>0xadfa</load_address>
         <run_address>0xadfa</run_address>
         <size>0x8</size>
         <input_file_ref idref="fl-10"/>
      </object_component>
      <object_component id="oc-12d">
         <name>.text:TimerB_ISR</name>
         <load_address>0xae02</load_address>
         <run_address>0xae02</run_address>
         <size>0x8</size>
         <input_file_ref idref="fl-10"/>
      </object_component>
      <object_component id="oc-128">
         <name>.text:_isr:__TI_ISR_TRAP</name>
         <load_address>0xae0a</load_address>
         <run_address>0xae0a</run_address>
         <size>0x8</size>
         <input_file_ref idref="fl-46"/>
      </object_component>
      <object_component id="oc-3d1">
         <name>.text:nwk_getChannel</name>
         <load_address>0xae12</load_address>
         <run_address>0xae12</run_address>
         <size>0x8</size>
         <input_file_ref idref="fl-4"/>
      </object_component>
      <object_component id="oc-480">
         <name>.text:MRFI_GetRadioState</name>
         <load_address>0xae1a</load_address>
         <run_address>0xae1a</run_address>
         <size>0x6</size>
         <input_file_ref idref="fl-3"/>
      </object_component>
      <object_component id="oc-4e7">
         <name>.text:Start_OA0_Slow</name>
         <load_address>0xae20</load_address>
         <run_address>0xae20</run_address>
         <size>0x6</size>
         <input_file_ref idref="fl-10"/>
      </object_component>
      <object_component id="oc-162">
         <name>.text:abort</name>
         <load_address>0xae26</load_address>
         <run_address>0xae26</run_address>
         <size>0x6</size>
         <input_file_ref idref="fl-3a"/>
      </object_component>
      <object_component id="oc-38">
         <name>.text:decompress:rle24:__TI_decompress_rle24</name>
         <load_address>0xae2c</load_address>
         <run_address>0xae2c</run_address>
         <size>0x6</size>
         <input_file_ref idref="fl-32"/>
      </object_component>
      <object_component id="oc-38f">
         <name>.text:nwk_freeConnection</name>
         <load_address>0xae32</load_address>
         <run_address>0xae32</run_address>
         <size>0x6</size>
         <input_file_ref idref="fl-b"/>
      </object_component>
      <object_component id="oc-461">
         <name>.text:nwk_getBCastAddress</name>
         <load_address>0xae38</load_address>
         <run_address>0xae38</run_address>
         <size>0x6</size>
         <input_file_ref idref="fl-f"/>
      </object_component>
      <object_component id="oc-256">
         <name>.text:nwk_getFWVersion</name>
         <load_address>0xae3e</load_address>
         <run_address>0xae3e</run_address>
         <size>0x6</size>
         <input_file_ref idref="fl-f"/>
      </object_component>
      <object_component id="oc-4b2">
         <name>.text:nwk_getMyRxType</name>
         <load_address>0xae44</load_address>
         <run_address>0xae44</run_address>
         <size>0x6</size>
         <input_file_ref idref="fl-e"/>
      </object_component>
      <object_component id="oc-250">
         <name>.text:nwk_getProtocolVersion</name>
         <load_address>0xae4a</load_address>
         <run_address>0xae4a</run_address>
         <size>0x6</size>
         <input_file_ref idref="fl-f"/>
      </object_component>
      <object_component id="oc-13a">
         <name>.text:_system_pre_init</name>
         <load_address>0xae50</load_address>
         <run_address>0xae50</run_address>
         <size>0x4</size>
         <input_file_ref idref="fl-53"/>
      </object_component>
      <object_component id="oc-65b">
         <name>.text:nwk_processSecurity</name>
         <load_address>0xae54</load_address>
         <run_address>0xae54</run_address>
         <size>0x4</size>
         <input_file_ref idref="fl-a"/>
      </object_component>
      <object_component id="oc-6b1">
         <name>.text:send_ping_reply</name>
         <load_address>0xae58</load_address>
         <run_address>0xae58</run_address>
         <size>0x4</size>
         <input_file_ref idref="fl-4"/>
      </object_component>
      <object_component id="oc-1b6">
         <name>.text:_system_post_cinit</name>
         <load_address>0xae5c</load_address>
         <run_address>0xae5c</run_address>
         <size>0x2</size>
         <input_file_ref idref="fl-5a"/>
      </object_component>
      <object_component id="oc-45b">
         <name>.text:nwk_securityInit</name>
         <load_address>0xae5e</load_address>
         <run_address>0xae5e</run_address>
         <size>0x2</size>
         <input_file_ref idref="fl-a"/>
      </object_component>
      <object_component id="oc-70b">
         <name>.cinit..data.load</name>
         <load_address>0xaec2</load_address>
         <run_address>0xaec2</run_address>
         <size>0x20</size>
      </object_component>
      <object_component id="oc-70a">
         <name>.cinit..bss.load</name>
         <load_address>0xaee2</load_address>
         <run_address>0xaee2</run_address>
         <size>0xb</size>
      </object_component>
      <object_component id="oc-708">
         <name>__TI_handler_table</name>
         <load_address>0xaeee</load_address>
         <run_address>0xaeee</run_address>
         <size>0x4</size>
      </object_component>
      <object_component id="oc-709">
         <name>__TI_cinit_table</name>
         <load_address>0xaef2</load_address>
         <run_address>0xaef2</run_address>
         <size>0x8</size>
      </object_component>
      <object_component id="oc-406">
         <name>.const:mrfiRadioCfg</name>
         <load_address>0xae60</load_address>
         <run_address>0xae60</run_address>
         <size>0x3e</size>
         <input_file_ref idref="fl-3"/>
      </object_component>
      <object_component id="oc-602">
         <name>.const:func</name>
         <load_address>0xae9e</load_address>
         <run_address>0xae9e</run_address>
         <size>0xc</size>
         <input_file_ref idref="fl-e"/>
      </object_component>
      <object_component id="oc-383">
         <name>.const:sVersionInfo</name>
         <load_address>0xaeaa</load_address>
         <run_address>0xaeaa</run_address>
         <size>0x5</size>
         <input_file_ref idref="fl-f"/>
      </object_component>
      <object_component id="oc-627">
         <name>.const:$P$T0$1</name>
         <load_address>0xaeaf</load_address>
         <run_address>0xaeaf</run_address>
         <size>0x4</size>
         <input_file_ref idref="fl-f"/>
      </object_component>
      <object_component id="oc-478">
         <name>.const:.string:mrfiBroadcastAddr</name>
         <load_address>0xaeb4</load_address>
         <run_address>0xaeb4</run_address>
         <size>0x4</size>
         <input_file_ref idref="fl-3"/>
      </object_component>
      <object_component id="oc-588">
         <name>.const:.string:mrfiLogicalChanTable</name>
         <load_address>0xaeb8</load_address>
         <run_address>0xaeb8</run_address>
         <size>0x4</size>
         <input_file_ref idref="fl-3"/>
      </object_component>
      <object_component id="oc-474">
         <name>.const:sMyROMAddress</name>
         <load_address>0xaebc</load_address>
         <run_address>0xaebc</run_address>
         <size>0x4</size>
         <input_file_ref idref="fl-f"/>
      </object_component>
      <object_component id="oc-1ea">
         <name>.const:.string</name>
         <load_address>0xaec0</load_address>
         <run_address>0xaec0</run_address>
         <size>0x2</size>
         <input_file_ref idref="fl-10"/>
      </object_component>
      <object_component id="oc-6d2">
         <name>.binit</name>
         <load_address>0x8000</load_address>
         <run_address>0x8000</run_address>
         <size>0x0</size>
      </object_component>
      <object_component id="oc-3e">
         <name>.int02</name>
         <load_address>0xffe4</load_address>
         <run_address>0xffe4</run_address>
         <size>0x2</size>
         <input_file_ref idref="fl-10"/>
      </object_component>
      <object_component id="oc-3f">
         <name>.int03</name>
         <load_address>0xffe6</load_address>
         <run_address>0xffe6</run_address>
         <size>0x2</size>
         <input_file_ref idref="fl-3"/>
      </object_component>
      <object_component id="oc-40">
         <name>.int05</name>
         <load_address>0xffea</load_address>
         <run_address>0xffea</run_address>
         <size>0x2</size>
         <input_file_ref idref="fl-10"/>
      </object_component>
      <object_component id="oc-41">
         <name>.int06</name>
         <load_address>0xffec</load_address>
         <run_address>0xffec</run_address>
         <size>0x2</size>
         <input_file_ref idref="fl-10"/>
      </object_component>
      <object_component id="oc-42">
         <name>.int07</name>
         <load_address>0xffee</load_address>
         <run_address>0xffee</run_address>
         <size>0x2</size>
         <input_file_ref idref="fl-10"/>
      </object_component>
      <object_component id="oc-43">
         <name>.int08</name>
         <load_address>0xfff0</load_address>
         <run_address>0xfff0</run_address>
         <size>0x2</size>
         <input_file_ref idref="fl-41"/>
      </object_component>
      <object_component id="oc-44">
         <name>.int09</name>
         <load_address>0xfff2</load_address>
         <run_address>0xfff2</run_address>
         <size>0x2</size>
         <input_file_ref idref="fl-42"/>
      </object_component>
      <object_component id="oc-45">
         <name>.int10</name>
         <load_address>0xfff4</load_address>
         <run_address>0xfff4</run_address>
         <size>0x2</size>
         <input_file_ref idref="fl-43"/>
      </object_component>
      <object_component id="oc-46">
         <name>.int12</name>
         <load_address>0xfff8</load_address>
         <run_address>0xfff8</run_address>
         <size>0x2</size>
         <input_file_ref idref="fl-44"/>
      </object_component>
      <object_component id="oc-47">
         <name>.int13</name>
         <load_address>0xfffa</load_address>
         <run_address>0xfffa</run_address>
         <size>0x2</size>
         <input_file_ref idref="fl-10"/>
      </object_component>
      <object_component id="oc-48">
         <name>.int14</name>
         <load_address>0xfffc</load_address>
         <run_address>0xfffc</run_address>
         <size>0x2</size>
         <input_file_ref idref="fl-45"/>
      </object_component>
      <object_component id="oc-ef">
         <name>.reset</name>
         <load_address>0xfffe</load_address>
         <run_address>0xfffe</run_address>
         <size>0x2</size>
         <input_file_ref idref="fl-2f"/>
      </object_component>
      <object_component id="oc-1df">
         <name>.debug_info</name>
         <load_address>0x0</load_address>
         <run_address>0x0</run_address>
         <size>0x172</size>
         <input_file_ref idref="fl-2"/>
      </object_component>
      <object_component id="oc-283">
         <name>.debug_info</name>
         <load_address>0x172</load_address>
         <run_address>0x172</run_address>
         <size>0x1c4</size>
         <input_file_ref idref="fl-2"/>
      </object_component>
      <object_component id="oc-57f">
         <name>.debug_info</name>
         <load_address>0x336</load_address>
         <run_address>0x336</run_address>
         <size>0x1de</size>
         <input_file_ref idref="fl-2"/>
      </object_component>
      <object_component id="oc-289">
         <name>.debug_info</name>
         <load_address>0x514</load_address>
         <run_address>0x514</run_address>
         <size>0x1f5</size>
         <input_file_ref idref="fl-2"/>
      </object_component>
      <object_component id="oc-3e6">
         <name>.debug_info</name>
         <load_address>0x709</load_address>
         <run_address>0x709</run_address>
         <size>0x1bc</size>
         <input_file_ref idref="fl-2"/>
      </object_component>
      <object_component id="oc-3ec">
         <name>.debug_info</name>
         <load_address>0x8c5</load_address>
         <run_address>0x8c5</run_address>
         <size>0x1c8</size>
         <input_file_ref idref="fl-2"/>
      </object_component>
      <object_component id="oc-170">
         <name>.debug_info</name>
         <load_address>0xa8d</load_address>
         <run_address>0xa8d</run_address>
         <size>0x84</size>
         <input_file_ref idref="fl-2"/>
      </object_component>
      <object_component id="oc-20e">
         <name>.debug_info</name>
         <load_address>0xb11</load_address>
         <run_address>0xb11</run_address>
         <size>0x6d</size>
         <input_file_ref idref="fl-2"/>
      </object_component>
      <object_component id="oc-370">
         <name>.debug_info</name>
         <load_address>0xb7e</load_address>
         <run_address>0xb7e</run_address>
         <size>0x2c</size>
         <input_file_ref idref="fl-2"/>
      </object_component>
      <object_component id="oc-33e">
         <name>.debug_info</name>
         <load_address>0xbaa</load_address>
         <run_address>0xbaa</run_address>
         <size>0x485</size>
         <input_file_ref idref="fl-3"/>
      </object_component>
      <object_component id="oc-407">
         <name>.debug_info</name>
         <load_address>0x102f</load_address>
         <run_address>0x102f</run_address>
         <size>0xf9</size>
         <input_file_ref idref="fl-3"/>
      </object_component>
      <object_component id="oc-340">
         <name>.debug_info</name>
         <load_address>0x1128</load_address>
         <run_address>0x1128</run_address>
         <size>0x155</size>
         <input_file_ref idref="fl-3"/>
      </object_component>
      <object_component id="oc-34f">
         <name>.debug_info</name>
         <load_address>0x127d</load_address>
         <run_address>0x127d</run_address>
         <size>0x106</size>
         <input_file_ref idref="fl-3"/>
      </object_component>
      <object_component id="oc-410">
         <name>.debug_info</name>
         <load_address>0x1383</load_address>
         <run_address>0x1383</run_address>
         <size>0x18d</size>
         <input_file_ref idref="fl-3"/>
      </object_component>
      <object_component id="oc-479">
         <name>.debug_info</name>
         <load_address>0x1510</load_address>
         <run_address>0x1510</run_address>
         <size>0x104</size>
         <input_file_ref idref="fl-3"/>
      </object_component>
      <object_component id="oc-589">
         <name>.debug_info</name>
         <load_address>0x1614</load_address>
         <run_address>0x1614</run_address>
         <size>0x109</size>
         <input_file_ref idref="fl-3"/>
      </object_component>
      <object_component id="oc-47c">
         <name>.debug_info</name>
         <load_address>0x171d</load_address>
[...]
         <value>0x9f0a</value>
         <object_component_ref idref="oc-2e0"/>
      </symbol>
      <symbol id="sm-7c0">
         <name>display_mode</name>
         <value>0x9fe8</value>
         <object_component_ref idref="oc-191"/>
      </symbol>
      <symbol id="sm-7c1">
         <name>ADXL362_Present</name>
         <value>0xacaa</value>
         <object_component_ref idref="oc-2ec"/>
      </symbol>
      <symbol id="sm-7c2">
         <name>battery_full_flag</name>
         <value>0x368</value>
         <object_component_ref idref="oc-18b"/>
      </symbol>
      <symbol id="sm-7c3">
         <name>status</name>
         <value>0x366</value>
         <object_component_ref idref="oc-18b"/>
      </symbol>
      <symbol id="sm-7c4">
         <name>Stop_OA0</name>
         <value>0xadfa</value>
         <object_component_ref idref="oc-4ed"/>
      </symbol>
      <symbol id="sm-7c5">
         <name>Pressure</name>
         <value>0x376</value>
         <object_component_ref idref="oc-18b"/>
      </symbol>
      <symbol id="sm-7c6">
         <name>createRandomAddress</name>
         <value>0x9a50</value>
         <object_component_ref idref="oc-1d2"/>
      </symbol>
      <symbol id="sm-7c7">
         <name>USCIAB0RX_ISR</name>
         <value>0xa5c0</value>
         <object_component_ref idref="oc-122"/>
      </symbol>
      <symbol id="sm-7c8">
         <name>USCIAB0TX_ISR</name>
         <value>0x92a0</value>
         <object_component_ref idref="oc-11c"/>
      </symbol>
      <symbol id="sm-7c9">
         <name>I2C_Write_Register</name>
         <value>0xa656</value>
         <object_component_ref idref="oc-316"/>
      </symbol>
      <symbol id="sm-7ca">
         <name>I2C_Init</name>
         <value>0xa716</value>
         <object_component_ref idref="oc-2d4"/>
      </symbol>
      <symbol id="sm-7cb">
         <name>MEASURE</name>
         <value>0x370</value>
         <object_component_ref idref="oc-18b"/>
      </symbol>
      <symbol id="sm-7cc">
         <name>TimerB_ISR</name>
         <value>0xae02</value>
         <object_component_ref idref="oc-12d"/>
      </symbol>
      <symbol id="sm-7cd">
         <name>OA0_Config</name>
         <value>0xad56</value>
         <object_component_ref idref="oc-4e1"/>
      </symbol>
      <symbol id="sm-7ce">
         <name>Slave_Present</name>
         <value>0x373</value>
         <object_component_ref idref="oc-18b"/>
      </symbol>
      <symbol id="sm-7cf">
         <name>I2C_Write_Init</name>
         <value>0xac6e</value>
         <object_component_ref idref="oc-4c4"/>
      </symbol>
      <symbol id="sm-7d0">
         <name>SPI_Init</name>
         <value>0xa2cc</value>
         <object_component_ref idref="oc-2e6"/>
      </symbol>
      <symbol id="sm-7d1">
         <name>I2C_Read_Init</name>
         <value>0xac5a</value>
         <object_component_ref idref="oc-4ca"/>
      </symbol>
      <symbol id="sm-7d2">
         <name>Start_OA0_Slow</name>
         <value>0xae20</value>
         <object_component_ref idref="oc-4e7"/>
      </symbol>
      <symbol id="sm-7d3">
         <name>UCB0_MODE</name>
         <value>0x372</value>
         <object_component_ref idref="oc-18b"/>
      </symbol>
      <symbol id="sm-7e2">
         <name>TI_getRandomIntegerFromVLO</name>
         <value>0x920e</value>
         <object_component_ref idref="oc-24a"/>
      </symbol>
      <symbol id="sm-7e3">
         <name>TI_getRandomIntegerFromADC</name>
         <value>0x91e6</value>
         <object_component_ref idref="oc-24a"/>
      </symbol>
      <symbol id="sm-7f5">
         <name>__mspabi_sral</name>
         <value>0xad28</value>
         <object_component_ref idref="oc-418"/>
      </symbol>
      <symbol id="sm-7f6">
         <name>__mspabi_sral_15</name>
         <value>0xa250</value>
         <object_component_ref idref="oc-2c8"/>
      </symbol>
      <symbol id="sm-7f7">
         <name>__mspabi_sral_14</name>
         <value>0xa254</value>
         <object_component_ref idref="oc-2c8"/>
      </symbol>
      <symbol id="sm-7f8">
         <name>__mspabi_sral_13</name>
         <value>0xa258</value>
         <object_component_ref idref="oc-2c8"/>
      </symbol>
      <symbol id="sm-7f9">
         <name>__mspabi_sral_12</name>
         <value>0xa25c</value>
         <object_component_ref idref="oc-2c8"/>
      </symbol>
      <symbol id="sm-7fa">
         <name>__mspabi_sral_11</name>
         <value>0xa260</value>
         <object_component_ref idref="oc-2c8"/>
      </symbol>
      <symbol id="sm-7fb">
         <name>__mspabi_sral_10</name>
         <value>0xa264</value>
         <object_component_ref idref="oc-2c8"/>
      </symbol>
      <symbol id="sm-7fc">
         <name>__mspabi_sral_8</name>
         <value>0xa26c</value>
         <object_component_ref idref="oc-2c8"/>
      </symbol>
      <symbol id="sm-7fd">
         <name>__mspabi_sral_9</name>
         <value>0xa268</value>
         <object_component_ref idref="oc-2c8"/>
      </symbol>
      <symbol id="sm-7fe">
         <name>__mspabi_sral_6</name>
         <value>0xa274</value>
         <object_component_ref idref="oc-2c8"/>
      </symbol>
      <symbol id="sm-7ff">
         <name>__mspabi_sral_7</name>
         <value>0xa270</value>
         <object_component_ref idref="oc-2c8"/>
      </symbol>
      <symbol id="sm-800">
         <name>__mspabi_sral_4</name>
         <value>0xa27c</value>
         <object_component_ref idref="oc-2c8"/>
      </symbol>
      <symbol id="sm-801">
         <name>__mspabi_sral_5</name>
         <value>0xa278</value>
         <object_component_ref idref="oc-2c8"/>
      </symbol>
      <symbol id="sm-802">
         <name>__mspabi_sral_2</name>
         <value>0xa284</value>
         <object_component_ref idref="oc-2c8"/>
      </symbol>
      <symbol id="sm-803">
         <name>__mspabi_sral_3</name>
         <value>0xa280</value>
         <object_component_ref idref="oc-2c8"/>
      </symbol>
      <symbol id="sm-804">
         <name>__mspabi_sral_1</name>
         <value>0xa288</value>
         <object_component_ref idref="oc-2c8"/>
      </symbol>
      <symbol id="sm-80c">
         <name>_stack</name>
         <value>0x5b0</value>
         <object_component_ref idref="oc-ec"/>
      </symbol>
      <symbol id="sm-80d">
         <name>_reset_vector</name>
         <value>0xfffe</value>
         <object_component_ref idref="oc-ef"/>
      </symbol>
      <symbol id="sm-817">
         <name>_c_int00_noargs_noexit</name>
         <value>0xabb0</value>
         <object_component_ref idref="oc-67"/>
      </symbol>
      <symbol id="sm-82d">
         <name>__TI_decompress_none</name>
         <value>0xace0</value>
         <object_component_ref idref="oc-32"/>
      </symbol>
      <symbol id="sm-84f">
         <name>__TI_decompress_rle24</name>
         <value>0xae2c</value>
         <object_component_ref idref="oc-38"/>
      </symbol>
      <symbol id="sm-85e">
         <name>__mspabi_remi</name>
         <value>0xa852</value>
         <object_component_ref idref="oc-515"/>
      </symbol>
      <symbol id="sm-85f">
         <name>__mspabi_divi</name>
         <value>0xa852</value>
         <object_component_ref idref="oc-515"/>
      </symbol>
      <symbol id="sm-869">
         <name>__mspabi_remu</name>
         <value>0xac44</value>
         <object_component_ref idref="oc-5f9"/>
      </symbol>
      <symbol id="sm-86a">
         <name>__mspabi_divu</name>
         <value>0xac44</value>
         <object_component_ref idref="oc-5f9"/>
      </symbol>
      <symbol id="sm-878">
         <name>__mspabi_remul</name>
         <value>0x9d6a</value>
         <object_component_ref idref="oc-41d"/>
      </symbol>
      <symbol id="sm-879">
         <name>__mspabi_divul</name>
         <value>0x9d6a</value>
         <object_component_ref idref="oc-41d"/>
      </symbol>
      <symbol id="sm-882">
         <name>__mspabi_func_epilog_2</name>
         <value>0xad42</value>
         <object_component_ref idref="oc-183"/>
      </symbol>
      <symbol id="sm-883">
         <name>__mspabi_func_epilog_3</name>
         <value>0xad40</value>
         <object_component_ref idref="oc-183"/>
      </symbol>
      <symbol id="sm-884">
         <name>__mspabi_func_epilog_1</name>
         <value>0xad44</value>
         <object_component_ref idref="oc-183"/>
      </symbol>
      <symbol id="sm-885">
         <name>__mspabi_func_epilog_6</name>
         <value>0xad3a</value>
         <object_component_ref idref="oc-183"/>
      </symbol>
      <symbol id="sm-886">
         <name>__mspabi_func_epilog_7</name>
         <value>0xad38</value>
         <object_component_ref idref="oc-183"/>
      </symbol>
      <symbol id="sm-887">
         <name>__mspabi_func_epilog_4</name>
         <value>0xad3e</value>
         <object_component_ref idref="oc-183"/>
      </symbol>
      <symbol id="sm-888">
         <name>__mspabi_func_epilog_5</name>
         <value>0xad3c</value>
         <object_component_ref idref="oc-183"/>
      </symbol>
      <symbol id="sm-892">
         <name>C$$EXIT</name>
         <value>0xae26</value>
         <object_component_ref idref="oc-162"/>
      </symbol>
      <symbol id="sm-893">
         <name>abort</name>
         <value>0xae26</value>
         <object_component_ref idref="oc-162"/>
      </symbol>
      <symbol id="sm-89c">
         <name>__TI_int08</name>
         <value>0xfff0</value>
         <object_component_ref idref="oc-43"/>
      </symbol>
      <symbol id="sm-89f">
         <name>__TI_int09</name>
         <value>0xfff2</value>
         <object_component_ref idref="oc-44"/>
      </symbol>
      <symbol id="sm-8a2">
         <name>__TI_int10</name>
         <value>0xfff4</value>
         <object_component_ref idref="oc-45"/>
      </symbol>
      <symbol id="sm-8a5">
         <name>__TI_int12</name>
         <value>0xfff8</value>
         <object_component_ref idref="oc-46"/>
      </symbol>
      <symbol id="sm-8a8">
         <name>__TI_int14</name>
         <value>0xfffc</value>
         <object_component_ref idref="oc-48"/>
      </symbol>
      <symbol id="sm-8b0">
         <name>__TI_ISR_TRAP</name>
         <value>0xae0a</value>
         <object_component_ref idref="oc-128"/>
      </symbol>
      <symbol id="sm-8b9">
         <name>__mspabi_slll_9</name>
         <value>0xa2a6</value>
         <object_component_ref idref="oc-4da"/>
      </symbol>
      <symbol id="sm-8ba">
         <name>__mspabi_slll_8</name>
         <value>0xa2aa</value>
         <object_component_ref idref="oc-4da"/>
      </symbol>
      <symbol id="sm-8bb">
         <name>__mspabi_slll_7</name>
         <value>0xa2ae</value>
         <object_component_ref idref="oc-4da"/>
      </symbol>
      <symbol id="sm-8bc">
         <name>__mspabi_slll_6</name>
         <value>0xa2b2</value>
         <object_component_ref idref="oc-4da"/>
      </symbol>
      <symbol id="sm-8bd">
         <name>__mspabi_slll_5</name>
         <value>0xa2b6</value>
         <object_component_ref idref="oc-4da"/>
      </symbol>
      <symbol id="sm-8be">
         <name>__mspabi_slll_4</name>
         <value>0xa2ba</value>
         <object_component_ref idref="oc-4da"/>
      </symbol>
      <symbol id="sm-8bf">
         <name>__mspabi_slll_3</name>
         <value>0xa2be</value>
         <object_component_ref idref="oc-4da"/>
      </symbol>
      <symbol id="sm-8c0">
         <name>__mspabi_slll_2</name>
         <value>0xa2c2</value>
         <object_component_ref idref="oc-4da"/>
      </symbol>
      <symbol id="sm-8c1">
         <name>__mspabi_slll_1</name>
         <value>0xa2c6</value>
         <object_component_ref idref="oc-4da"/>
      </symbol>
      <symbol id="sm-8c2">
         <name>__mspabi_slll_15</name>
         <value>0xa28e</value>
         <object_component_ref idref="oc-4da"/>
      </symbol>
      <symbol id="sm-8c3">
         <name>__mspabi_slll_14</name>
         <value>0xa292</value>
         <object_component_ref idref="oc-4da"/>
      </symbol>
      <symbol id="sm-8c4">
         <name>__mspabi_slll_13</name>
         <value>0xa296</value>
         <object_component_ref idref="oc-4da"/>
      </symbol>
      <symbol id="sm-8c5">
         <name>__mspabi_slll_12</name>
         <value>0xa29a</value>
         <object_component_ref idref="oc-4da"/>
      </symbol>
      <symbol id="sm-8c6">
         <name>__mspabi_slll_11</name>
         <value>0xa29e</value>
         <object_component_ref idref="oc-4da"/>
      </symbol>
      <symbol id="sm-8c7">
         <name>__mspabi_slll_10</name>
         <value>0xa2a2</value>
         <object_component_ref idref="oc-4da"/>
      </symbol>
      <symbol id="sm-8cf">
         <name>__mspabi_srli_8</name>
         <value>0x9ee8</value>
         <object_component_ref idref="oc-422"/>
      </symbol>
      <symbol id="sm-8d0">
         <name>__mspabi_srli_9</name>
         <value>0x9ee4</value>
         <object_component_ref idref="oc-422"/>
      </symbol>
      <symbol id="sm-8d1">
         <name>__mspabi_srli_6</name>
         <value>0x9ef0</value>
         <object_component_ref idref="oc-422"/>
      </symbol>
      <symbol id="sm-8d2">
         <name>__mspabi_srli_7</name>
         <value>0x9eec</value>
         <object_component_ref idref="oc-422"/>
      </symbol>
      <symbol id="sm-8d3">
         <name>__mspabi_srli_4</name>
         <value>0x9ef8</value>
         <object_component_ref idref="oc-422"/>
      </symbol>
      <symbol id="sm-8d4">
         <name>__mspabi_srli_5</name>
         <value>0x9ef4</value>
         <object_component_ref idref="oc-422"/>
      </symbol>
      <symbol id="sm-8d5">
         <name>__mspabi_srli_2</name>
         <value>0x9f00</value>
         <object_component_ref idref="oc-422"/>
      </symbol>
      <symbol id="sm-8d6">
         <name>__mspabi_srli_3</name>
         <value>0x9efc</value>
         <object_component_ref idref="oc-422"/>
      </symbol>
      <symbol id="sm-8d7">
         <name>__mspabi_srli_1</name>
         <value>0x9f04</value>
         <object_component_ref idref="oc-422"/>
      </symbol>
      <symbol id="sm-8d8">
         <name>__mspabi_srli</name>
         <value>0x9ebe</value>
         <object_component_ref idref="oc-422"/>
      </symbol>
      <symbol id="sm-8d9">
         <name>__mspabi_srli_15</name>
         <value>0x9ecc</value>
         <object_component_ref idref="oc-422"/>
      </symbol>
      <symbol id="sm-8da">
         <name>__mspabi_srli_14</name>
         <value>0x9ed0</value>
         <object_component_ref idref="oc-422"/>
      </symbol>
      <symbol id="sm-8db">
         <name>__mspabi_srli_13</name>
         <value>0x9ed4</value>
         <object_component_ref idref="oc-422"/>
      </symbol>
      <symbol id="sm-8dc">
         <name>__mspabi_srli_12</name>
         <value>0x9ed8</value>
         <object_component_ref idref="oc-422"/>
      </symbol>
      <symbol id="sm-8dd">
         <name>__mspabi_srli_11</name>
         <value>0x9edc</value>
         <object_component_ref idref="oc-422"/>
      </symbol>
      <symbol id="sm-8de">
         <name>__mspabi_srli_10</name>
         <value>0x9ee0</value>
         <object_component_ref idref="oc-422"/>
      </symbol>
      <symbol id="sm-8e6">
         <name>__mspabi_srll_8</name>
         <value>0x9cde</value>
         <object_component_ref idref="oc-331"/>
      </symbol>
      <symbol id="sm-8e7">
         <name>__mspabi_srll_9</name>
         <value>0x9cd8</value>
         <object_component_ref idref="oc-331"/>
      </symbol>
      <symbol id="sm-8e8">
         <name>__mspabi_srll_6</name>
         <value>0x9cea</value>
         <object_component_ref idref="oc-331"/>
      </symbol>
      <symbol id="sm-8e9">
         <name>__mspabi_srll_7</name>
         <value>0x9ce4</value>
         <object_component_ref idref="oc-331"/>
      </symbol>
      <symbol id="sm-8ea">
         <name>__mspabi_srll_4</name>
         <value>0x9cf6</value>
         <object_component_ref idref="oc-331"/>
      </symbol>
      <symbol id="sm-8eb">
         <name>__mspabi_srll_5</name>
         <value>0x9cf0</value>
         <object_component_ref idref="oc-331"/>
      </symbol>
      <symbol id="sm-8ec">
         <name>__mspabi_srll_2</name>
         <value>0x9d02</value>
         <object_component_ref idref="oc-331"/>
      </symbol>
      <symbol id="sm-8ed">
         <name>__mspabi_srll_3</name>
         <value>0x9cfc</value>
         <object_component_ref idref="oc-331"/>
      </symbol>
      <symbol id="sm-8ee">
         <name>__mspabi_srll_1</name>
         <value>0x9d08</value>
         <object_component_ref idref="oc-331"/>
      </symbol>
      <symbol id="sm-8ef">
         <name>__mspabi_srll_15</name>
         <value>0x9cb4</value>
         <object_component_ref idref="oc-331"/>
      </symbol>
      <symbol id="sm-8f0">
         <name>__mspabi_srll_14</name>
         <value>0x9cba</value>
         <object_component_ref idref="oc-331"/>
      </symbol>
      <symbol id="sm-8f1">
         <name>__mspabi_srll_13</name>
         <value>0x9cc0</value>
         <object_component_ref idref="oc-331"/>
      </symbol>
      <symbol id="sm-8f2">
         <name>__mspabi_srll_12</name>
         <value>0x9cc6</value>
         <object_component_ref idref="oc-331"/>
      </symbol>
      <symbol id="sm-8f3">
         <name>__mspabi_srll_11</name>
         <value>0x9ccc</value>
         <object_component_ref idref="oc-331"/>
      </symbol>
      <symbol id="sm-8f4">
         <name>__mspabi_srll_10</name>
         <value>0x9cd2</value>
         <object_component_ref idref="oc-331"/>
      </symbol>
      <symbol id="sm-904">
         <name>memcmp</name>
         <value>0xaa64</value>
         <object_component_ref idref="oc-56f"/>
      </symbol>
      <symbol id="sm-912">
         <name>memcpy</name>
         <value>0xacf2</value>
         <object_component_ref idref="oc-f0"/>
      </symbol>
      <symbol id="sm-920">
         <name>memset</name>
         <value>0xac82</value>
         <object_component_ref idref="oc-351"/>
      </symbol>
      <symbol id="sm-92c">
         <name>__mspabi_mpyi_sw</name>
         <value>0xac96</value>
         <object_component_ref idref="oc-21b"/>
      </symbol>
      <symbol id="sm-92d">
         <name>__mspabi_mpyi</name>
         <value>0xac96</value>
         <object_component_ref idref="oc-21b"/>
      </symbol>
      <symbol id="sm-937">
         <name>__mspabi_mpyl_sw</name>
         <value>0xa9b6</value>
         <object_component_ref idref="oc-2c3"/>
      </symbol>
      <symbol id="sm-938">
         <name>__mspabi_mpyl</name>
         <value>0xa9b6</value>
         <object_component_ref idref="oc-2c3"/>
      </symbol>
      <symbol id="sm-941">
         <name>_system_pre_init</name>
         <value>0xae50</value>
         <object_component_ref idref="oc-13a"/>
      </symbol>
      <symbol id="sm-960">
         <name>_auto_init</name>
         <value>0x9974</value>
         <object_component_ref idref="oc-140"/>
      </symbol>
      <symbol id="sm-976">
         <name>copy_in</name>
         <value>0x9d10</value>
         <object_component_ref idref="oc-1b0"/>
      </symbol>
      <symbol id="sm-980">
         <name>_system_post_cinit</name>
         <value>0xae5c</value>
         <object_component_ref idref="oc-1b6"/>
      </symbol>
      <symbol id="sm-983">
         <name>__TI_BINIT_Base</name>
         <value>0x0</value>
      </symbol>
      <symbol id="sm-984">
         <name>__TI_BINIT_Limit</name>
         <value>0x0</value>
      </symbol>
      <symbol id="sm-985">
         <name>__TI_INITARRAY_Base</name>
         <value>0x0</value>
      </symbol>
      <symbol id="sm-986">
         <name>__TI_INITARRAY_Limit</name>
         <value>0x0</value>
      </symbol>
      <symbol id="sm-987">
         <name>SMPL_Link</name>
         <value>0x8a8e</value>
      </symbol>
   </symbol_table>
   <title>Link successful</title>
</link_info>
